Component: ARM Compiler 5.06 update 6 (build 750) Tool: armlink [4d35ed]

==============================================================================

Section Cross References

    main.o(.text) refers to _printf_pad.o(.text) for _printf_pre_padding
    main.o(.text) refers to _printf_percent.o(.ARM.Collect$$_printf_percent$$00000000) for _printf_percent
    main.o(.text) refers to _printf_d.o(.ARM.Collect$$_printf_percent$$00000009) for _printf_d
    main.o(.text) refers to _printf_dec.o(.text) for _printf_int_dec
    main.o(.text) refers to _printf_s.o(.ARM.Collect$$_printf_percent$$00000014) for _printf_s
    main.o(.text) refers to _printf_str.o(.text) for _printf_str
    main.o(.text) refers to _printf_x.o(.ARM.Collect$$_printf_percent$$0000000C) for _printf_x
    main.o(.text) refers to _printf_hex_int_ll_ptr.o(.text) for _printf_longlong_hex
    main.o(.text) refers to cjson.o(.text) for cJSON_CreateObject
    main.o(.text) refers to __2sprintf.o(.text) for __2sprintf
    main.o(.text) refers to dflt_clz.o(x$fpl$dfltu) for __aeabi_ui2d
    main.o(.text) refers to __2printf.o(.text) for __2printf
    main.o(.text) refers to packet.o(.text) for newPacketSend
    main.o(.text) refers to h1_free.o(.text) for free
    main.o(.text) refers to func.o(.text) for readIntOff
    main.o(.text) refers to strtok.o(.text) for strtok
    main.o(.text) refers to atoi.o(.text) for atoi
    main.o(.text) refers to usart.o(.text) for UART_Send3
    main.o(.text) refers to delay.o(.text) for delay_init
    main.o(.text) refers to misc.o(.text) for NVIC_PriorityGroupConfig
    main.o(.text) refers to timer.o(.text) for TIM3_Int_Init
    main.o(.text) refers to led.o(.text) for LED_Init
    main.o(.text) refers to round_queue.o(.text) for getBufferLen
    main.o(.text) refers to esp8266.o(.text) for esp8266_at_parse
    main.o(.text) refers to check_buffer.o(.text) for check_buffer
    main.o(.text) refers to packet.o(.bss) for packetRecv
    main.o(.text) refers to main.o(.data) for no_conn_time_out
    main.o(.text) refers to esp8266.o(.data) for ESP8266_STA
    main.o(.text) refers to main.o(.bss) for Wire24G_Data
    main.o(.text) refers to usart.o(.data) for USART_RX_STA
    main.o(.text) refers to esp8266.o(.bss) for at_buffer
    system_stm32f10x.o(.text) refers to system_stm32f10x.o(.data) for SystemCoreClock
    round_queue.o(.text) refers to rt_memcpy_v6.o(.text) for __aeabi_memcpy
    round_queue.o(.text) refers to round_queue.o(.bss) for rcv_buf
    packet.o(.text) refers to h1_free.o(.text) for free
    packet.o(.text) refers to h1_alloc.o(.text) for malloc
    packet.o(.text) refers to rt_memcpy_v6.o(.text) for __aeabi_memcpy
    packet.o(.text) refers to rand.o(.emb_text) for rand
    packet.o(.text) refers to strlen.o(.text) for strlen
    packet.o(.text) refers to usart.o(.text) for UART_Send
    packet.o(.text) refers to round_queue.o(.text) for getBufferLen
    packet.o(.text) refers to delay.o(.text) for delay_ms
    packet.o(.text) refers to packet.o(.bss) for packetSend
    packet.o(.text) refers to usart.o(.data) for USART_RX_STA
    cjson.o(.text) refers to _printf_percent.o(.ARM.Collect$$_printf_percent$$00000000) for _printf_percent
    cjson.o(.text) refers to _printf_i.o(.ARM.Collect$$_printf_percent$$00000008) for _printf_i
    cjson.o(.text) refers to _printf_dec.o(.text) for _printf_int_dec
    cjson.o(.text) refers to _printf_pad.o(.text) for _printf_pre_padding
    cjson.o(.text) refers to _printf_g.o(.ARM.Collect$$_printf_percent$$00000005) for _printf_g
    cjson.o(.text) refers to printf1.o(x$fpl$printf1) for _printf_fp_dec
    cjson.o(.text) refers to scanf1.o(x$fpl$scanf1) for _scanf_real
    cjson.o(.text) refers to _printf_x.o(.ARM.Collect$$_printf_percent$$0000000C) for _printf_x
    cjson.o(.text) refers to _printf_hex_int_ll_ptr.o(.text) for _printf_longlong_hex
    cjson.o(.text) refers to __2sprintf.o(.text) for __2sprintf
    cjson.o(.text) refers to tolower.o(.text) for tolower
    cjson.o(.text) refers to strlen.o(.text) for strlen
    cjson.o(.text) refers to rt_memcpy_v6.o(.text) for __aeabi_memcpy
    cjson.o(.text) refers to rt_memclr_w.o(.text) for __aeabi_memclr4
    cjson.o(.text) refers to strtod.o(i.strtod) for strtod
    cjson.o(.text) refers to drleqf.o(x$fpl$drleqf) for __aeabi_cdrcmple
    cjson.o(.text) refers to dleqf.o(x$fpl$dleqf) for __aeabi_cdcmple
    cjson.o(.text) refers to dfix.o(x$fpl$dfix) for __aeabi_d2iz
    cjson.o(.text) refers to strcpy.o(.text) for strcpy
    cjson.o(.text) refers to cjson.o(.data) for global_error
    cjson.o(.text) refers to cjson.o(.bss) for version
    cjson.o(.text) refers to h1_alloc.o(.text) for malloc
    cjson.o(.text) refers to h1_free.o(.text) for free
    cjson.o(.text) refers to h1_realloc.o(.text) for realloc
    cjson.o(.text) refers to dmul.o(x$fpl$dmul) for __aeabi_dmul
    cjson.o(.text) refers to daddsub_clz.o(x$fpl$dsub) for __aeabi_dsub
    cjson.o(.text) refers to __0sscanf.o(.text) for __0sscanf
[...]
    cJSON_ReplaceItemViaPointer              0x080029cd   Thumb Code    96  cjson.o(.text)
    cJSON_ReplaceItemInArray                 0x08002a2d   Thumb Code    42  cjson.o(.text)
    cJSON_ReplaceItemInObject                0x08002ab9   Thumb Code    22  cjson.o(.text)
    cJSON_ReplaceItemInObjectCaseSensitive   0x08002acf   Thumb Code    22  cjson.o(.text)
    cJSON_CreateStringReference              0x08002ae5   Thumb Code    32  cjson.o(.text)
    cJSON_CreateObjectReference              0x08002b05   Thumb Code    32  cjson.o(.text)
    cJSON_CreateArrayReference               0x08002b25   Thumb Code    32  cjson.o(.text)
    cJSON_CreateIntArray                     0x08002b45   Thumb Code   104  cjson.o(.text)
    cJSON_CreateFloatArray                   0x08002bad   Thumb Code   104  cjson.o(.text)
    cJSON_CreateDoubleArray                  0x08002c15   Thumb Code   100  cjson.o(.text)
    cJSON_CreateStringArray                  0x08002c79   Thumb Code    94  cjson.o(.text)
    cJSON_Duplicate                          0x08002cd7   Thumb Code   188  cjson.o(.text)
    cJSON_Minify                             0x08002e63   Thumb Code   160  cjson.o(.text)
    cJSON_IsInvalid                          0x08002f03   Thumb Code    20  cjson.o(.text)
    cJSON_IsFalse                            0x08002f17   Thumb Code    20  cjson.o(.text)
    cJSON_IsTrue                             0x08002f2b   Thumb Code    22  cjson.o(.text)
    cJSON_IsBool                             0x08002f41   Thumb Code    24  cjson.o(.text)
    cJSON_IsNull                             0x08002f59   Thumb Code    22  cjson.o(.text)
    cJSON_IsArray                            0x08002f6f   Thumb Code    22  cjson.o(.text)
    cJSON_IsObject                           0x08002f85   Thumb Code    22  cjson.o(.text)
    cJSON_IsRaw                              0x08002f9b   Thumb Code    22  cjson.o(.text)
    cJSON_Compare                            0x08002fb1   Thumb Code   392  cjson.o(.text)
    cJSON_malloc                             0x08003139   Thumb Code    14  cjson.o(.text)
    readShortOff                             0x0800314d   Thumb Code    18  func.o(.text)
    readIntOff                               0x0800315f   Thumb Code    32  func.o(.text)
    del_char                                 0x0800317f   Thumb Code    40  func.o(.text)
    esp8266_tcp_send                         0x080031a9   Thumb Code    26  esp8266.o(.text)
    get_AT_Command_2_AtBuffer                0x080031c3   Thumb Code    52  esp8266.o(.text)
    esp8266_send_at_command                  0x080031f7   Thumb Code    48  esp8266.o(.text)
    get8266mac                               0x08003227   Thumb Code   102  esp8266.o(.text)
    esp8266_at_parse                         0x0800328d   Thumb Code   222  esp8266.o(.text)
    LED_Init                                 0x0800347d   Thumb Code    58  led.o(.text)
    bufferPop                                0x080034bd   Thumb Code    60  check_buffer.o(.text)
    bufferPush                               0x080034f9   Thumb Code    70  check_buffer.o(.text)
    check_buffer                             0x0800353f   Thumb Code   606  check_buffer.o(.text)
    TIM3_Int_Init                            0x080037b9   Thumb Code    90  timer.o(.text)
    TIM3_IRQHandler                          0x08003813   Thumb Code    94  timer.o(.text)
    delay_init                               0x08003889   Thumb Code    50  delay.o(.text)
    delay_us                                 0x080038bb   Thumb Code    72  delay.o(.text)
    delay_ms                                 0x08003903   Thumb Code    72  delay.o(.text)
    _sys_exit                                0x0800395d   Thumb Code     6  usart.o(.text)
    _ttywrch                                 0x08003963   Thumb Code     6  usart.o(.text)
    fputc                                    0x08003969   Thumb Code    24  usart.o(.text)
    uart_init                                0x08003981   Thumb Code   152  usart.o(.text)
    uart2_init                               0x08003a19   Thumb Code   154  usart.o(.text)
    uart3_init                               0x08003ab3   Thumb Code   160  usart.o(.text)
    USART3_IRQHandler                        0x08003b53   Thumb Code    38  usart.o(.text)
    UART_Putc                                0x08003b79   Thumb Code    16  usart.o(.text)
    UART_Send_Enter                          0x08003b89   Thumb Code    22  usart.o(.text)
    UART_Send                                0x08003b9f   Thumb Code    30  usart.o(.text)
    UART_Putc3                               0x08003bbd   Thumb Code    30  usart.o(.text)
    UART_Send3                               0x08003bdb   Thumb Code    34  usart.o(.text)
    UART_send_str                            0x08003bfd   Thumb Code    50  usart.o(.text)
    USART1_IRQHandler                        0x08003c2f   Thumb Code     2  usart.o(.text)
    USART2_IRQHandler                        0x08003c31   Thumb Code   150  usart.o(.text)
    Reset_Handler                            0x08003ced   Thumb Code     8  startup_stm32f10x_hd.o(.text)
    ADC1_2_IRQHandler                        0x08003d07   Thumb Code     0  startup_stm32f10x_hd.o(.text)
    ADC3_IRQHandler                          0x08003d07   Thumb Code     0  startup_stm32f10x_hd.o(.text)
    CAN1_RX1_IRQHandler                      0x08003d07   Thumb Code     0  startup_stm32f10x_hd.o(.text)
    CAN1_SCE_IRQHandler                      0x08003d07   Thumb Code     0  startup_stm32f10x_hd.o(.text)
    DMA1_Channel1_IRQHandler                 0x08003d07   Thumb Code     0  startup_stm32f10x_hd.o(.text)
    DMA1_Channel2_IRQHandler                 0x08003d07   Thumb Code     0  startup_stm32f10x_hd.o(.text)
    DMA1_Channel3_IRQHandler                 0x08003d07   Thumb Code     0  startup_stm32f10x_hd.o(.text)
    DMA1_Channel4_IRQHandler                 0x08003d07   Thumb Code     0  startup_stm32f10x_hd.o(.text)
    DMA1_Channel5_IRQHandler                 0x08003d07   Thumb Code     0  startup_stm32f10x_hd.o(.text)
    DMA1_Channel6_IRQHandler                 0x08003d07   Thumb Code     0  startup_stm32f10x_hd.o(.text)
    DMA1_Channel7_IRQHandler                 0x08003d07   Thumb Code     0  startup_stm32f10x_hd.o(.text)
    DMA2_Channel1_IRQHandler                 0x08003d07   Thumb Code     0  startup_stm32f10x_hd.o(.text)
    DMA2_Channel2_IRQHandler                 0x08003d07   Thumb Code     0  startup_stm32f10x_hd.o(.text)
    DMA2_Channel3_IRQHandler                 0x08003d07   Thumb Code     0  startup_stm32f10x_hd.o(.text)
    DMA2_Channel4_5_IRQHandler               0x08003d07   Thumb Code     0  startup_stm32f10x_hd.o(.text)
    EXTI0_IRQHandler                         0x08003d07   Thumb Code     0  startup_stm32f10x_hd.o(.text)
    EXTI15_10_IRQHandler                     0x08003d07   Thumb Code     0  startup_stm32f10x_hd.o(.text)
    EXTI1_IRQHandler                         0x08003d07   Thumb Code     0  startup_stm32f10x_hd.o(.text)
    EXTI2_IRQHandler                         0x08003d07   Thumb Code     0  startup_stm32f10x_hd.o(.text)
    EXTI3_IRQHandler                         0x08003d07   Thumb Code     0  startup_stm32f10x_hd.o(.text)
    EXTI4_IRQHandler                         0x08003d07   Thumb Code     0  startup_stm32f10x_hd.o(.text)
    EXTI9_5_IRQHandler                       0x08003d07   Thumb Code     0  startup_stm32f10x_hd.o(.text)
    FLASH_IRQHandler                         0x08003d07   Thumb Code     0  startup_stm32f10x_hd.o(.text)
    FSMC_IRQHandler                          0x08003d07   Thumb Code     0  startup_stm32f10x_hd.o(.text)
    I2C1_ER_IRQHandler                       0x08003d07   Thumb Code     0  startup_stm32f10x_hd.o(.text)
    I2C1_EV_IRQHandler                       0x08003d07   Thumb Code     0  startup_stm32f10x_hd.o(.text)
    I2C2_ER_IRQHandler                       0x08003d07   Thumb Code     0  startup_stm32f10x_hd.o(.text)
    I2C2_EV_IRQHandler                       0x08003d07   Thumb Code     0  startup_stm32f10x_hd.o(.text)
    PVD_IRQHandler                           0x08003d07   Thumb Code     0  startup_stm32f10x_hd.o(.text)
    RCC_IRQHandler                           0x08003d07   Thumb Code     0  startup_stm32f10x_hd.o(.text)
    RTCAlarm_IRQHandler                      0x08003d07   Thumb Code     0  startup_stm32f10x_hd.o(.text)
    RTC_IRQHandler                           0x08003d07   Thumb Code     0  startup_stm32f10x_hd.o(.text)
    SDIO_IRQHandler                          0x08003d07   Thumb Code     0  startup_stm32f10x_hd.o(.text)
    SPI1_IRQHandler                          0x08003d07   Thumb Code     0  startup_stm32f10x_hd.o(.text)
    SPI2_IRQHandler                          0x08003d07   Thumb Code     0  startup_stm32f10x_hd.o(.text)
    SPI3_IRQHandler                          0x08003d07   Thumb Code     0  startup_stm32f10x_hd.o(.text)
    TAMPER_IRQHandler                        0x08003d07   Thumb Code     0  startup_stm32f10x_hd.o(.text)
    TIM1_BRK_IRQHandler                      0x08003d07   Thumb Code     0  startup_stm32f10x_hd.o(.text)
    TIM1_CC_IRQHandler                       0x08003d07   Thumb Code     0  startup_stm32f10x_hd.o(.text)
    TIM1_TRG_COM_IRQHandler                  0x08003d07   Thumb Code     0  startup_stm32f10x_hd.o(.text)
    TIM1_UP_IRQHandler                       0x08003d07   Thumb Code     0  startup_stm32f10x_hd.o(.text)
    TIM2_IRQHandler                          0x08003d07   Thumb Code     0  startup_stm32f10x_hd.o(.text)
    TIM4_IRQHandler                          0x08003d07   Thumb Code     0  startup_stm32f10x_hd.o(.text)
    TIM5_IRQHandler                          0x08003d07   Thumb Code     0  startup_stm32f10x_hd.o(.text)
    TIM6_IRQHandler                          0x08003d07   Thumb Code     0  startup_stm32f10x_hd.o(.text)
    TIM7_IRQHandler                          0x08003d07   Thumb Code     0  startup_stm32f10x_hd.o(.text)
    TIM8_BRK_IRQHandler                      0x08003d07   Thumb Code     0  startup_stm32f10x_hd.o(.text)
    TIM8_CC_IRQHandler                       0x08003d07   Thumb Code     0  startup_stm32f10x_hd.o(.text)
    TIM8_TRG_COM_IRQHandler                  0x08003d07   Thumb Code     0  startup_stm32f10x_hd.o(.text)
    TIM8_UP_IRQHandler                       0x08003d07   Thumb Code     0  startup_stm32f10x_hd.o(.text)
    UART4_IRQHandler                         0x08003d07   Thumb Code     0  startup_stm32f10x_hd.o(.text)
    UART5_IRQHandler                         0x08003d07   Thumb Code     0  startup_stm32f10x_hd.o(.text)
    USBWakeUp_IRQHandler                     0x08003d07   Thumb Code     0  startup_stm32f10x_hd.o(.text)
    USB_HP_CAN1_TX_IRQHandler                0x08003d07   Thumb Code     0  startup_stm32f10x_hd.o(.text)
    USB_LP_CAN1_RX0_IRQHandler               0x08003d07   Thumb Code     0  startup_stm32f10x_hd.o(.text)
    WWDG_IRQHandler                          0x08003d07   Thumb Code     0  startup_stm32f10x_hd.o(.text)
    __user_initial_stackheap                 0x08003d09   Thumb Code     0  startup_stm32f10x_hd.o(.text)
    GPIO_DeInit                              0x08003d2d   Thumb Code   172  stm32f10x_gpio.o(.text)
    GPIO_AFIODeInit                          0x08003dd9   Thumb Code    20  stm32f10x_gpio.o(.text)
    GPIO_Init                                0x08003ded   Thumb Code   278  stm32f10x_gpio.o(.text)
    GPIO_StructInit                          0x08003f03   Thumb Code    16  stm32f10x_gpio.o(.text)
    GPIO_ReadInputDataBit                    0x08003f13   Thumb Code    18  stm32f10x_gpio.o(.text)
    GPIO_ReadInputData                       0x08003f25   Thumb Code     8  stm32f10x_gpio.o(.text)
    GPIO_ReadOutputDataBit                   0x08003f2d   Thumb Code    18  stm32f10x_gpio.o(.text)
    GPIO_ReadOutputData                      0x08003f3f   Thumb Code     8  stm32f10x_gpio.o(.text)
    GPIO_SetBits                             0x08003f47   Thumb Code     4  stm32f10x_gpio.o(.text)
    GPIO_ResetBits                           0x08003f4b   Thumb Code     4  stm32f10x_gpio.o(.text)
    GPIO_WriteBit                            0x08003f4f   Thumb Code    10  stm32f10x_gpio.o(.text)
    GPIO_Write                               0x08003f59   Thumb Code     4  stm32f10x_gpio.o(.text)
    GPIO_PinLockConfig                       0x08003f5d   Thumb Code    18  stm32f10x_gpio.o(.text)
    GPIO_EventOutputConfig                   0x08003f6f   Thumb Code    26  stm32f10x_gpio.o(.text)
    GPIO_EventOutputCmd                      0x08003f89   Thumb Code     6  stm32f10x_gpio.o(.text)
    GPIO_PinRemapConfig                      0x08003f8f   Thumb Code   138  stm32f10x_gpio.o(.text)
    GPIO_EXTILineConfig                      0x08004019   Thumb Code    66  stm32f10x_gpio.o(.text)
    GPIO_ETH_MediaInterfaceConfig            0x0800405b   Thumb Code     8  stm32f10x_gpio.o(.text)
    RCC_DeInit                               0x08004089   Thumb Code    64  stm32f10x_rcc.o(.text)
    RCC_HSEConfig                            0x080040c9   Thumb Code    70  stm32f10x_rcc.o(.text)
    RCC_GetFlagStatus                        0x0800410f   Thumb Code    56  stm32f10x_rcc.o(.text)
    RCC_WaitForHSEStartUp                    0x08004147   Thumb Code    56  stm32f10x_rcc.o(.text)
    RCC_AdjustHSICalibrationValue            0x0800417f   Thumb Code    20  stm32f10x_rcc.o(.text)
    RCC_HSICmd                               0x08004193   Thumb Code     6  stm32f10x_rcc.o(.text)
    RCC_PLLConfig                            0x08004199   Thumb Code    24  stm32f10x_rcc.o(.text)
    RCC_PLLCmd                               0x080041b1   Thumb Code     6  stm32f10x_rcc.o(.text)
    RCC_SYSCLKConfig                         0x080041b7   Thumb Code    18  stm32f10x_rcc.o(.text)
    RCC_GetSYSCLKSource                      0x080041c9   Thumb Code    10  stm32f10x_rcc.o(.text)
    RCC_HCLKConfig                           0x080041d3   Thumb Code    18  stm32f10x_rcc.o(.text)
    RCC_PCLK1Config                          0x080041e5   Thumb Code    18  stm32f10x_rcc.o(.text)
    RCC_PCLK2Config                          0x080041f7   Thumb Code    20  stm32f10x_rcc.o(.text)
    RCC_ITConfig                             0x0800420b   Thumb Code    26  stm32f10x_rcc.o(.text)
    RCC_USBCLKConfig                         0x08004225   Thumb Code     8  stm32f10x_rcc.o(.text)
    RCC_ADCCLKConfig                         0x0800422d   Thumb Code    18  stm32f10x_rcc.o(.text)
    RCC_LSEConfig                            0x0800423f   Thumb Code    50  stm32f10x_rcc.o(.text)
    RCC_LSICmd                               0x08004271   Thumb Code     6  stm32f10x_rcc.o(.text)
    RCC_RTCCLKConfig                         0x08004277   Thumb Code    12  stm32f10x_rcc.o(.text)
    RCC_RTCCLKCmd                            0x08004283   Thumb Code     8  stm32f10x_rcc.o(.text)
    RCC_GetClocksFreq                        0x0800428b   Thumb Code   192  stm32f10x_rcc.o(.text)
    RCC_AHBPeriphClockCmd                    0x0800434b   Thumb Code    26  stm32f10x_rcc.o(.text)
    RCC_APB2PeriphClockCmd                   0x08004365   Thumb Code    26  stm32f10x_rcc.o(.text)
    RCC_APB1PeriphClockCmd                   0x0800437f   Thumb Code    26  stm32f10x_rcc.o(.text)
    RCC_APB2PeriphResetCmd                   0x08004399   Thumb Code    26  stm32f10x_rcc.o(.text)
    RCC_APB1PeriphResetCmd                   0x080043b3   Thumb Code    26  stm32f10x_rcc.o(.text)
    RCC_BackupResetCmd                       0x080043cd   Thumb Code     8  stm32f10x_rcc.o(.text)
    RCC_ClockSecuritySystemCmd               0x080043d5   Thumb Code     6  stm32f10x_rcc.o(.text)
    RCC_MCOConfig                            0x080043db   Thumb Code     6  stm32f10x_rcc.o(.text)
    RCC_ClearFlag                            0x080043e1   Thumb Code    14  stm32f10x_rcc.o(.text)
    RCC_GetITStatus                          0x080043ef   Thumb Code    20  stm32f10x_rcc.o(.text)
    RCC_ClearITPendingBit                    0x08004403   Thumb Code     6  stm32f10x_rcc.o(.text)
    USART_DeInit                             0x0800442d   Thumb Code   134  stm32f10x_usart.o(.text)
    USART_Init                               0x080044b3   Thumb Code   210  stm32f10x_usart.o(.text)
    USART_StructInit                         0x08004585   Thumb Code    24  stm32f10x_usart.o(.text)
    USART_ClockInit                          0x0800459d   Thumb Code    34  stm32f10x_usart.o(.text)
    USART_ClockStructInit                    0x080045bf   Thumb Code    12  stm32f10x_usart.o(.text)
    USART_Cmd                                0x080045cb   Thumb Code    24  stm32f10x_usart.o(.text)
    USART_ITConfig                           0x080045e3   Thumb Code    74  stm32f10x_usart.o(.text)
    USART_DMACmd                             0x0800462d   Thumb Code    18  stm32f10x_usart.o(.text)
    USART_SetAddress                         0x0800463f   Thumb Code    18  stm32f10x_usart.o(.text)
    USART_WakeUpConfig                       0x08004651   Thumb Code    18  stm32f10x_usart.o(.text)
    USART_ReceiverWakeUpCmd                  0x08004663   Thumb Code    24  stm32f10x_usart.o(.text)
    USART_LINBreakDetectLengthConfig         0x0800467b   Thumb Code    18  stm32f10x_usart.o(.text)
    USART_LINCmd                             0x0800468d   Thumb Code    24  stm32f10x_usart.o(.text)
    USART_SendData                           0x080046a5   Thumb Code     8  stm32f10x_usart.o(.text)
    USART_ReceiveData                        0x080046ad   Thumb Code    10  stm32f10x_usart.o(.text)
    USART_SendBreak                          0x080046b7   Thumb Code    10  stm32f10x_usart.o(.text)
    USART_SetGuardTime                       0x080046c1   Thumb Code    16  stm32f10x_usart.o(.text)
    USART_SetPrescaler                       0x080046d1   Thumb Code    16  stm32f10x_usart.o(.text)
    USART_SmartCardCmd                       0x080046e1   Thumb Code    24  stm32f10x_usart.o(.text)
    USART_SmartCardNACKCmd                   0x080046f9   Thumb Code    24  stm32f10x_usart.o(.text)
    USART_HalfDuplexCmd                      0x08004711   Thumb Code    24  stm32f10x_usart.o(.text)
    USART_OverSampling8Cmd                   0x08004729   Thumb Code    22  stm32f10x_usart.o(.text)
    USART_OneBitMethodCmd                    0x0800473f   Thumb Code    24  stm32f10x_usart.o(.text)
    USART_IrDAConfig                         0x08004757   Thumb Code    18  stm32f10x_usart.o(.text)
    USART_IrDACmd                            0x08004769   Thumb Code    24  stm32f10x_usart.o(.text)
    USART_GetFlagStatus                      0x08004781   Thumb Code    26  stm32f10x_usart.o(.text)
    USART_ClearFlag                          0x0800479b   Thumb Code    18  stm32f10x_usart.o(.text)
    USART_GetITStatus                        0x080047ad   Thumb Code    84  stm32f10x_usart.o(.text)
    USART_ClearITPendingBit                  0x08004801   Thumb Code    52  stm32f10x_usart.o(.text)
    NVIC_PriorityGroupConfig                 0x08004835   Thumb Code    10  misc.o(.text)
    NVIC_Init                                0x0800483f   Thumb Code   100  misc.o(.text)
    NVIC_SetVectorTable                      0x080048a3   Thumb Code    14  misc.o(.text)
    NVIC_SystemLPConfig                      0x080048b1   Thumb Code    34  misc.o(.text)
    SysTick_CLKSourceConfig                  0x080048d3   Thumb Code    40  misc.o(.text)
    TIM_DeInit                               0x08004911   Thumb Code   424  stm32f10x_tim.o(.text)
    TIM_TimeBaseInit                         0x08004ab9   Thumb Code   122  stm32f10x_tim.o(.text)
    TIM_OC1Init                              0x08004b33   Thumb Code   132  stm32f10x_tim.o(.text)
    TIM_OC2Init                              0x08004bb7   Thumb Code   154  stm32f10x_tim.o(.text)
    TIM_OC3Init                              0x08004c51   Thumb Code   150  stm32f10x_tim.o(.text)
    TIM_OC4Init                              0x08004ce7   Thumb Code   182  stm32f10x_tim.o(.text)
    TIM_SetIC4Prescaler                      0x08004d9d   Thumb Code    26  stm32f10x_tim.o(.text)
    TIM_SetIC3Prescaler                      0x08004e39   Thumb Code    18  stm32f10x_tim.o(.text)
    TIM_SetIC2Prescaler                      0x08004ec5   Thumb Code    26  stm32f10x_tim.o(.text)
    TIM_SetIC1Prescaler                      0x08004f61   Thumb Code    18  stm32f10x_tim.o(.text)
    TIM_ICInit                               0x08004fdf   Thumb Code   150  stm32f10x_tim.o(.text)
    TIM_PWMIConfig                           0x08005075   Thumb Code   124  stm32f10x_tim.o(.text)
    TIM_BDTRConfig                           0x080050f1   Thumb Code    32  stm32f10x_tim.o(.text)
    TIM_TimeBaseStructInit                   0x08005111   Thumb Code    18  stm32f10x_tim.o(.text)
    TIM_OCStructInit                         0x08005123   Thumb Code    20  stm32f10x_tim.o(.text)
    TIM_ICStructInit                         0x08005137   Thumb Code    18  stm32f10x_tim.o(.text)
    TIM_BDTRStructInit                       0x08005149   Thumb Code    40  stm32f10x_tim.o(.text)
    TIM_Cmd                                  0x08005171   Thumb Code    24  stm32f10x_tim.o(.text)
    TIM_CtrlPWMOutputs                       0x08005189   Thumb Code    30  stm32f10x_tim.o(.text)
    TIM_ITConfig                             0x080051a7   Thumb Code    18  stm32f10x_tim.o(.text)
    TIM_GenerateEvent                        0x080051b9   Thumb Code     4  stm32f10x_tim.o(.text)
    TIM_DMAConfig                            0x080051bd   Thumb Code    10  stm32f10x_tim.o(.text)
    TIM_DMACmd                               0x080051c7   Thumb Code    18  stm32f10x_tim.o(.text)
    TIM_InternalClockConfig                  0x080051d9   Thumb Code    12  stm32f10x_tim.o(.text)
    TIM_SelectInputTrigger                   0x080051e5   Thumb Code    18  stm32f10x_tim.o(.text)
    TIM_ITRxExternalClockConfig              0x080051f7   Thumb Code    24  stm32f10x_tim.o(.text)
    TIM_TIxExternalClockConfig               0x0800520f   Thumb Code    62  stm32f10x_tim.o(.text)
    TIM_ETRConfig                            0x0800524d   Thumb Code    28  stm32f10x_tim.o(.text)
    TIM_ETRClockMode1Config                  0x08005269   Thumb Code    54  stm32f10x_tim.o(.text)
    TIM_ETRClockMode2Config                  0x0800529f   Thumb Code    32  stm32f10x_tim.o(.text)
    TIM_PrescalerConfig                      0x080052bf   Thumb Code     6  stm32f10x_tim.o(.text)
    TIM_CounterModeConfig                    0x080052c5   Thumb Code    18  stm32f10x_tim.o(.text)
    TIM_EncoderInterfaceConfig               0x080052d7   Thumb Code    66  stm32f10x_tim.o(.text)
    TIM_ForcedOC1Config                      0x08005319   Thumb Code    18  stm32f10x_tim.o(.text)
    TIM_ForcedOC2Config                      0x0800532b   Thumb Code    26  stm32f10x_tim.o(.text)
    TIM_ForcedOC3Config                      0x08005345   Thumb Code    18  stm32f10x_tim.o(.text)
    TIM_ForcedOC4Config                      0x08005357   Thumb Code    26  stm32f10x_tim.o(.text)
    TIM_ARRPreloadConfig                     0x08005371   Thumb Code    24  stm32f10x_tim.o(.text)
    TIM_SelectCOM                            0x08005389   Thumb Code    24  stm32f10x_tim.o(.text)
    TIM_SelectCCDMA                          0x080053a1   Thumb Code    24  stm32f10x_tim.o(.text)
    TIM_CCPreloadControl                     0x080053b9   Thumb Code    24  stm32f10x_tim.o(.text)
    TIM_OC1PreloadConfig                     0x080053d1   Thumb Code    18  stm32f10x_tim.o(.text)
    TIM_OC2PreloadConfig                     0x080053e3   Thumb Code    26  stm32f10x_tim.o(.text)
    TIM_OC3PreloadConfig                     0x080053fd   Thumb Code    18  stm32f10x_tim.o(.text)
    TIM_OC4PreloadConfig                     0x0800540f   Thumb Code    26  stm32f10x_tim.o(.text)
    TIM_OC1FastConfig                        0x08005429   Thumb Code    18  stm32f10x_tim.o(.text)
    TIM_OC2FastConfig                        0x0800543b   Thumb Code    26  stm32f10x_tim.o(.text)
    TIM_OC3FastConfig                        0x08005455   Thumb Code    18  stm32f10x_tim.o(.text)
    TIM_OC4FastConfig                        0x08005467   Thumb Code    26  stm32f10x_tim.o(.text)
    TIM_ClearOC1Ref                          0x08005481   Thumb Code    18  stm32f10x_tim.o(.text)
    TIM_ClearOC2Ref                          0x08005493   Thumb Code    24  stm32f10x_tim.o(.text)
    TIM_ClearOC3Ref                          0x080054ab   Thumb Code    18  stm32f10x_tim.o(.text)
    TIM_ClearOC4Ref                          0x080054bd   Thumb Code    24  stm32f10x_tim.o(.text)
    TIM_OC1PolarityConfig                    0x080054d5   Thumb Code    18  stm32f10x_tim.o(.text)
    TIM_OC1NPolarityConfig                   0x080054e7   Thumb Code    18  stm32f10x_tim.o(.text)
    TIM_OC2PolarityConfig                    0x080054f9   Thumb Code    26  stm32f10x_tim.o(.text)
    TIM_OC2NPolarityConfig                   0x08005513   Thumb Code    26  stm32f10x_tim.o(.text)
    TIM_OC3PolarityConfig                    0x0800552d   Thumb Code    26  stm32f10x_tim.o(.text)
    TIM_OC3NPolarityConfig                   0x08005547   Thumb Code    26  stm32f10x_tim.o(.text)
    TIM_OC4PolarityConfig                    0x08005561   Thumb Code    26  stm32f10x_tim.o(.text)
    TIM_CCxCmd                               0x0800557b   Thumb Code    30  stm32f10x_tim.o(.text)
    TIM_CCxNCmd                              0x08005599   Thumb Code    30  stm32f10x_tim.o(.text)
    TIM_SelectOCxM                           0x080055b7   Thumb Code    82  stm32f10x_tim.o(.text)
    TIM_UpdateDisableConfig                  0x08005609   Thumb Code    24  stm32f10x_tim.o(.text)
    TIM_UpdateRequestConfig                  0x08005621   Thumb Code    24  stm32f10x_tim.o(.text)
    TIM_SelectHallSensor                     0x08005639   Thumb Code    24  stm32f10x_tim.o(.text)
    TIM_SelectOnePulseMode                   0x08005651   Thumb Code    18  stm32f10x_tim.o(.text)
    TIM_SelectOutputTrigger                  0x08005663   Thumb Code    18  stm32f10x_tim.o(.text)
    TIM_SelectSlaveMode                      0x08005675   Thumb Code    18  stm32f10x_tim.o(.text)
    TIM_SelectMasterSlaveMode                0x08005687   Thumb Code    18  stm32f10x_tim.o(.text)
    TIM_SetCounter                           0x08005699   Thumb Code     4  stm32f10x_tim.o(.text)
    TIM_SetAutoreload                        0x0800569d   Thumb Code     4  stm32f10x_tim.o(.text)
    TIM_SetCompare1                          0x080056a1   Thumb Code     4  stm32f10x_tim.o(.text)
    TIM_SetCompare2                          0x080056a5   Thumb Code     4  stm32f10x_tim.o(.text)
    TIM_SetCompare3                          0x080056a9   Thumb Code     4  stm32f10x_tim.o(.text)
    TIM_SetCompare4                          0x080056ad   Thumb Code     6  stm32f10x_tim.o(.text)
    TIM_SetClockDivision                     0x080056b3   Thumb Code    18  stm32f10x_tim.o(.text)
    TIM_GetCapture1                          0x080056c5   Thumb Code     6  stm32f10x_tim.o(.text)
    TIM_GetCapture2                          0x080056cb   Thumb Code     6  stm32f10x_tim.o(.text)
    TIM_GetCapture3                          0x080056d1   Thumb Code     6  stm32f10x_tim.o(.text)
    TIM_GetCapture4                          0x080056d7   Thumb Code     8  stm32f10x_tim.o(.text)
    TIM_GetCounter                           0x080056df   Thumb Code     6  stm32f10x_tim.o(.text)
    TIM_GetPrescaler                         0x080056e5   Thumb Code     6  stm32f10x_tim.o(.text)
    TIM_GetFlagStatus                        0x080056eb   Thumb Code    18  stm32f10x_tim.o(.text)
    TIM_ClearFlag                            0x080056fd   Thumb Code     6  stm32f10x_tim.o(.text)
    TIM_GetITStatus                          0x08005703   Thumb Code    34  stm32f10x_tim.o(.text)
    TIM_ClearITPendingBit                    0x08005725   Thumb Code     6  stm32f10x_tim.o(.text)
    __use_no_semihosting                     0x0800572b   Thumb Code     2  use_no_semi_2.o(.text)
    malloc                                   0x0800572d   Thumb Code    94  h1_alloc.o(.text)
    free                                     0x0800578b   Thumb Code    78  h1_free.o(.text)
    realloc                                  0x080057d9   Thumb Code   184  h1_realloc.o(.text)
    tolower                                  0x08005891   Thumb Code    26  tolower.o(.text)
    __c89printf                              0x080058ad   Thumb Code    20  c89printf.o(.text)
    __2printf                                0x080058c5   Thumb Code    20  __2printf.o(.text)
    __2sprintf                               0x080058dd   Thumb Code    38  __2sprintf.o(.text)
    _printf_pre_padding                      0x08005909   Thumb Code    44  _printf_pad.o(.text)
    _printf_post_padding                     0x08005935   Thumb Code    34  _printf_pad.o(.text)
    _printf_str                              0x08005957   Thumb Code    82  _printf_str.o(.text)
    _printf_int_dec                          0x080059a9   Thumb Code   104  _printf_dec.o(.text)
    _printf_longlong_hex                     0x08005a21   Thumb Code    86  _printf_hex_int_ll_ptr.o(.text)
    _printf_int_hex                          0x08005a77   Thumb Code    28  _printf_hex_int_ll_ptr.o(.text)
    _printf_ll_hex                           0x08005a93   Thumb Code    12  _printf_hex_int_ll_ptr.o(.text)
    _printf_hex_ptr                          0x08005a9f   Thumb Code    18  _printf_hex_int_ll_ptr.o(.text)
    __printf                                 0x08005ab5   Thumb Code   388  __printf_flags_ss_wp.o(.text)
    __0sscanf                                0x08005c3d   Thumb Code    52  __0sscanf.o(.text)
    atoi                                     0x08005c79   Thumb Code    26  atoi.o(.text)
    srand                                    0x08005c95   Thumb Code    42  rand.o(.text)
    _rand_init                               0x08005cbf   Thumb Code     4  rand.o(.text)
    strtok                                   0x08005cd1   Thumb Code     6  strtok.o(.text)
    strstr                                   0x08005cdd   Thumb Code    36  strstr.o(.text)
    strcpy                                   0x08005d01   Thumb Code    72  strcpy.o(.text)
    strlen                                   0x08005d49   Thumb Code    62  strlen.o(.text)
    strncmp                                  0x08005d87   Thumb Code   150  strncmp.o(.text)
    __aeabi_memcpy                           0x08005e1d   Thumb Code     0  rt_memcpy_v6.o(.text)
    __rt_memcpy                              0x08005e1d   Thumb Code   138  rt_memcpy_v6.o(.text)
    _memcpy_lastbytes                        0x08005e83   Thumb Code     0  rt_memcpy_v6.o(.text)
    __aeabi_memcpy4                          0x08005ea7   Thumb Code     0  rt_memcpy_w.o(.text)
    __aeabi_memcpy8                          0x08005ea7   Thumb Code     0  rt_memcpy_w.o(.text)
    __rt_memcpy_w                            0x08005ea7   Thumb Code   100  rt_memcpy_w.o(.text)
    _memcpy_lastbytes_aligned                0x08005eef   Thumb Code     0  rt_memcpy_w.o(.text)
    __aeabi_memclr4                          0x08005f0b   Thumb Code     0  rt_memclr_w.o(.text)
    __aeabi_memclr8                          0x08005f0b   Thumb Code     0  rt_memclr_w.o(.text)
    __rt_memclr_w                            0x08005f0b   Thumb Code    78  rt_memclr_w.o(.text)
    _memset_w                                0x08005f0f   Thumb Code     0  rt_memclr_w.o(.text)
    strncpy                                  0x08005f59   Thumb Code    86  strncpy.o(.text)
    strcmp                                   0x08005fb1   Thumb Code   128  strcmpv7m.o(.text)
    __use_two_region_memory                  0x08006031   Thumb Code     2  heapauxi.o(.text)
    __rt_heap_escrow                         0x08006033   Thumb Code     2  heapauxi.o(.text)
    __rt_heap_expand                         0x08006035   Thumb Code     2  heapauxi.o(.text)
    __I$use$semihosting                      0x08006037   Thumb Code     0  use_no_semi.o(.text)
    __use_no_semihosting_swi                 0x08006037   Thumb Code     2  use_no_semi.o(.text)
    __rt_ctype_table                         0x08006039   Thumb Code    16  rt_ctype_table.o(.text)
    __rt_heap_descriptor                     0x08006049   Thumb Code     8  rt_heap_descriptor_intlibspace.o(.text)
    __aeabi_errno_addr                       0x08006051   Thumb Code     8  rt_errno_addr_intlibspace.o(.text)
    __errno$intlibspace                      0x08006051   Thumb Code     0  rt_errno_addr_intlibspace.o(.text)
    __rt_errno_addr$intlibspace              0x08006051   Thumb Code     0  rt_errno_addr_intlibspace.o(.text)
    __use_no_heap                            0x08006059   Thumb Code     2  hguard.o(.text)
    __heap$guard                             0x0800605b   Thumb Code     2  hguard.o(.text)
    _terminate_user_alloc                    0x0800605d   Thumb Code     2  init_alloc.o(.text)
    _init_user_alloc                         0x0800605f   Thumb Code     2  init_alloc.o(.text)
    __Heap_Full                              0x08006061   Thumb Code    34  init_alloc.o(.text)
    __Heap_Broken                            0x08006083   Thumb Code     6  init_alloc.o(.text)
    _init_alloc                              0x08006089   Thumb Code    94  init_alloc.o(.text)
    __Heap_Initialize                        0x080060e7   Thumb Code    10  h1_init.o(.text)
    __Heap_DescSize                          0x080060f1   Thumb Code     4  h1_init.o(.text)
    _printf_truncate_signed                  0x080060f5   Thumb Code    18  _printf_truncate.o(.text)
    _printf_truncate_unsigned                0x08006107   Thumb Code    18  _printf_truncate.o(.text)
    _printf_int_common                       0x08006119   Thumb Code   178  _printf_intcommon.o(.text)
    _printf_charcount                        0x080061cb   Thumb Code    40  _printf_charcount.o(.text)
    __lib_sel_fp_printf                      0x080061f3   Thumb Code     2  _printf_fp_dec.o(.text)
    _printf_fp_dec_real                      0x080063a5   Thumb Code   620  _printf_fp_dec.o(.text)
    _printf_char_common                      0x0800661b   Thumb Code    32  _printf_char_common.o(.text)
    _sputc                                   0x08006641   Thumb Code    10  _sputc.o(.text)
    _printf_cs_common                        0x0800664b   Thumb Code    20  _printf_char.o(.text)
    _printf_char                             0x0800665f   Thumb Code    16  _printf_char.o(.text)
    _printf_string                           0x0800666f   Thumb Code     8  _printf_char.o(.text)
    _printf_char_file                        0x08006679   Thumb Code    32  _printf_char_file.o(.text)
    _printf_wctomb                           0x0800669d   Thumb Code   182  _printf_wctomb.o(.text)
    _printf_longlong_dec                     0x08006759   Thumb Code   108  _printf_longlong_dec.o(.text)
    _printf_longlong_oct                     0x080067d5   Thumb Code    66  _printf_oct_int_ll.o(.text)
    _printf_int_oct                          0x08006817   Thumb Code    24  _printf_oct_int_ll.o(.text)
    _printf_ll_oct                           0x0800682f   Thumb Code    12  _printf_oct_int_ll.o(.text)
    _scanf_really_real                       0x08006a91   Thumb Code   684  scanf_fp.o(.text)
    __vfscanf_char                           0x08006d49   Thumb Code    24  scanf_char.o(.text)
    _sgetc                                   0x08006d69   Thumb Code    30  _sgetc.o(.text)
    _sbackspace                              0x08006d87   Thumb Code    34  _sgetc.o(.text)
    __strtod_int                             0x08006de5   Thumb Code    90  strtod.o(.text)
    strtol                                   0x08006e4d   Thumb Code   112  strtol.o(.text)
    __strtok_internal                        0x08006ebd   Thumb Code    64  strtok_int.o(.text)
    __aeabi_memclr                           0x08006f01   Thumb Code     0  rt_memclr.o(.text)
    __rt_memclr                              0x08006f01   Thumb Code    68  rt_memclr.o(.text)
    _memset                                  0x08006f05   Thumb Code     0  rt_memclr.o(.text)
    __user_libspace                          0x08006f45   Thumb Code     8  libspace.o(.text)
    __user_perproc_libspace                  0x08006f45   Thumb Code     0  libspace.o(.text)
    __user_perthread_libspace                0x08006f45   Thumb Code     0  libspace.o(.text)
    __rt_locale                              0x08006f4d   Thumb Code     8  rt_locale_intlibspace.o(.text)
    __Heap_ProvideMemory                     0x08006f55   Thumb Code    52  h1_extend.o(.text)
    _ll_udiv10                               0x08006f89   Thumb Code   138  lludiv10.o(.text)
    isspace                                  0x08007013   Thumb Code    18  isspace.o(.text)
    _printf_fp_infnan                        0x08007025   Thumb Code   112  _printf_fp_infnan.o(.text)
    _printf_lcs_common                       0x080070a5   Thumb Code    20  _printf_wchar.o(.text)
    _printf_wchar                            0x080070b9   Thumb Code    16  _printf_wchar.o(.text)
    _printf_wstring                          0x080070c9   Thumb Code     8  _printf_wchar.o(.text)
    __vfscanf                                0x080070d1   Thumb Code   878  _scanf.o(.text)
    _strtoul                                 0x08007445   Thumb Code   158  _strtoul.o(.text)
    _btod_etento                             0x080074e5   Thumb Code   224  bigflt0.o(.text)
    ferror                                   0x080075c9   Thumb Code     8  ferror.o(.text)
    _wcrtomb                                 0x080075d1   Thumb Code    64  _wcrtomb.o(.text)
    __rt_SIGRTMEM                            0x08007611   Thumb Code    14  defsig_rtmem_outer.o(.text)
    strcspn                                  0x0800761f   Thumb Code    32  strcspn.o(.text)
    strspn                                   0x0800763f   Thumb Code    28  strspn.o(.text)
    __user_setup_stackheap                   0x0800765b   Thumb Code    74  sys_stackheap_outer.o(.text)
    __read_errno                             0x080076a5   Thumb Code    10  _rserrno.o(.text)
    __set_errno                              0x080076af   Thumb Code    12  _rserrno.o(.text)
    _chval                                   0x080076bb   Thumb Code    28  _chval.o(.text)
    _scanf_really_hex_real                   0x080076d9   Thumb Code   786  scanf_hexfp.o(.text)
    _scanf_really_infnan                     0x080079f9   Thumb Code   292  scanf_infnan.o(.text)
    exit                                     0x08007b2d   Thumb Code    18  exit.o(.text)
    __sig_exit                               0x08007b3f   Thumb Code    10  defsig_exit.o(.text)
    __rt_SIGRTMEM_inner                      0x08007b49   Thumb Code    22  defsig_rtmem_inner.o(.text)
    __aeabi_llsl                             0x08007b99   Thumb Code     0  llshl.o(.text)
    _ll_shift_l                              0x08007b99   Thumb Code    38  llshl.o(.text)
    __default_signal_display                 0x08007bbf   Thumb Code    50  defsig_general.o(.text)
    _btod_d2e                                0x08007bf1   Thumb Code    62  btod.o(CL$$btod_d2e)
    _d2e_denorm_low                          0x08007c2f   Thumb Code    70  btod.o(CL$$btod_d2e_denorm_low)
    _d2e_norm_op1                            0x08007c75   Thumb Code    96  btod.o(CL$$btod_d2e_norm_op1)
    __btod_div_common                        0x08007cd5   Thumb Code   696  btod.o(CL$$btod_div_common)
    _e2d                                     0x0800800d   Thumb Code   122  btod.o(CL$$btod_e2d)
    _e2e                                     0x08008091   Thumb Code   220  btod.o(CL$$btod_e2e)
    _btod_ediv                               0x0800816d   Thumb Code    42  btod.o(CL$$btod_ediv)
    _btod_edivd                              0x08008197   Thumb Code    42  btod.o(CL$$btod_edivd)
    _btod_emul                               0x080081c1   Thumb Code    42  btod.o(CL$$btod_emul)
    _btod_emuld                              0x080081eb   Thumb Code    42  btod.o(CL$$btod_emuld)
    __btod_mult_common                       0x08008215   Thumb Code   580  btod.o(CL$$btod_mult_common)
    __ARM_fpclassify                         0x08008459   Thumb Code    40  fpclassify.o(i.__ARM_fpclassify)
    __mathlib_dbl_overflow                   0x08008481   Thumb Code    14  dunder.o(i.__mathlib_dbl_overflow)
    __mathlib_dbl_underflow                  0x08008491   Thumb Code    10  dunder.o(i.__mathlib_dbl_underflow)
    __mathlib_narrow                         0x080084a1   Thumb Code    16  narrow.o(i.__mathlib_narrow)
    __mathlib_tofloat                        0x080084b1   Thumb Code   184  narrow.o(i.__mathlib_tofloat)
    __support_ldexp                          0x0800856d   Thumb Code    22  ldexp.o(i.__support_ldexp)
    _is_digit                                0x08008583   Thumb Code    14  __printf_wp.o(i._is_digit)
    frexp                                    0x08008591   Thumb Code    80  frexp.o(i.frexp)
    ldexp                                    0x080085e9   Thumb Code   116  ldexp.o(i.ldexp)
    strtod                                   0x0800865d   Thumb Code    28  strtod.o(i.strtod)
    _get_lc_ctype                            0x08008679   Thumb Code    44  lc_ctype_c.o(locale$$code)
    _get_lc_numeric                          0x080086a5   Thumb Code    44  lc_numeric_c.o(locale$$code)
    __aeabi_d2f                              0x080086d1   Thumb Code     0  d2f.o(x$fpl$d2f)
    _d2f                                     0x080086d1   Thumb Code    98  d2f.o(x$fpl$d2f)
    __aeabi_dadd                             0x08008735   Thumb Code     0  daddsub_clz.o(x$fpl$dadd)
    _dadd                                    0x08008735   Thumb Code   332  daddsub_clz.o(x$fpl$dadd)
    __fpl_dcheck_NaN1                        0x08008885   Thumb Code    10  dcheck1.o(x$fpl$dcheck1)
    __fpl_dcmp_Inf                           0x08008895   Thumb Code    24  dcmpi.o(x$fpl$dcmpinf)
    __aeabi_cdcmpeq                          0x080088ad   Thumb Code     0  deqf.o(x$fpl$deqf)
    _dcmpeq                                  0x080088ad   Thumb Code   120  deqf.o(x$fpl$deqf)
    __aeabi_d2iz                             0x08008925   Thumb Code     0  dfix.o(x$fpl$dfix)
    _dfix                                    0x08008925   Thumb Code    94  dfix.o(x$fpl$dfix)
    __aeabi_i2d                              0x08008983   Thumb Code     0  dflt_clz.o(x$fpl$dflt)
    _dflt                                    0x08008983   Thumb Code    46  dflt_clz.o(x$fpl$dflt)
    __aeabi_ui2d                             0x080089b1   Thumb Code     0  dflt_clz.o(x$fpl$dfltu)
    _dfltu                                   0x080089b1   Thumb Code    38  dflt_clz.o(x$fpl$dfltu)
    __aeabi_cdcmple                          0x080089d9   Thumb Code     0  dleqf.o(x$fpl$dleqf)
    _dcmple                                  0x080089d9   Thumb Code   120  dleqf.o(x$fpl$dleqf)
    __fpl_dcmple_InfNaN                      0x08008a3b   Thumb Code     0  dleqf.o(x$fpl$dleqf)
    __aeabi_dmul                             0x08008a51   Thumb Code     0  dmul.o(x$fpl$dmul)
    _dmul                                    0x08008a51   Thumb Code   332  dmul.o(x$fpl$dmul)
    __fpl_dnaninf                            0x08008ba5   Thumb Code   156  dnaninf.o(x$fpl$dnaninf)
    __fpl_dretinf                            0x08008c41   Thumb Code    12  dretinf.o(x$fpl$dretinf)
    __aeabi_cdrcmple                         0x08008c4d   Thumb Code     0  drleqf.o(x$fpl$drleqf)
    _drcmple                                 0x08008c4d   Thumb Code   108  drleqf.o(x$fpl$drleqf)
    __aeabi_dsub                             0x08008cb9   Thumb Code     0  daddsub_clz.o(x$fpl$dsub)
    _dsub                                    0x08008cb9   Thumb Code   464  daddsub_clz.o(x$fpl$dsub)
    __aeabi_f2d                              0x08008e8d   Thumb Code     0  f2d.o(x$fpl$f2d)
    _f2d                                     0x08008e8d   Thumb Code    86  f2d.o(x$fpl$f2d)
    __fpl_fnaninf                            0x08008ee3   Thumb Code   140  fnaninf.o(x$fpl$fnaninf)
    __fpl_fretinf                            0x08008f6f   Thumb Code    10  fretinf.o(x$fpl$fretinf)
    __ieee_status                            0x08008f79   Thumb Code     6  istatus.o(x$fpl$ieeestatus)
    _printf_fp_dec                           0x08008f7f   Thumb Code     4  printf1.o(x$fpl$printf1)
    __fpl_return_NaN                         0x08008f83   Thumb Code   100  retnan.o(x$fpl$retnan)
    __ARM_scalbn                             0x08008fe7   Thumb Code    92  scalbn.o(x$fpl$scalbn)
    _scanf_real                              0x08009043   Thumb Code     4  scanf1.o(x$fpl$scanf1)
    _scanf_hex_real                          0x08009047   Thumb Code     4  scanf2.o(x$fpl$scanf2)
    _scanf_infnan                            0x0800904b   Thumb Code     4  scanf2.o(x$fpl$scanf2)
    __fpl_cmpreturn                          0x0800904f   Thumb Code    48  trapv.o(x$fpl$trapveneer)
    __I$use$fp                               0x0800907e   Number         0  usenofp.o(x$fpl$usenofp)
    Region$$Table$$Base                      0x08009154   Number         0  anon$$obj.o(Region$$Table)
    Region$$Table$$Limit                     0x08009174   Number         0  anon$$obj.o(Region$$Table)
    __aeabi_HUGE_VAL                         0x08009174   Data           0  fpconst.o(c$$dinf)
    __aeabi_HUGE_VALL                        0x08009174   Data           0  fpconst.o(c$$dinf)
    __aeabi_INFINITY                         0x08009174   Data           0  fpconst.o(c$$dinf)
    __dInf                                   0x08009174   Data           0  fpconst.o(c$$dinf)
    __huge_val                               0x08009174   Data           0  fpconst.o(c$$dinf)
    __dbl_max                                0x0800917c   Data           0  fpconst.o(c$$dmax)
    __ctype                                  0x08009191   Data           0  lc_ctype_c.o(locale$$data)
    no_conn_time_out                         0x20000000   Data           4  main.o(.data)
    rev_cnt0                                 0x20000004   Data           1  main.o(.data)
    Scan_Cnt                                 0x20000005   Data           1  main.o(.data)
    Time_Cnt                                 0x20000006   Data           1  main.o(.data)
    Changer_Flag                             0x20000007   Data           1  main.o(.data)
    Changer_Address                          0x20000008   Data           1  main.o(.data)
    Address                                  0x20000009   Data           1  main.o(.data)
    Main_Address                             0x2000000a   Data           1  main.o(.data)
    Send_Flag                                0x2000000b   Data           1  main.o(.data)
    RGB_Flag                                 0x2000000c   Data           1  main.o(.data)
    Setup_Flag                               0x2000000d   Data           1  main.o(.data)
    Time_Flag                                0x2000000e   Data           1  main.o(.data)
    Tx_date_Buffer                           0x2000000f   Data           8  main.o(.data)
    Tx_Temp_Buffer                           0x20000017   Data           8  main.o(.data)
    Rx_Temp_Buffer                           0x2000001f   Data          18  main.o(.data)
    Rx_Config_Buffer                         0x20000031   Data          18  main.o(.data)
    SystemCoreClock                          0x20000044   Data           4  system_stm32f10x.o(.data)
    AHBPrescTable                            0x20000048   Data          16  system_stm32f10x.o(.data)
    ESP8266_STA                              0x2000006c   Data           2  esp8266.o(.data)
    at_len                                   0x2000006e   Data           2  esp8266.o(.data)
    temp                                     0x20000070   Data           2  esp8266.o(.data)
    __stdout                                 0x20000078   Data           4  usart.o(.data)
    USART_RX_STA                             0x2000007c   Data           2  usart.o(.data)
    byte                                     0x2000007e   Data           1  usart.o(.data)
    TCP_CMD_TO_SEND                          0x20000080   Data           2  usart.o(.data)
    Wire24G_Data                             0x2000009c   Data         336  main.o(.bss)
    buffer                                   0x200001ec   Data         131  main.o(.bss)
    rcv_buf                                  0x20000270   Data         226  round_queue.o(.bss)
    packetRecv                               0x20000358   Data          24  packet.o(.bss)
    packetSend                               0x20000370   Data          24  packet.o(.bss)
    at_buffer                                0x20000397   Data         220  esp8266.o(.bss)
    at_command                               0x20000473   Data          40  esp8266.o(.bss)
    mac                                      0x2000049b   Data          18  esp8266.o(.bss)
    _random_number_data                      0x200004b0   Data         228  rand.o(.bss)
    __libspace_start                         0x20000594   Data          96  libspace.o(.bss)
    __temporary_stack_top$libspace           0x200005f4   Data           0  libspace.o(.bss)



==============================================================================

Memory Map of the image

  Image Entry point : 0x08000131

  Load Region LR_IROM1 (Base: 0x08000000, Size: 0x0000934c, Max: 0x00010000, ABSOLUTE)

    Execution Region ER_IROM1 (Exec base: 0x08000000, Load base: 0x08000000, Size: 0x000092b0, Max: 0x00010000, ABSOLUTE)

    Exec Addr    Load Addr    Size         Type   Attr      Idx    E Section Name        Object

    0x08000000   0x08000000   0x00000130   Data   RO          449    RESET               startup_stm32f10x_hd.o
    0x08000130   0x08000130   0x00000008   Code   RO          687  * !!!main             c_w.l(__main.o)
    0x08000138   0x08000138   0x00000034   Code   RO         1130    !!!scatter          c_w.l(__scatter.o)
    0x0800016c   0x0800016c   0x0000001a   Code   RO         1132    !!handler_copy      c_w.l(__scatter_copy.o)
    0x08000186   0x08000186   0x00000002   PAD
    0x08000188   0x08000188   0x0000001c   Code   RO         1134    !!handler_zi        c_w.l(__scatter_zi.o)
    0x080001a4   0x080001a4   0x00000000   Code   RO          654    .ARM.Collect$$_printf_percent$$00000000  c_w.l(_printf_percent.o)
    0x080001a4   0x080001a4   0x00000006   Code   RO          786    .ARM.Collect$$_printf_percent$$00000001  c_w.l(_printf_n.o)
    0x080001aa   0x080001aa   0x00000006   Code   RO          787    .ARM.Collect$$_printf_percent$$00000002  c_w.l(_printf_p.o)
    0x080001b0   0x080001b0   0x00000006   Code   RO          790    .ARM.Collect$$_printf_percent$$00000003  c_w.l(_printf_f.o)
    0x080001b6   0x080001b6   0x00000006   Code   RO          791    .ARM.Collect$$_printf_percent$$00000004  c_w.l(_printf_e.o)
    0x080001bc   0x080001bc   0x00000006   Code   RO          653    .ARM.Collect$$_printf_percent$$00000005  c_w.l(_printf_g.o)
    0x080001c2   0x080001c2   0x00000006   Code   RO          792    .ARM.Collect$$_printf_percent$$00000006  c_w.l(_printf_a.o)
    0x080001c8   0x080001c8   0x0000000a   Code   RO          797    .ARM.Collect$$_printf_percent$$00000007  c_w.l(_printf_ll.o)
    0x080001d2   0x080001d2   0x00000006   Code   RO          651    .ARM.Collect$$_printf_percent$$00000008  c_w.l(_printf_i.o)
    0x080001d8   0x080001d8   0x00000006   Code   RO          652    .ARM.Collect$$_printf_percent$$00000009  c_w.l(_printf_d.o)
    0x080001de   0x080001de   0x00000006   Code   RO          789    .ARM.Collect$$_printf_percent$$0000000A  c_w.l(_printf_u.o)
    0x080001e4   0x080001e4   0x00000006   Code   RO          788    .ARM.Collect$$_printf_percent$$0000000B  c_w.l(_printf_o.o)
    0x080001ea   0x080001ea   0x00000006   Code   RO          650    .ARM.Collect$$_printf_percent$$0000000C  c_w.l(_printf_x.o)
    0x080001f0   0x080001f0   0x00000006   Code   RO          794    .ARM.Collect$$_printf_percent$$0000000D  c_w.l(_printf_lli.o)
    0x080001f6   0x080001f6   0x00000006   Code   RO          795    .ARM.Collect$$_printf_percent$$0000000E  c_w.l(_printf_lld.o)
    0x080001fc   0x080001fc   0x00000006   Code   RO          796    .ARM.Collect$$_printf_percent$$0000000F  c_w.l(_printf_llu.o)
    0x08000202   0x08000202   0x00000006   Code   RO          801    .ARM.Collect$$_printf_percent$$00000010  c_w.l(_printf_llo.o)
    0x08000208   0x08000208   0x00000006   Code   RO          802    .ARM.Collect$$_printf_percent$$00000011  c_w.l(_printf_llx.o)
    0x0800020e   0x0800020e   0x0000000a   Code   RO          798    .ARM.Collect$$_printf_percent$$00000012  c_w.l(_printf_l.o)
    0x08000218   0x08000218   0x00000006   Code   RO          785    .ARM.Collect$$_printf_percent$$00000013  c_w.l(_printf_c.o)
    0x0800021e   0x0800021e   0x00000006   Code   RO          649    .ARM.Collect$$_printf_percent$$00000014  c_w.l(_printf_s.o)
    0x08000224   0x08000224   0x00000006   Code   RO          799    .ARM.Collect$$_printf_percent$$00000015  c_w.l(_printf_lc.o)
    0x0800022a   0x0800022a   0x00000006   Code   RO          800    .ARM.Collect$$_printf_percent$$00000016  c_w.l(_printf_ls.o)
    0x08000230   0x08000230   0x00000004   Code   RO          793    .ARM.Collect$$_printf_percent$$00000017  c_w.l(_printf_percent_end.o)
    0x08000234   0x08000234   0x00000002   Code   RO         1022    .ARM.Collect$$libinit$$00000000  c_w.l(libinit.o)
    0x08000236   0x08000236   0x00000000   Code   RO          820    .ARM.Collect$$libinit$$00000002  c_w.l(libinit2.o)
    0x08000236   0x08000236   0x00000000   Code   RO          822    .ARM.Collect$$libinit$$00000004  c_w.l(libinit2.o)
    0x08000236   0x08000236   0x00000008   Code   RO          823    .ARM.Collect$$libinit$$00000005  c_w.l(libinit2.o)
    0x0800023e   0x0800023e   0x00000000   Code   RO          825    .ARM.Collect$$libinit$$0000000A  c_w.l(libinit2.o)
    0x0800023e   0x0800023e   0x00000000   Code   RO          827    .ARM.Collect$$libinit$$0000000C  c_w.l(libinit2.o)
    0x0800023e   0x0800023e   0x00000004   Code   RO          828    .ARM.Collect$$libinit$$0000000D  c_w.l(libinit2.o)
    0x08000242   0x08000242   0x00000000   Code   RO          829    .ARM.Collect$$libinit$$0000000E  c_w.l(libinit2.o)
    0x08000242   0x08000242   0x00000006   Code   RO          830    .ARM.Collect$$libinit$$0000000F  c_w.l(libinit2.o)
    0x08000248   0x08000248   0x00000000   Code   RO          832    .ARM.Collect$$libinit$$00000011  c_w.l(libinit2.o)
    0x08000248   0x08000248   0x0000000c   Code   RO          833    .ARM.Collect$$libinit$$00000012  c_w.l(libinit2.o)
    0x08000254   0x08000254   0x00000000   Code   RO          834    .ARM.Collect$$libinit$$00000013  c_w.l(libinit2.o)
    0x08000254   0x08000254   0x00000000   Code   RO          836    .ARM.Collect$$libinit$$00000015  c_w.l(libinit2.o)
    0x08000254   0x08000254   0x0000000a   Code   RO          837    .ARM.Collect$$libinit$$00000016  c_w.l(libinit2.o)
    0x0800025e   0x0800025e   0x00000000   Code   RO          838    .ARM.Collect$$libinit$$00000017  c_w.l(libinit2.o)
    0x0800025e   0x0800025e   0x00000000   Code   RO          840    .ARM.Collect$$libinit$$00000019  c_w.l(libinit2.o)
    0x0800025e   0x0800025e   0x00000000   Code   RO          842    .ARM.Collect$$libinit$$0000001B  c_w.l(libinit2.o)
    0x0800025e   0x0800025e   0x00000000   Code   RO          844    .ARM.Collect$$libinit$$0000001D  c_w.l(libinit2.o)
    0x0800025e   0x0800025e   0x00000000   Code   RO          846    .ARM.Collect$$libinit$$0000001F  c_w.l(libinit2.o)
    0x0800025e   0x0800025e   0x00000000   Code   RO          848    .ARM.Collect$$libinit$$00000021  c_w.l(libinit2.o)
    0x0800025e   0x0800025e   0x00000000   Code   RO          850    .ARM.Collect$$libinit$$00000023  c_w.l(libinit2.o)
    0x0800025e   0x0800025e   0x00000000   Code   RO          852    .ARM.Collect$$libinit$$00000025  c_w.l(libinit2.o)
    0x0800025e   0x0800025e   0x00000000   Code   RO          856    .ARM.Collect$$libinit$$0000002C  c_w.l(libinit2.o)
    0x0800025e   0x0800025e   0x00000000   Code   RO          858    .ARM.Collect$$libinit$$0000002E  c_w.l(libinit2.o)
    0x0800025e   0x0800025e   0x00000000   Code   RO          860    .ARM.Collect$$libinit$$00000030  c_w.l(libinit2.o)
    0x0800025e   0x0800025e   0x00000000   Code   RO          862    .ARM.Collect$$libinit$$00000032  c_w.l(libinit2.o)
    0x0800025e   0x0800025e   0x00000002   Code   RO          863    .ARM.Collect$$libinit$$00000033  c_w.l(libinit2.o)
    0x08000260   0x08000260   0x00000002   Code   RO         1119    .ARM.Collect$$libshutdown$$00000000  c_w.l(libshutdown.o)
    0x08000262   0x08000262   0x00000000   Code   RO         1044    .ARM.Collect$$libshutdown$$00000002  c_w.l(libshutdown2.o)
    0x08000262   0x08000262   0x00000000   Code   RO         1046    .ARM.Collect$$libshutdown$$00000004  c_w.l(libshutdown2.o)
    0x08000262   0x08000262   0x00000000   Code   RO         1049    .ARM.Collect$$libshutdown$$00000007  c_w.l(libshutdown2.o)
    0x08000262   0x08000262   0x00000000   Code   RO         1052    .ARM.Collect$$libshutdown$$0000000A  c_w.l(libshutdown2.o)
    0x08000262   0x08000262   0x00000000   Code   RO         1054    .ARM.Collect$$libshutdown$$0000000C  c_w.l(libshutdown2.o)
    0x08000262   0x08000262   0x00000000   Code   RO         1057    .ARM.Collect$$libshutdown$$0000000F  c_w.l(libshutdown2.o)
    0x08000262   0x08000262   0x00000002   Code   RO         1058    .ARM.Collect$$libshutdown$$00000010  c_w.l(libshutdown2.o)
    0x08000264   0x08000264   0x00000000   Code   RO          725    .ARM.Collect$$rtentry$$00000000  c_w.l(__rtentry.o)
    0x08000264   0x08000264   0x00000000   Code   RO          879    .ARM.Collect$$rtentry$$00000002  c_w.l(__rtentry2.o)
    0x08000264   0x08000264   0x00000006   Code   RO          891    .ARM.Collect$$rtentry$$00000004  c_w.l(__rtentry4.o)
    0x0800026a   0x0800026a   0x00000000   Code   RO          881    .ARM.Collect$$rtentry$$00000009  c_w.l(__rtentry2.o)
    0x0800026a   0x0800026a   0x00000004   Code   RO          882    .ARM.Collect$$rtentry$$0000000A  c_w.l(__rtentry2.o)
    0x0800026e   0x0800026e   0x00000000   Code   RO          884    .ARM.Collect$$rtentry$$0000000C  c_w.l(__rtentry2.o)
    0x0800026e   0x0800026e   0x00000008   Code   RO          885    .ARM.Collect$$rtentry$$0000000D  c_w.l(__rtentry2.o)
    0x08000276   0x08000276   0x00000002   Code   RO         1031    .ARM.Collect$$rtexit$$00000000  c_w.l(rtexit.o)
    0x08000278   0x08000278   0x00000000   Code   RO         1076    .ARM.Collect$$rtexit$$00000002  c_w.l(rtexit2.o)
    0x08000278   0x08000278   0x00000004   Code   RO         1077    .ARM.Collect$$rtexit$$00000003  c_w.l(rtexit2.o)
    0x0800027c   0x0800027c   0x00000006   Code   RO         1078    .ARM.Collect$$rtexit$$00000004  c_w.l(rtexit2.o)
    0x08000282   0x08000282   0x00000002   PAD
    0x08000284   0x08000284   0x00000034   Code   RO          659    .emb_text           c_w.l(rand.o)
    0x080002b8   0x080002b8   0x00000000   Code   RO          900    .emb_text           c_w.l(maybetermalloc1.o)
    0x080002b8   0x080002b8   0x0000049c   Code   RO            1    .text               main.o
    0x08000754   0x08000754   0x0000001a   Code   RO          159    .text               stm32f10x_it.o
    0x0800076e   0x0800076e   0x00000002   PAD
    0x08000770   0x08000770   0x000001e0   Code   RO          200    .text               system_stm32f10x.o
    0x08000950   0x08000950   0x00000334   Code   RO          218    .text               round_queue.o
    0x08000c84   0x08000c84   0x00000270   Code   RO          233    .text               packet.o
    0x08000ef4   0x08000ef4   0x00002258   Code   RO          249    .text               cjson.o
    0x0800314c   0x0800314c   0x0000005a   Code   RO          300    .text               func.o
    0x080031a6   0x080031a6   0x00000002   PAD
    0x080031a8   0x080031a8   0x000002d4   Code   RO          316    .text               esp8266.o
    0x0800347c   0x0800347c   0x00000040   Code   RO          339    .text               led.o
    0x080034bc   0x080034bc   0x000002fc   Code   RO          351    .text               check_buffer.o
    0x080037b8   0x080037b8   0x000000d0   Code   RO          367    .text               timer.o
    0x08003888   0x08003888   0x000000d4   Code   RO          380    .text               delay.o
    0x0800395c   0x0800395c   0x00000390   Code   RO          411    .text               usart.o
    0x08003cec   0x08003cec   0x00000040   Code   RO          450    .text               startup_stm32f10x_hd.o
    0x08003d2c   0x08003d2c   0x0000035c   Code   RO          454    .text               stm32f10x_gpio.o
    0x08004088   0x08004088   0x000003a4   Code   RO          466    .text               stm32f10x_rcc.o
    0x0800442c   0x0800442c   0x00000408   Code   RO          480    .text               stm32f10x_usart.o
    0x08004834   0x08004834   0x000000dc   Code   RO          492    .text               misc.o
    0x08004910   0x08004910   0x00000e1a   Code   RO          504    .text               stm32f10x_tim.o
    0x0800572a   0x0800572a   0x00000002   Code   RO          518    .text               c_w.l(use_no_semi_2.o)
    0x0800572c   0x0800572c   0x0000005e   Code   RO          526    .text               c_w.l(h1_alloc.o)
    0x0800578a   0x0800578a   0x0000004e   Code   RO          528    .text               c_w.l(h1_free.o)
    0x080057d8   0x080057d8   0x000000b8   Code   RO          530    .text               c_w.l(h1_realloc.o)
    0x08005890   0x08005890   0x0000001a   Code   RO          588    .text               c_w.l(tolower.o)
    0x080058aa   0x080058aa   0x00000002   PAD
    0x080058ac   0x080058ac   0x00000018   Code   RO          590    .text               c_w.l(c89printf.o)
    0x080058c4   0x080058c4   0x00000018   Code   RO          592    .text               c_w.l(__2printf.o)
    0x080058dc   0x080058dc   0x0000002c   Code   RO          594    .text               c_w.l(__2sprintf.o)
    0x08005908   0x08005908   0x0000004e   Code   RO          602    .text               c_w.l(_printf_pad.o)
    0x08005956   0x08005956   0x00000052   Code   RO          604    .text               c_w.l(_printf_str.o)
    0x080059a8   0x080059a8   0x00000078   Code   RO          606    .text               c_w.l(_printf_dec.o)
    0x08005a20   0x08005a20   0x00000094   Code   RO          626    .text               c_w.l(_printf_hex_int_ll_ptr.o)
    0x08005ab4   0x08005ab4   0x00000188   Code   RO          646    .text               c_w.l(__printf_flags_ss_wp.o)
    0x08005c3c   0x08005c3c   0x0000003c   Code   RO          655    .text               c_w.l(__0sscanf.o)
    0x08005c78   0x08005c78   0x0000001a   Code   RO          657    .text               c_w.l(atoi.o)
    0x08005c92   0x08005c92   0x00000002   PAD
    0x08005c94   0x08005c94   0x0000003c   Code   RO          660    .text               c_w.l(rand.o)
    0x08005cd0   0x08005cd0   0x0000000c   Code   RO          664    .text               c_w.l(strtok.o)
    0x08005cdc   0x08005cdc   0x00000024   Code   RO          667    .text               c_w.l(strstr.o)
    0x08005d00   0x08005d00   0x00000048   Code   RO          669    .text               c_w.l(strcpy.o)
    0x08005d48   0x08005d48   0x0000003e   Code   RO          671    .text               c_w.l(strlen.o)
    0x08005d86   0x08005d86   0x00000096   Code   RO          673    .text               c_w.l(strncmp.o)
    0x08005e1c   0x08005e1c   0x0000008a   Code   RO          675    .text               c_w.l(rt_memcpy_v6.o)
    0x08005ea6   0x08005ea6   0x00000064   Code   RO          677    .text               c_w.l(rt_memcpy_w.o)
    0x08005f0a   0x08005f0a   0x0000004e   Code   RO          679    .text               c_w.l(rt_memclr_w.o)
    0x08005f58   0x08005f58   0x00000056   Code   RO          681    .text               c_w.l(strncpy.o)
    0x08005fae   0x08005fae   0x00000002   PAD
    0x08005fb0   0x08005fb0   0x00000080   Code   RO          683    .text               c_w.l(strcmpv7m.o)
    0x08006030   0x08006030   0x00000006   Code   RO          685    .text               c_w.l(heapauxi.o)
    0x08006036   0x08006036   0x00000002   Code   RO          721    .text               c_w.l(use_no_semi.o)
    0x08006038   0x08006038   0x00000010   Code   RO          726    .text               c_w.l(rt_ctype_table.o)
    0x08006048   0x08006048   0x00000008   Code   RO          731    .text               c_w.l(rt_heap_descriptor_intlibspace.o)
    0x08006050   0x08006050   0x00000008   Code   RO          736    .text               c_w.l(rt_errno_addr_intlibspace.o)
    0x08006058   0x08006058   0x00000004   Code   RO          738    .text               c_w.l(hguard.o)
    0x0800605c   0x0800605c   0x0000008a   Code   RO          740    .text               c_w.l(init_alloc.o)
    0x080060e6   0x080060e6   0x0000000e   Code   RO          744    .text               c_w.l(h1_init.o)
    0x080060f4   0x080060f4   0x00000024   Code   RO          758    .text               c_w.l(_printf_truncate.o)
    0x08006118   0x08006118   0x000000b2   Code   RO          760    .text               c_w.l(_printf_intcommon.o)
    0x080061ca   0x080061ca   0x00000028   Code   RO          762    .text               c_w.l(_printf_charcount.o)
    0x080061f2   0x080061f2   0x0000041e   Code   RO          764    .text               c_w.l(_printf_fp_dec.o)
    0x08006610   0x08006610   0x00000030   Code   RO          766    .text               c_w.l(_printf_char_common.o)
    0x08006640   0x08006640   0x0000000a   Code   RO          768    .text               c_w.l(_sputc.o)
    0x0800664a   0x0800664a   0x0000002c   Code   RO          770    .text               c_w.l(_printf_char.o)
    0x08006676   0x08006676   0x00000002   PAD
    0x08006678   0x08006678   0x00000024   Code   RO          772    .text               c_w.l(_printf_char_file.o)
    0x0800669c   0x0800669c   0x000000bc   Code   RO          774    .text               c_w.l(_printf_wctomb.o)
    0x08006758   0x08006758   0x0000007c   Code   RO          777    .text               c_w.l(_printf_longlong_dec.o)
    0x080067d4   0x080067d4   0x00000070   Code   RO          783    .text               c_w.l(_printf_oct_int_ll.o)
    0x08006844   0x08006844   0x000004f8   Code   RO          803    .text               c_w.l(scanf_fp.o)
    0x08006d3c   0x08006d3c   0x0000002c   Code   RO          805    .text               c_w.l(scanf_char.o)
    0x08006d68   0x08006d68   0x00000040   Code   RO          807    .text               c_w.l(_sgetc.o)
    0x08006da8   0x08006da8   0x000000a4   Code   RO          809    .text               c_w.l(strtod.o)
    0x08006e4c   0x08006e4c   0x00000070   Code   RO          811    .text               c_w.l(strtol.o)
    0x08006ebc   0x08006ebc   0x00000044   Code   RO          813    .text               c_w.l(strtok_int.o)
    0x08006f00   0x08006f00   0x00000044   Code   RO          815    .text               c_w.l(rt_memclr.o)
    0x08006f44   0x08006f44   0x00000008   Code   RO          875    .text               c_w.l(libspace.o)
    0x08006f4c   0x08006f4c   0x00000008   Code   RO          896    .text               c_w.l(rt_locale_intlibspace.o)
    0x08006f54   0x08006f54   0x00000034   Code   RO          902    .text               c_w.l(h1_extend.o)
    0x08006f88   0x08006f88   0x0000008a   Code   RO          906    .text               c_w.l(lludiv10.o)
    0x08007012   0x08007012   0x00000012   Code   RO          908    .text               c_w.l(isspace.o)
    0x08007024   0x08007024   0x00000080   Code   RO          910    .text               c_w.l(_printf_fp_infnan.o)
    0x080070a4   0x080070a4   0x0000002c   Code   RO          914    .text               c_w.l(_printf_wchar.o)
    0x080070d0   0x080070d0   0x00000374   Code   RO          916    .text               c_w.l(_scanf.o)
    0x08007444   0x08007444   0x0000009e   Code   RO          918    .text               c_w.l(_strtoul.o)
    0x080074e2   0x080074e2   0x00000002   PAD
    0x080074e4   0x080074e4   0x000000e4   Code   RO          920    .text               c_w.l(bigflt0.o)
    0x080075c8   0x080075c8   0x00000008   Code   RO          945    .text               c_w.l(ferror.o)
    0x080075d0   0x080075d0   0x00000040   Code   RO          949    .text               c_w.l(_wcrtomb.o)
    0x08007610   0x08007610   0x0000000e   Code   RO          957    .text               c_w.l(defsig_rtmem_outer.o)
    0x0800761e   0x0800761e   0x00000020   Code   RO          961    .text               c_w.l(strcspn.o)
    0x0800763e   0x0800763e   0x0000001c   Code   RO          963    .text               c_w.l(strspn.o)
    0x0800765a   0x0800765a   0x0000004a   Code   RO          993    .text               c_w.l(sys_stackheap_outer.o)
    0x080076a4   0x080076a4   0x00000016   Code   RO          999    .text               c_w.l(_rserrno.o)
    0x080076ba   0x080076ba   0x0000001c   Code   RO         1001    .text               c_w.l(_chval.o)
    0x080076d6   0x080076d6   0x00000002   PAD
    0x080076d8   0x080076d8   0x00000320   Code   RO         1003    .text               c_w.l(scanf_hexfp.o)
    0x080079f8   0x080079f8   0x00000134   Code   RO         1005    .text               c_w.l(scanf_infnan.o)
    0x08007b2c   0x08007b2c   0x00000012   Code   RO         1007    .text               c_w.l(exit.o)
    0x08007b3e   0x08007b3e   0x0000000a   Code   RO         1009    .text               c_w.l(defsig_exit.o)
    0x08007b48   0x08007b48   0x00000050   Code   RO         1011    .text               c_w.l(defsig_rtmem_inner.o)
    0x08007b98   0x08007b98   0x00000026   Code   RO         1037    .text               c_w.l(llshl.o)
    0x08007bbe   0x08007bbe   0x00000032   Code   RO         1041    .text               c_w.l(defsig_general.o)
    0x08007bf0   0x08007bf0   0x0000003e   Code   RO          923    CL$$btod_d2e        c_w.l(btod.o)
    0x08007c2e   0x08007c2e   0x00000046   Code   RO          925    CL$$btod_d2e_denorm_low  c_w.l(btod.o)
    0x08007c74   0x08007c74   0x00000060   Code   RO          924    CL$$btod_d2e_norm_op1  c_w.l(btod.o)
    0x08007cd4   0x08007cd4   0x00000338   Code   RO          933    CL$$btod_div_common  c_w.l(btod.o)
    0x0800800c   0x0800800c   0x00000084   Code   RO          931    CL$$btod_e2d        c_w.l(btod.o)
    0x08008090   0x08008090   0x000000dc   Code   RO          930    CL$$btod_e2e        c_w.l(btod.o)
    0x0800816c   0x0800816c   0x0000002a   Code   RO          927    CL$$btod_ediv       c_w.l(btod.o)
    0x08008196   0x08008196   0x0000002a   Code   RO          929    CL$$btod_edivd      c_w.l(btod.o)
    0x080081c0   0x080081c0   0x0000002a   Code   RO          926    CL$$btod_emul       c_w.l(btod.o)
    0x080081ea   0x080081ea   0x0000002a   Code   RO          928    CL$$btod_emuld      c_w.l(btod.o)
    0x08008214   0x08008214   0x00000244   Code   RO          932    CL$$btod_mult_common  c_w.l(btod.o)
    0x08008458   0x08008458   0x00000028   Code   RO          984    i.__ARM_fpclassify  m_ws.l(fpclassify.o)
    0x08008480   0x08008480   0x0000000e   Code   RO         1090    i.__mathlib_dbl_overflow  m_ws.l(dunder.o)
    0x0800848e   0x0800848e   0x00000002   PAD
    0x08008490   0x08008490   0x00000010   Code   RO         1092    i.__mathlib_dbl_underflow  m_ws.l(dunder.o)
    0x080084a0   0x080084a0   0x00000010   Code   RO          986    i.__mathlib_narrow  m_ws.l(narrow.o)
    0x080084b0   0x080084b0   0x000000bc   Code   RO          987    i.__mathlib_tofloat  m_ws.l(narrow.o)
    0x0800856c   0x0800856c   0x00000016   Code   RO         1064    i.__support_ldexp   m_ws.l(ldexp.o)
    0x08008582   0x08008582   0x0000000e   Code   RO          639    i._is_digit         c_w.l(__printf_wp.o)
    0x08008590   0x08008590   0x00000058   Code   RO         1028    i.frexp             m_ws.l(frexp.o)
    0x080085e8   0x080085e8   0x00000074   Code   RO         1065    i.ldexp             m_ws.l(ldexp.o)
    0x0800865c   0x0800865c   0x0000001c   Code   RO          718    i.strtod            m_ws.l(strtod.o)
    0x08008678   0x08008678   0x0000002c   Code   RO          952    locale$$code        c_w.l(lc_ctype_c.o)
    0x080086a4   0x080086a4   0x0000002c   Code   RO          955    locale$$code        c_w.l(lc_numeric_c.o)
    0x080086d0   0x080086d0   0x00000062   Code   RO         1023    x$fpl$d2f           fz_ws.l(d2f.o)
    0x08008732   0x08008732   0x00000002   PAD
    0x08008734   0x08008734   0x00000150   Code   RO          689    x$fpl$dadd          fz_ws.l(daddsub_clz.o)
    0x08008884   0x08008884   0x00000010   Code   RO         1084    x$fpl$dcheck1       fz_ws.l(dcheck1.o)
    0x08008894   0x08008894   0x00000018   Code   RO          864    x$fpl$dcmpinf       fz_ws.l(dcmpi.o)
    0x080088ac   0x080088ac   0x00000078   Code   RO         1025    x$fpl$deqf          fz_ws.l(deqf.o)
    0x08008924   0x08008924   0x0000005e   Code   RO          695    x$fpl$dfix          fz_ws.l(dfix.o)
    0x08008982   0x08008982   0x0000002e   Code   RO          700    x$fpl$dflt          fz_ws.l(dflt_clz.o)
    0x080089b0   0x080089b0   0x00000026   Code   RO          699    x$fpl$dfltu         fz_ws.l(dflt_clz.o)
    0x080089d6   0x080089d6   0x00000002   PAD
    0x080089d8   0x080089d8   0x00000078   Code   RO          705    x$fpl$dleqf         fz_ws.l(dleqf.o)
    0x08008a50   0x08008a50   0x00000154   Code   RO          707    x$fpl$dmul          fz_ws.l(dmul.o)
    0x08008ba4   0x08008ba4   0x0000009c   Code   RO          866    x$fpl$dnaninf       fz_ws.l(dnaninf.o)
    0x08008c40   0x08008c40   0x0000000c   Code   RO          868    x$fpl$dretinf       fz_ws.l(dretinf.o)
    0x08008c4c   0x08008c4c   0x0000006c   Code   RO          709    x$fpl$drleqf        fz_ws.l(drleqf.o)
    0x08008cb8   0x08008cb8   0x000001d4   Code   RO          691    x$fpl$dsub          fz_ws.l(daddsub_clz.o)
    0x08008e8c   0x08008e8c   0x00000056   Code   RO          711    x$fpl$f2d           fz_ws.l(f2d.o)
    0x08008ee2   0x08008ee2   0x0000008c   Code   RO          870    x$fpl$fnaninf       fz_ws.l(fnaninf.o)
    0x08008f6e   0x08008f6e   0x0000000a   Code   RO         1059    x$fpl$fretinf       fz_ws.l(fretinf.o)
    0x08008f78   0x08008f78   0x00000006   Code   RO          976    x$fpl$ieeestatus    fz_ws.l(istatus.o)
    0x08008f7e   0x08008f7e   0x00000004   Code   RO          713    x$fpl$printf1       fz_ws.l(printf1.o)
    0x08008f82   0x08008f82   0x00000064   Code   RO         1124    x$fpl$retnan        fz_ws.l(retnan.o)
    0x08008fe6   0x08008fe6   0x0000005c   Code   RO         1061    x$fpl$scalbn        fz_ws.l(scalbn.o)
    0x08009042   0x08009042   0x00000004   Code   RO          715    x$fpl$scanf1        fz_ws.l(scanf1.o)
    0x08009046   0x08009046   0x00000008   Code   RO          978    x$fpl$scanf2        fz_ws.l(scanf2.o)
    0x0800904e   0x0800904e   0x00000030   Code   RO         1126    x$fpl$trapveneer    fz_ws.l(trapv.o)
    0x0800907e   0x0800907e   0x00000000   Code   RO          872    x$fpl$usenofp       fz_ws.l(usenofp.o)
    0x0800907e   0x0800907e   0x00000028   Data   RO          627    .constdata          c_w.l(_printf_hex_int_ll_ptr.o)
    0x080090a6   0x080090a6   0x00000011   Data   RO          647    .constdata          c_w.l(__printf_flags_ss_wp.o)
    0x080090b7   0x080090b7   0x00000001   PAD
    0x080090b8   0x080090b8   0x00000008   Data   RO          775    .constdata          c_w.l(_printf_wctomb.o)
    0x080090c0   0x080090c0   0x00000094   Data   RO          921    .constdata          c_w.l(bigflt0.o)
    0x08009154   0x08009154   0x00000020   Data   RO         1128    Region$$Table       anon$$obj.o
    0x08009174   0x08009174   0x00000008   Data   RO          970    c$$dinf             fz_ws.l(fpconst.o)
    0x0800917c   0x0800917c   0x00000008   Data   RO          973    c$$dmax             fz_ws.l(fpconst.o)
    0x08009184   0x08009184   0x00000110   Data   RO          951    locale$$data        c_w.l(lc_ctype_c.o)
    0x08009294   0x08009294   0x0000001c   Data   RO          954    locale$$data        c_w.l(lc_numeric_c.o)


    Execution Region RW_IRAM1 (Exec base: 0x20000000, Load base: 0x080092b0, Size: 0x000015f8, Max: 0x00005000, ABSOLUTE)

    Exec Addr    Load Addr    Size         Type   Attr      Idx    E Section Name        Object

    0x20000000   0x080092b0   0x00000043   Data   RW            3    .data               main.o
    0x20000043   0x080092f3   0x00000001   PAD
    0x20000044   0x080092f4   0x00000014   Data   RW          201    .data               system_stm32f10x.o
    0x20000058   0x08009308   0x00000014   Data   RW          251    .data               cjson.o
    0x2000006c   0x0800931c   0x00000006   Data   RW          318    .data               esp8266.o
    0x20000072   0x08009322   0x00000004   Data   RW          381    .data               delay.o
    0x20000076   0x08009326   0x00000002   PAD
    0x20000078   0x08009328   0x0000000a   Data   RW          412    .data               usart.o
    0x20000082   0x08009332   0x00000014   Data   RW          467    .data               stm32f10x_rcc.o
    0x20000096   0x08009346   0x00000002   PAD
    0x20000098   0x08009348   0x00000004   Data   RW          665    .data               c_w.l(strtok.o)
    0x2000009c        -       0x000001d3   Zero   RW            2    .bss                main.o
    0x2000026f   0x0800934c   0x00000001   PAD
    0x20000270        -       0x000000e2   Zero   RW          219    .bss                round_queue.o
    0x20000352   0x0800934c   0x00000006   PAD
    0x20000358        -       0x00000030   Zero   RW          234    .bss                packet.o
    0x20000388        -       0x0000000f   Zero   RW          250    .bss                cjson.o
    0x20000397        -       0x00000116   Zero   RW          317    .bss                esp8266.o
    0x200004ad   0x0800934c   0x00000003   PAD
    0x200004b0        -       0x000000e4   Zero   RW          661    .bss                c_w.l(rand.o)
    0x20000594        -       0x00000060   Zero   RW          876    .bss                c_w.l(libspace.o)
    0x200005f4   0x0800934c   0x00000004   PAD
    0x200005f8        -       0x00000c00   Zero   RW          448    HEAP                startup_stm32f10x_hd.o
    0x200011f8        -       0x00000400   Zero   RW          447    STACK               startup_stm32f10x_hd.o


==============================================================================

Image component sizes


      Code (inc. data)   RO Data    RW Data    ZI Data      Debug   Object Name

       764         28          0          0          0       1468   check_buffer.o
      8792        178          0         20         15      42852   cjson.o
       212         18          0          4          0       1027   delay.o
       724        274          0          6        278       2468   esp8266.o
        90          0          0          0          0       1331   func.o
        64          6          0          0          0        479   led.o
      1180        216          0         67        467     259250   main.o
       220         22          0          0          0       1785   misc.o
       624         18          0          0         48       3258   packet.o
       820          6          0          0        226       5311   round_queue.o
        64         26        304          0       4096        792   startup_stm32f10x_hd.o
       860         38          0          0          0       5717   stm32f10x_gpio.o
        26          0          0          0          0       1170   stm32f10x_it.o
       932         36          0         20          0       8884   stm32f10x_rcc.o
      3610         88          0          0          0      22824   stm32f10x_tim.o
      1032         22          0          0          0       8440   stm32f10x_usart.o
         0          0          0          0          0         32   sys.o
       480         38          0         20          0       1715   system_stm32f10x.o
       208         24          0          0          0        824   timer.o
       912         38          0         10          0       6395   usart.o

    ----------------------------------------------------------------------
     21618       1076        336        152       5140     376022   Object Totals
         0          0         32          0          0          0   (incl. Generated)
         4          0          0          5         10          0   (incl. Padding)

    ----------------------------------------------------------------------

      Code (inc. data)   RO Data    RW Data    ZI Data      Debug   Library Member Name

        60          8          0          0          0         84   __0sscanf.o
        24          4          0          0          0         84   __2printf.o
        44          6          0          0          0         84   __2sprintf.o
         8          0          0          0          0         68   __main.o
       392          4         17          0          0         92   __printf_flags_ss_wp.o
        14          0          0          0          0         68   __printf_wp.o
         0          0          0          0          0          0   __rtentry.o
        12          0          0          0          0          0   __rtentry2.o
         6          0          0          0          0          0   __rtentry4.o
        52          8          0          0          0          0   __scatter.o
        26          0          0          0          0          0   __scatter_copy.o
        28          0          0          0          0          0   __scatter_zi.o
        28          0          0          0          0         68   _chval.o
         6          0          0          0          0          0   _printf_a.o
         6          0          0          0          0          0   _printf_c.o
        44          0          0          0          0        108   _printf_char.o
        48          6          0          0          0         96   _printf_char_common.o
        36          4          0          0          0         80   _printf_char_file.o
        40          0          0          0          0         68   _printf_charcount.o
         6          0          0          0          0          0   _printf_d.o
       120         16          0          0          0         92   _printf_dec.o
         6          0          0          0          0          0   _printf_e.o
         6          0          0          0          0          0   _printf_f.o
      1054          0          0          0          0        216   _printf_fp_dec.o
       128         16          0          0          0         84   _printf_fp_infnan.o
         6          0          0          0          0          0   _printf_g.o
       148          4         40          0          0        160   _printf_hex_int_ll_ptr.o
         6          0          0          0          0          0   _printf_i.o
       178          0          0          0          0         88   _printf_intcommon.o
        10          0          0          0          0          0   _printf_l.o
         6          0          0          0          0          0   _printf_lc.o
        10          0          0          0          0          0   _printf_ll.o
         6          0          0          0          0          0   _printf_lld.o
         6          0          0          0          0          0   _printf_lli.o
         6          0          0          0          0          0   _printf_llo.o
         6          0          0          0          0          0   _printf_llu.o
         6          0          0          0          0          0   _printf_llx.o
       124         16          0          0          0         92   _printf_longlong_dec.o
         6          0          0          0          0          0   _printf_ls.o
         6          0          0          0          0          0   _printf_n.o
         6          0          0          0          0          0   _printf_o.o
       112         10          0          0          0        124   _printf_oct_int_ll.o
         6          0          0          0          0          0   _printf_p.o
        78          0          0          0          0        108   _printf_pad.o
         0          0          0          0          0          0   _printf_percent.o
         4          0          0          0          0          0   _printf_percent_end.o
         6          0          0          0          0          0   _printf_s.o
        82          0          0          0          0         80   _printf_str.o
        36          0          0          0          0         84   _printf_truncate.o
         6          0          0          0          0          0   _printf_u.o
        44          0          0          0          0        108   _printf_wchar.o
       188          6          8          0          0         92   _printf_wctomb.o
         6          0          0          0          0          0   _printf_x.o
        22          0          0          0          0        100   _rserrno.o
       884          6          0          0          0        100   _scanf.o
        64          0          0          0          0         84   _sgetc.o
        10          0          0          0          0         68   _sputc.o
       158          0          0          0          0         92   _strtoul.o
        64          0          0          0          0         92   _wcrtomb.o
        26          0          0          0          0         80   atoi.o
       228          4        148          0          0         96   bigflt0.o
      2152        136          0          0          0        960   btod.o
        24          4          0          0          0         84   c89printf.o
        10          0          0          0          0         68   defsig_exit.o
        50          0          0          0          0         88   defsig_general.o
        80         58          0          0          0         76   defsig_rtmem_inner.o
        14          0          0          0          0         80   defsig_rtmem_outer.o
        18          0          0          0          0         80   exit.o
         8          0          0          0          0         68   ferror.o
        94          0          0          0          0         80   h1_alloc.o
        52          0          0          0          0         68   h1_extend.o
        78          0          0          0          0         80   h1_free.o
        14          0          0          0          0         84   h1_init.o
       184          0          0          0          0         92   h1_realloc.o
         6          0          0          0          0        152   heapauxi.o
         4          0          0          0          0        136   hguard.o
       138          0          0          0          0        168   init_alloc.o
        18          0          0          0          0         76   isspace.o
        44         10        272          0          0         76   lc_ctype_c.o
        44         10         28          0          0         76   lc_numeric_c.o
         2          0          0          0          0          0   libinit.o
        42          0          0          0          0          0   libinit2.o
         2          0          0          0          0          0   libshutdown.o
         2          0          0          0          0          0   libshutdown2.o
         8          4          0          0         96         68   libspace.o
        38          0          0          0          0         68   llshl.o
       138          0          0          0          0         80   lludiv10.o
         0          0          0          0          0          0   maybetermalloc1.o
       112         18          0          0        228        160   rand.o
        16          4          0          0          0         76   rt_ctype_table.o
         8          4          0          0          0         68   rt_errno_addr_intlibspace.o
         8          4          0          0          0         68   rt_heap_descriptor_intlibspace.o
         8          4          0          0          0         68   rt_locale_intlibspace.o
        68          0          0          0          0         68   rt_memclr.o
        78          0          0          0          0         80   rt_memclr_w.o
       138          0          0          0          0         68   rt_memcpy_v6.o
       100          0          0          0          0         80   rt_memcpy_w.o
         2          0          0          0          0          0   rtexit.o
        10          0          0          0          0          0   rtexit2.o
        44          8          0          0          0         84   scanf_char.o
      1272         16          0          0          0        168   scanf_fp.o
       800         14          0          0          0        100   scanf_hexfp.o
       308         16          0          0          0        100   scanf_infnan.o
       128          0          0          0          0         68   strcmpv7m.o
        72          0          0          0          0         80   strcpy.o
        32          0          0          0          0         80   strcspn.o
        62          0          0          0          0         76   strlen.o
       150          0          0          0          0         80   strncmp.o
        86          0          0          0          0         76   strncpy.o
        28          0          0          0          0         80   strspn.o
        36          0          0          0          0         80   strstr.o
       164         14          0          0          0        120   strtod.o
        12          6          0          4          0         68   strtok.o
        68          4          0          0          0         84   strtok_int.o
       112          0          0          0          0         88   strtol.o
        74          0          0          0          0         80   sys_stackheap_outer.o
        26          0          0          0          0         76   tolower.o
         2          0          0          0          0         68   use_no_semi.o
         2          0          0          0          0         68   use_no_semi_2.o
        98          4          0          0          0         92   d2f.o
       804         16          0          0          0        272   daddsub_clz.o
        16          4          0          0          0         68   dcheck1.o
        24          0          0          0          0         68   dcmpi.o
       120          4          0          0          0         92   deqf.o
        94          4          0          0          0         92   dfix.o
        84          0          0          0          0        136   dflt_clz.o
       120          4          0          0          0         92   dleqf.o
       340         12          0          0          0        104   dmul.o
       156          4          0          0          0         92   dnaninf.o
        12          0          0          0          0         68   dretinf.o
       108          0          0          0          0         80   drleqf.o
        86          4          0          0          0         84   f2d.o
       140          4          0          0          0         84   fnaninf.o
         0          0         16          0          0          0   fpconst.o
        10          0          0          0          0         68   fretinf.o
         6          0          0          0          0         68   istatus.o
         4          0          0          0          0         68   printf1.o
       100          0          0          0          0         68   retnan.o
        92          0          0          0          0         68   scalbn.o
         4          0          0          0          0         68   scanf1.o
         8          0          0          0          0         84   scanf2.o
        48          0          0          0          0         68   trapv.o
         0          0          0          0          0          0   usenofp.o
        30          6          0          0          0        136   dunder.o
        40          0          0          0          0         68   fpclassify.o
        88          8          0          0          0         76   frexp.o
       138          0          0          0          0        160   ldexp.o
       204          4          0          0          0        168   narrow.o
        28          0          0          0          0         80   strtod.o

    ----------------------------------------------------------------------
     15068        530        530          4        328      10880   Library Totals
        22          0          1          0          4          0   (incl. Padding)

    ----------------------------------------------------------------------

      Code (inc. data)   RO Data    RW Data    ZI Data      Debug   Library Name

     12044        452        513          4        324       8208   c_w.l
      2474         60         16          0          0       1984   fz_ws.l
       528         18          0          0          0        688   m_ws.l

    ----------------------------------------------------------------------
     15068        530        530          4        328      10880   Library Totals

    ----------------------------------------------------------------------

==============================================================================


      Code (inc. data)   RO Data    RW Data    ZI Data      Debug   

     36686       1606        866        156       5468     378786   Grand Totals
     36686       1606        866        156       5468     378786   ELF Image Totals
     36686       1606        866        156          0          0   ROM Totals

==============================================================================

    Total RO  Size (Code + RO Data)                37552 (  36.67kB)
    Total RW  Size (RW Data + ZI Data)              5624 (   5.49kB)
    Total ROM Size (Code + RO Data + RW Data)      37708 (  36.82kB)

==============================================================================

