Component: ARM Compiler 5.06 update 6 (build 750) Tool: armlink [4d35ed]

==============================================================================

Section Cross References

    main.o(.text) refers to _printf_pad.o(.text) for _printf_pre_padding
    main.o(.text) refers to _printf_percent.o(.ARM.Collect$$_printf_percent$$00000000) for _printf_percent
    main.o(.text) refers to _printf_d.o(.ARM.Collect$$_printf_percent$$00000009) for _printf_d
    main.o(.text) refers to _printf_dec.o(.text) for _printf_int_dec
    main.o(.text) refers to cjson.o(.text) for cJSON_CreateObject
    main.o(.text) refers to __2sprintf.o(.text) for __2sprintf
    main.o(.text) refers to dflt_clz.o(x$fpl$dfltu) for __aeabi_ui2d
    main.o(.text) refers to packet.o(.text) for newPacketSend
    main.o(.text) refers to h1_free.o(.text) for free
    main.o(.text) refers to func.o(.text) for readInt
    main.o(.text) refers to strtok.o(.text) for strtok
    main.o(.text) refers to atoi.o(.text) for atoi
    main.o(.text) refers to delay.o(.text) for delay_init
    main.o(.text) refers to misc.o(.text) for NVIC_PriorityGroupConfig
    main.o(.text) refers to usart.o(.text) for uart_init
    main.o(.text) refers to led.o(.text) for LED_Init
    main.o(.text) refers to round_queue.o(.text) for getBufferLen
    main.o(.text) refers to esp8266.o(.text) for esp8266_at_parse
    main.o(.text) refers to packet.o(.bss) for packetRecv
    main.o(.text) refers to main.o(.data) for no_conn_time_out
    main.o(.text) refers to esp8266.o(.data) for ESP8266_STA
    main.o(.text) refers to usart.o(.data) for USART_RX_STA
    main.o(.text) refers to esp8266.o(.bss) for at_buffer
    system_stm32f10x.o(.text) refers to system_stm32f10x.o(.data) for SystemCoreClock
    round_queue.o(.text) refers to rt_memcpy_v6.o(.text) for __aeabi_memcpy
    round_queue.o(.text) refers to round_queue.o(.bss) for rcv_buf
    packet.o(.text) refers to h1_free.o(.text) for free
    packet.o(.text) refers to h1_alloc.o(.text) for malloc
    packet.o(.text) refers to rt_memcpy_v6.o(.text) for __aeabi_memcpy
    packet.o(.text) refers to rand.o(.emb_text) for rand
    packet.o(.text) refers to strlen.o(.text) for strlen
    packet.o(.text) refers to usart.o(.text) for UART_Send
    packet.o(.text) refers to round_queue.o(.text) for getBufferLen
    packet.o(.text) refers to delay.o(.text) for delay_ms
    packet.o(.text) refers to packet.o(.bss) for packetSend
    packet.o(.text) refers to usart.o(.data) for USART_RX_STA
    cjson.o(.text) refers to _printf_percent.o(.ARM.Collect$$_printf_percent$$00000000) for _printf_percent
    cjson.o(.text) refers to _printf_i.o(.ARM.Collect$$_printf_percent$$00000008) for _printf_i
    cjson.o(.text) refers to _printf_dec.o(.text) for _printf_int_dec
    cjson.o(.text) refers to _printf_pad.o(.text) for _printf_pre_padding
    cjson.o(.text) refers to _printf_g.o(.ARM.Collect$$_printf_percent$$00000005) for _printf_g
    cjson.o(.text) refers to printf1.o(x$fpl$printf1) for _printf_fp_dec
    cjson.o(.text) refers to scanf1.o(x$fpl$scanf1) for _scanf_real
    cjson.o(.text) refers to _printf_x.o(.ARM.Collect$$_printf_percent$$0000000C) for _printf_x
    cjson.o(.text) refers to _printf_hex_int.o(.text) for _printf_longlong_hex
    cjson.o(.text) refers to __2sprintf.o(.text) for __2sprintf
    cjson.o(.text) refers to tolower.o(.text) for tolower
    cjson.o(.text) refers to strlen.o(.text) for strlen
    cjson.o(.text) refers to rt_memcpy_v6.o(.text) for __aeabi_memcpy
    cjson.o(.text) refers to rt_memclr_w.o(.text) for __aeabi_memclr4
    cjson.o(.text) refers to strtod.o(i.strtod) for strtod
    cjson.o(.text) refers to drleqf.o(x$fpl$drleqf) for __aeabi_cdrcmple
    cjson.o(.text) refers to dleqf.o(x$fpl$dleqf) for __aeabi_cdcmple
    cjson.o(.text) refers to dfix.o(x$fpl$dfix) for __aeabi_d2iz
    cjson.o(.text) refers to strcpy.o(.text) for strcpy
    cjson.o(.text) refers to cjson.o(.data) for global_error
    cjson.o(.text) refers to cjson.o(.bss) for version
    cjson.o(.text) refers to h1_alloc.o(.text) for malloc
    cjson.o(.text) refers to h1_free.o(.text) for free
    cjson.o(.text) refers to h1_realloc.o(.text) for realloc
    cjson.o(.text) refers to dmul.o(x$fpl$dmul) for __aeabi_dmul
    cjson.o(.text) refers to daddsub_clz.o(x$fpl$dsub) for __aeabi_dsub
    cjson.o(.text) refers to __0sscanf.o(.text) for __0sscanf
    cjson.o(.text) refers to strncmp.o(.text) for strncmp
    cjson.o(.text) refers to strcmpv7m.o(.text) for strcmp
    cjson.o(.text) refers to rt_memcpy_w.o(.text) for __aeabi_memcpy4
    cjson.o(.text) refers to dflt_clz.o(x$fpl$dflt) for __aeabi_i2d
    cjson.o(.text) refers to f2d.o(x$fpl$f2d) for __aeabi_f2d
    cjson.o(.data) refers to h1_alloc.o(.text) for malloc
    cjson.o(.data) refers to h1_free.o(.text) for free
    cjson.o(.data) refers to h1_realloc.o(.text) for realloc
    esp8266.o(.text) refers to _printf_percent.o(.ARM.Collect$$_printf_percent$$00000000) for _printf_percent
[...]
    __ARM_use_no_argv                        0x00000000   Number         0  main.o ABSOLUTE
    _printf_flags                            0x00000000   Number         0  printf_stubs.o ABSOLUTE
    _printf_return_value                     0x00000000   Number         0  printf_stubs.o ABSOLUTE
    _printf_sizespec                         0x00000000   Number         0  printf_stubs.o ABSOLUTE
    _printf_widthprec                        0x00000000   Number         0  printf_stubs.o ABSOLUTE
    __ARM_exceptions_init                     - Undefined Weak Reference
    __alloca_initialize                       - Undefined Weak Reference
    __arm_preinit_                            - Undefined Weak Reference
    __cpp_initialize__aeabi_                  - Undefined Weak Reference
    __cxa_finalize                            - Undefined Weak Reference
    __sigvec_lookup                           - Undefined Weak Reference
    __user_heap_extent                        - Undefined Weak Reference
    _atexit_init                              - Undefined Weak Reference
    _call_atexit_fns                          - Undefined Weak Reference
    _clock_init                               - Undefined Weak Reference
    _fp_trap_init                             - Undefined Weak Reference
    _fp_trap_shutdown                         - Undefined Weak Reference
    _get_lc_collate                           - Undefined Weak Reference
    _get_lc_monetary                          - Undefined Weak Reference
    _get_lc_time                              - Undefined Weak Reference
    _getenv_init                              - Undefined Weak Reference
    _handle_redirection                       - Undefined Weak Reference
    _initio                                   - Undefined Weak Reference
    _mutex_acquire                            - Undefined Weak Reference
    _mutex_free                               - Undefined Weak Reference
    _mutex_release                            - Undefined Weak Reference
    _printf_mbtowc                            - Undefined Weak Reference
    _printf_truncate_signed                   - Undefined Weak Reference
    _printf_truncate_unsigned                 - Undefined Weak Reference
    _scanf_int                                - Undefined Weak Reference
    _scanf_longlong                           - Undefined Weak Reference
    _scanf_mbtowc                             - Undefined Weak Reference
    _scanf_string                             - Undefined Weak Reference
    _scanf_wctomb                             - Undefined Weak Reference
    _scanf_wstring                            - Undefined Weak Reference
    _signal_finish                            - Undefined Weak Reference
    _signal_init                              - Undefined Weak Reference
    _terminateio                              - Undefined Weak Reference
    __Vectors_Size                           0x00000130   Number         0  startup_stm32f10x_hd.o ABSOLUTE
    __Vectors                                0x08000000   Data           4  startup_stm32f10x_hd.o(RESET)
    __Vectors_End                            0x08000130   Data           0  startup_stm32f10x_hd.o(RESET)
    __main                                   0x08000131   Thumb Code     8  __main.o(!!!main)
    __scatterload                            0x08000139   Thumb Code     0  __scatter.o(!!!scatter)
    __scatterload_rt2                        0x08000139   Thumb Code    44  __scatter.o(!!!scatter)
    __scatterload_rt2_thumb_only             0x08000139   Thumb Code     0  __scatter.o(!!!scatter)
    __scatterload_null                       0x08000147   Thumb Code     0  __scatter.o(!!!scatter)
    __scatterload_copy                       0x0800016d   Thumb Code    26  __scatter_copy.o(!!handler_copy)
    __scatterload_zeroinit                   0x08000189   Thumb Code    28  __scatter_zi.o(!!handler_zi)
    _printf_g                                0x080001a5   Thumb Code     0  _printf_g.o(.ARM.Collect$$_printf_percent$$00000005)
    _printf_percent                          0x080001a5   Thumb Code     0  _printf_percent.o(.ARM.Collect$$_printf_percent$$00000000)
    _printf_i                                0x080001ab   Thumb Code     0  _printf_i.o(.ARM.Collect$$_printf_percent$$00000008)
    _printf_d                                0x080001b1   Thumb Code     0  _printf_d.o(.ARM.Collect$$_printf_percent$$00000009)
    _printf_x                                0x080001b7   Thumb Code     0  _printf_x.o(.ARM.Collect$$_printf_percent$$0000000C)
    _printf_s                                0x080001bd   Thumb Code     0  _printf_s.o(.ARM.Collect$$_printf_percent$$00000014)
    _printf_percent_end                      0x080001c3   Thumb Code     0  _printf_percent_end.o(.ARM.Collect$$_printf_percent$$00000017)
    __rt_lib_init                            0x080001c7   Thumb Code     0  libinit.o(.ARM.Collect$$libinit$$00000000)
    __rt_lib_init_fp_1                       0x080001c9   Thumb Code     0  libinit2.o(.ARM.Collect$$libinit$$00000002)
    __rt_lib_init_heap_2                     0x080001c9   Thumb Code     0  libinit2.o(.ARM.Collect$$libinit$$00000005)
    __rt_lib_init_preinit_1                  0x080001c9   Thumb Code     0  libinit2.o(.ARM.Collect$$libinit$$00000004)
    __rt_lib_init_heap_1                     0x080001d1   Thumb Code     0  libinit2.o(.ARM.Collect$$libinit$$0000000A)
    __rt_lib_init_rand_2                     0x080001d1   Thumb Code     0  libinit2.o(.ARM.Collect$$libinit$$0000000D)
    __rt_lib_init_user_alloc_1               0x080001d1   Thumb Code     0  libinit2.o(.ARM.Collect$$libinit$$0000000C)
    __rt_lib_init_lc_common                  0x080001d5   Thumb Code     0  libinit2.o(.ARM.Collect$$libinit$$0000000F)
    __rt_lib_init_rand_1                     0x080001d5   Thumb Code     0  libinit2.o(.ARM.Collect$$libinit$$0000000E)
    __rt_lib_init_lc_collate_1               0x080001db   Thumb Code     0  libinit2.o(.ARM.Collect$$libinit$$00000011)
    __rt_lib_init_lc_ctype_2                 0x080001db   Thumb Code     0  libinit2.o(.ARM.Collect$$libinit$$00000012)
    __rt_lib_init_lc_ctype_1                 0x080001e7   Thumb Code     0  libinit2.o(.ARM.Collect$$libinit$$00000013)
    __rt_lib_init_lc_monetary_1              0x080001e7   Thumb Code     0  libinit2.o(.ARM.Collect$$libinit$$00000015)
    __rt_lib_init_lc_numeric_2               0x080001e7   Thumb Code     0  libinit2.o(.ARM.Collect$$libinit$$00000016)
    __rt_lib_init_alloca_1                   0x080001f1   Thumb Code     0  libinit2.o(.ARM.Collect$$libinit$$0000002E)
    __rt_lib_init_argv_1                     0x080001f1   Thumb Code     0  libinit2.o(.ARM.Collect$$libinit$$0000002C)
    __rt_lib_init_atexit_1                   0x080001f1   Thumb Code     0  libinit2.o(.ARM.Collect$$libinit$$0000001B)
    __rt_lib_init_clock_1                    0x080001f1   Thumb Code     0  libinit2.o(.ARM.Collect$$libinit$$00000021)
    __rt_lib_init_cpp_1                      0x080001f1   Thumb Code     0  libinit2.o(.ARM.Collect$$libinit$$00000032)
    __rt_lib_init_exceptions_1               0x080001f1   Thumb Code     0  libinit2.o(.ARM.Collect$$libinit$$00000030)
    __rt_lib_init_fp_trap_1                  0x080001f1   Thumb Code     0  libinit2.o(.ARM.Collect$$libinit$$0000001F)
    __rt_lib_init_getenv_1                   0x080001f1   Thumb Code     0  libinit2.o(.ARM.Collect$$libinit$$00000023)
    __rt_lib_init_lc_numeric_1               0x080001f1   Thumb Code     0  libinit2.o(.ARM.Collect$$libinit$$00000017)
    __rt_lib_init_lc_time_1                  0x080001f1   Thumb Code     0  libinit2.o(.ARM.Collect$$libinit$$00000019)
    __rt_lib_init_return                     0x080001f1   Thumb Code     0  libinit2.o(.ARM.Collect$$libinit$$00000033)
    __rt_lib_init_signal_1                   0x080001f1   Thumb Code     0  libinit2.o(.ARM.Collect$$libinit$$0000001D)
    __rt_lib_init_stdio_1                    0x080001f1   Thumb Code     0  libinit2.o(.ARM.Collect$$libinit$$00000025)
    __rt_lib_shutdown                        0x080001f3   Thumb Code     0  libshutdown.o(.ARM.Collect$$libshutdown$$00000000)
    __rt_lib_shutdown_cpp_1                  0x080001f5   Thumb Code     0  libshutdown2.o(.ARM.Collect$$libshutdown$$00000002)
    __rt_lib_shutdown_fp_trap_1              0x080001f5   Thumb Code     0  libshutdown2.o(.ARM.Collect$$libshutdown$$00000007)
    __rt_lib_shutdown_heap_1                 0x080001f5   Thumb Code     0  libshutdown2.o(.ARM.Collect$$libshutdown$$0000000F)
    __rt_lib_shutdown_return                 0x080001f5   Thumb Code     0  libshutdown2.o(.ARM.Collect$$libshutdown$$00000010)
    __rt_lib_shutdown_signal_1               0x080001f5   Thumb Code     0  libshutdown2.o(.ARM.Collect$$libshutdown$$0000000A)
    __rt_lib_shutdown_stdio_1                0x080001f5   Thumb Code     0  libshutdown2.o(.ARM.Collect$$libshutdown$$00000004)
    __rt_lib_shutdown_user_alloc_1           0x080001f5   Thumb Code     0  libshutdown2.o(.ARM.Collect$$libshutdown$$0000000C)
    __rt_entry                               0x080001f7   Thumb Code     0  __rtentry.o(.ARM.Collect$$rtentry$$00000000)
    __rt_entry_presh_1                       0x080001f7   Thumb Code     0  __rtentry2.o(.ARM.Collect$$rtentry$$00000002)
    __rt_entry_sh                            0x080001f7   Thumb Code     0  __rtentry4.o(.ARM.Collect$$rtentry$$00000004)
    __rt_entry_li                            0x080001fd   Thumb Code     0  __rtentry2.o(.ARM.Collect$$rtentry$$0000000A)
    __rt_entry_postsh_1                      0x080001fd   Thumb Code     0  __rtentry2.o(.ARM.Collect$$rtentry$$00000009)
    __rt_entry_main                          0x08000201   Thumb Code     0  __rtentry2.o(.ARM.Collect$$rtentry$$0000000D)
    __rt_entry_postli_1                      0x08000201   Thumb Code     0  __rtentry2.o(.ARM.Collect$$rtentry$$0000000C)
    __rt_exit                                0x08000209   Thumb Code     0  rtexit.o(.ARM.Collect$$rtexit$$00000000)
    __rt_exit_ls                             0x0800020b   Thumb Code     0  rtexit2.o(.ARM.Collect$$rtexit$$00000003)
    __rt_exit_prels_1                        0x0800020b   Thumb Code     0  rtexit2.o(.ARM.Collect$$rtexit$$00000002)
    __rt_exit_exit                           0x0800020f   Thumb Code     0  rtexit2.o(.ARM.Collect$$rtexit$$00000004)
    rand                                     0x08000215   Thumb Code    48  rand.o(.emb_text)
    _maybe_terminate_alloc                   0x08000249   Thumb Code     0  maybetermalloc1.o(.emb_text)
    addDeviceStatus2Json                     0x08000249   Thumb Code    72  main.o(.text)
    prosDeviceSyncPing                       0x08000291   Thumb Code    68  main.o(.text)
    parsePacket                              0x080002d5   Thumb Code   148  main.o(.text)
    main                                     0x08000369   Thumb Code   234  main.o(.text)
    NMI_Handler                              0x08000495   Thumb Code     2  stm32f10x_it.o(.text)
    HardFault_Handler                        0x08000497   Thumb Code     4  stm32f10x_it.o(.text)
    MemManage_Handler                        0x0800049b   Thumb Code     4  stm32f10x_it.o(.text)
    BusFault_Handler                         0x0800049f   Thumb Code     4  stm32f10x_it.o(.text)
    UsageFault_Handler                       0x080004a3   Thumb Code     4  stm32f10x_it.o(.text)
    SVC_Handler                              0x080004a7   Thumb Code     2  stm32f10x_it.o(.text)
    DebugMon_Handler                         0x080004a9   Thumb Code     2  stm32f10x_it.o(.text)
    PendSV_Handler                           0x080004ab   Thumb Code     2  stm32f10x_it.o(.text)
    SysTick_Handler                          0x080004ad   Thumb Code     2  stm32f10x_it.o(.text)
    SystemInit                               0x0800058f   Thumb Code    78  system_stm32f10x.o(.text)
    SystemCoreClockUpdate                    0x080005dd   Thumb Code   142  system_stm32f10x.o(.text)
    resetBuffer                              0x08000691   Thumb Code    12  round_queue.o(.text)
    getBufferLen                             0x0800069d   Thumb Code    38  round_queue.o(.text)
    moveReaderPos                            0x080006c3   Thumb Code    40  round_queue.o(.text)
    write2buffer                             0x080006eb   Thumb Code    70  round_queue.o(.text)
    tryReadFromBuffer                        0x08000731   Thumb Code    98  round_queue.o(.text)
    tryReadFromBufferOffset                  0x08000793   Thumb Code    44  round_queue.o(.text)
    tryReadFromBufferBackOffset              0x080007bf   Thumb Code    54  round_queue.o(.text)
    tryLastIndexOf1Or2                       0x080007f5   Thumb Code    36  round_queue.o(.text)
    readFromBuffer                           0x08000819   Thumb Code    36  round_queue.o(.text)
    readAtFromBuffer                         0x0800083d   Thumb Code    24  round_queue.o(.text)
    tryReadShort                             0x08000855   Thumb Code    40  round_queue.o(.text)
    tryReadShortOffset                       0x0800087d   Thumb Code    42  round_queue.o(.text)
    readShort                                0x080008a7   Thumb Code    18  round_queue.o(.text)
    readByte                                 0x080008b9   Thumb Code    52  round_queue.o(.text)
    tryReadLong                              0x080008ed   Thumb Code   138  round_queue.o(.text)
    tryReadLongOffset                        0x08000977   Thumb Code    50  round_queue.o(.text)
    readLong                                 0x080009a9   Thumb Code    22  round_queue.o(.text)
    buildPacket                              0x080009c5   Thumb Code    88  packet.o(.text)
    newPacketSendNullData                    0x08000a1d   Thumb Code    30  packet.o(.text)
    newPacketSend                            0x08000a3b   Thumb Code    48  packet.o(.text)
    getPacketLength                          0x08000a6b   Thumb Code    10  packet.o(.text)
    getPacketBytes                           0x08000a75   Thumb Code   132  packet.o(.text)
    freePacket                               0x08000af9   Thumb Code    24  packet.o(.text)
    Send_Packet_And_Free                     0x08000b11   Thumb Code    50  packet.o(.text)
    try2ParseTcpPacket                       0x08000b43   Thumb Code   224  packet.o(.text)
    cJSON_GetErrorPtr                        0x08000c35   Thumb Code    12  cjson.o(.text)
    cJSON_IsString                           0x08000c41   Thumb Code    22  cjson.o(.text)
    cJSON_GetStringValue                     0x08000c57   Thumb Code    20  cjson.o(.text)
    cJSON_IsNumber                           0x08000c6b   Thumb Code    22  cjson.o(.text)
    cJSON_GetNumberValue                     0x08000c81   Thumb Code    24  cjson.o(.text)
    cJSON_Version                            0x08000c99   Thumb Code    22  cjson.o(.text)
    cJSON_InitHooks                          0x08000d2f   Thumb Code    82  cjson.o(.text)
    cJSON_Delete                             0x08000d9b   Thumb Code    84  cjson.o(.text)
    cJSON_SetNumberHelper                    0x08000f1d   Thumb Code    72  cjson.o(.text)
    cJSON_free                               0x08000f65   Thumb Code    14  cjson.o(.text)
    cJSON_SetValuestring                     0x08000f73   Thumb Code    94  cjson.o(.text)
    cJSON_ParseWithLengthOpts                0x08001afd   Thumb Code   204  cjson.o(.text)
    cJSON_ParseWithOpts                      0x08001bc9   Thumb Code    40  cjson.o(.text)
    cJSON_Parse                              0x08001bf1   Thumb Code    16  cjson.o(.text)
    cJSON_ParseWithLength                    0x08001c01   Thumb Code    20  cjson.o(.text)
    cJSON_Print                              0x08001ff9   Thumb Code    16  cjson.o(.text)
    cJSON_PrintUnformatted                   0x08002009   Thumb Code    16  cjson.o(.text)
    cJSON_PrintBuffered                      0x08002019   Thumb Code    90  cjson.o(.text)
    cJSON_PrintPreallocated                  0x08002073   Thumb Code    64  cjson.o(.text)
    cJSON_GetArraySize                       0x080020b3   Thumb Code    28  cjson.o(.text)
    cJSON_GetArrayItem                       0x080020ed   Thumb Code    24  cjson.o(.text)
    cJSON_GetObjectItem                      0x08002157   Thumb Code    18  cjson.o(.text)
    cJSON_GetObjectItemCaseSensitive         0x08002169   Thumb Code    18  cjson.o(.text)
    cJSON_HasObjectItem                      0x0800217b   Thumb Code    24  cjson.o(.text)
    cJSON_AddItemToArray                     0x0800220b   Thumb Code    16  cjson.o(.text)
    cJSON_AddItemToObject                    0x08002297   Thumb Code    26  cjson.o(.text)
    cJSON_AddItemToObjectCS                  0x080022b1   Thumb Code    26  cjson.o(.text)
    cJSON_AddItemReferenceToArray            0x080022cb   Thumb Code    32  cjson.o(.text)
    cJSON_AddItemReferenceToObject           0x080022eb   Thumb Code    44  cjson.o(.text)
    cJSON_CreateNull                         0x08002317   Thumb Code    20  cjson.o(.text)
    cJSON_AddNullToObject                    0x0800232b   Thumb Code    44  cjson.o(.text)
    cJSON_CreateTrue                         0x08002357   Thumb Code    20  cjson.o(.text)
    cJSON_AddTrueToObject                    0x0800236b   Thumb Code    44  cjson.o(.text)
    cJSON_CreateFalse                        0x08002397   Thumb Code    20  cjson.o(.text)
    cJSON_AddFalseToObject                   0x080023ab   Thumb Code    44  cjson.o(.text)
    cJSON_CreateBool                         0x080023d7   Thumb Code    34  cjson.o(.text)
    cJSON_AddBoolToObject                    0x080023f9   Thumb Code    48  cjson.o(.text)
    cJSON_CreateNumber                       0x08002429   Thumb Code    82  cjson.o(.text)
    cJSON_AddNumberToObject                  0x0800247b   Thumb Code    56  cjson.o(.text)
    cJSON_CreateString                       0x080024b3   Thumb Code    46  cjson.o(.text)
    cJSON_AddStringToObject                  0x080024e1   Thumb Code    48  cjson.o(.text)
    cJSON_CreateRaw                          0x08002511   Thumb Code    46  cjson.o(.text)
    cJSON_AddRawToObject                     0x0800253f   Thumb Code    48  cjson.o(.text)
    cJSON_CreateObject                       0x0800256f   Thumb Code    20  cjson.o(.text)
    cJSON_AddObjectToObject                  0x08002583   Thumb Code    44  cjson.o(.text)
    cJSON_CreateArray                        0x080025af   Thumb Code    20  cjson.o(.text)
    cJSON_AddArrayToObject                   0x080025c3   Thumb Code    44  cjson.o(.text)
    cJSON_DetachItemViaPointer               0x080025ef   Thumb Code    64  cjson.o(.text)
    cJSON_DetachItemFromArray                0x0800262f   Thumb Code    34  cjson.o(.text)
    cJSON_DeleteItemFromArray                0x08002651   Thumb Code    22  cjson.o(.text)
    cJSON_DetachItemFromObject               0x08002667   Thumb Code    26  cjson.o(.text)
    cJSON_DetachItemFromObjectCaseSensitive  0x08002681   Thumb Code    26  cjson.o(.text)
    cJSON_DeleteItemFromObject               0x0800269b   Thumb Code    22  cjson.o(.text)
    cJSON_DeleteItemFromObjectCaseSensitive  0x080026b1   Thumb Code    22  cjson.o(.text)
    cJSON_InsertItemInArray                  0x080026c7   Thumb Code    70  cjson.o(.text)
    cJSON_ReplaceItemViaPointer              0x0800270d   Thumb Code    96  cjson.o(.text)
    cJSON_ReplaceItemInArray                 0x0800276d   Thumb Code    42  cjson.o(.text)
    cJSON_ReplaceItemInObject                0x080027f9   Thumb Code    22  cjson.o(.text)
    cJSON_ReplaceItemInObjectCaseSensitive   0x0800280f   Thumb Code    22  cjson.o(.text)
    cJSON_CreateStringReference              0x08002825   Thumb Code    32  cjson.o(.text)
    cJSON_CreateObjectReference              0x08002845   Thumb Code    32  cjson.o(.text)
    cJSON_CreateArrayReference               0x08002865   Thumb Code    32  cjson.o(.text)
    cJSON_CreateIntArray                     0x08002885   Thumb Code   104  cjson.o(.text)
    cJSON_CreateFloatArray                   0x080028ed   Thumb Code   104  cjson.o(.text)
    cJSON_CreateDoubleArray                  0x08002955   Thumb Code   100  cjson.o(.text)
    cJSON_CreateStringArray                  0x080029b9   Thumb Code    94  cjson.o(.text)
    cJSON_Duplicate                          0x08002a17   Thumb Code   188  cjson.o(.text)
    cJSON_Minify                             0x08002ba3   Thumb Code   160  cjson.o(.text)
    cJSON_IsInvalid                          0x08002c43   Thumb Code    20  cjson.o(.text)
    cJSON_IsFalse                            0x08002c57   Thumb Code    20  cjson.o(.text)
    cJSON_IsTrue                             0x08002c6b   Thumb Code    22  cjson.o(.text)
    cJSON_IsBool                             0x08002c81   Thumb Code    24  cjson.o(.text)
    cJSON_IsNull                             0x08002c99   Thumb Code    22  cjson.o(.text)
    cJSON_IsArray                            0x08002caf   Thumb Code    22  cjson.o(.text)
    cJSON_IsObject                           0x08002cc5   Thumb Code    22  cjson.o(.text)
    cJSON_IsRaw                              0x08002cdb   Thumb Code    22  cjson.o(.text)
    cJSON_Compare                            0x08002cf1   Thumb Code   392  cjson.o(.text)
    cJSON_malloc                             0x08002e79   Thumb Code    14  cjson.o(.text)
    readInt                                  0x08002e8d   Thumb Code    32  func.o(.text)
    del_char                                 0x08002ead   Thumb Code    40  func.o(.text)
    esp8266_tcp_send                         0x08002ed5   Thumb Code    26  esp8266.o(.text)
    get_AT_Command_2_AtBuffer                0x08002eef   Thumb Code    52  esp8266.o(.text)
    esp8266_send_at_command                  0x08002f23   Thumb Code    48  esp8266.o(.text)
    get8266mac                               0x08002f53   Thumb Code    88  esp8266.o(.text)
    esp8266_at_parse                         0x08002fab   Thumb Code   148  esp8266.o(.text)
    LED_Init                                 0x0800310d   Thumb Code    72  led.o(.text)
    delay_init                               0x0800315d   Thumb Code    50  delay.o(.text)
    delay_us                                 0x0800318f   Thumb Code    72  delay.o(.text)
    delay_ms                                 0x080031d7   Thumb Code    72  delay.o(.text)
    _sys_exit                                0x08003231   Thumb Code     6  usart.o(.text)
    _ttywrch                                 0x08003237   Thumb Code     6  usart.o(.text)
    fputc                                    0x0800323d   Thumb Code    24  usart.o(.text)
    uart_init                                0x08003255   Thumb Code   152  usart.o(.text)
    uart2_init                               0x080032ed   Thumb Code   154  usart.o(.text)
    UART_Putc                                0x08003387   Thumb Code    16  usart.o(.text)
    UART_Send_Enter                          0x08003397   Thumb Code    22  usart.o(.text)
    UART_Send                                0x080033ad   Thumb Code    30  usart.o(.text)
    UART_send_str                            0x080033cb   Thumb Code    50  usart.o(.text)
    USART1_IRQHandler                        0x080033fd   Thumb Code     2  usart.o(.text)
    USART2_IRQHandler                        0x080033ff   Thumb Code   150  usart.o(.text)
    Reset_Handler                            0x080034b1   Thumb Code     8  startup_stm32f10x_hd.o(.text)
    ADC1_2_IRQHandler                        0x080034cb   Thumb Code     0  startup_stm32f10x_hd.o(.text)
    ADC3_IRQHandler                          0x080034cb   Thumb Code     0  startup_stm32f10x_hd.o(.text)
    CAN1_RX1_IRQHandler                      0x080034cb   Thumb Code     0  startup_stm32f10x_hd.o(.text)
    CAN1_SCE_IRQHandler                      0x080034cb   Thumb Code     0  startup_stm32f10x_hd.o(.text)
    DMA1_Channel1_IRQHandler                 0x080034cb   Thumb Code     0  startup_stm32f10x_hd.o(.text)
    DMA1_Channel2_IRQHandler                 0x080034cb   Thumb Code     0  startup_stm32f10x_hd.o(.text)
    DMA1_Channel3_IRQHandler                 0x080034cb   Thumb Code     0  startup_stm32f10x_hd.o(.text)
    DMA1_Channel4_IRQHandler                 0x080034cb   Thumb Code     0  startup_stm32f10x_hd.o(.text)
    DMA1_Channel5_IRQHandler                 0x080034cb   Thumb Code     0  startup_stm32f10x_hd.o(.text)
    DMA1_Channel6_IRQHandler                 0x080034cb   Thumb Code     0  startup_stm32f10x_hd.o(.text)
    DMA1_Channel7_IRQHandler                 0x080034cb   Thumb Code     0  startup_stm32f10x_hd.o(.text)
    DMA2_Channel1_IRQHandler                 0x080034cb   Thumb Code     0  startup_stm32f10x_hd.o(.text)
    DMA2_Channel2_IRQHandler                 0x080034cb   Thumb Code     0  startup_stm32f10x_hd.o(.text)
    DMA2_Channel3_IRQHandler                 0x080034cb   Thumb Code     0  startup_stm32f10x_hd.o(.text)
    DMA2_Channel4_5_IRQHandler               0x080034cb   Thumb Code     0  startup_stm32f10x_hd.o(.text)
    EXTI0_IRQHandler                         0x080034cb   Thumb Code     0  startup_stm32f10x_hd.o(.text)
    EXTI15_10_IRQHandler                     0x080034cb   Thumb Code     0  startup_stm32f10x_hd.o(.text)
    EXTI1_IRQHandler                         0x080034cb   Thumb Code     0  startup_stm32f10x_hd.o(.text)
    EXTI2_IRQHandler                         0x080034cb   Thumb Code     0  startup_stm32f10x_hd.o(.text)
    EXTI3_IRQHandler                         0x080034cb   Thumb Code     0  startup_stm32f10x_hd.o(.text)
    EXTI4_IRQHandler                         0x080034cb   Thumb Code     0  startup_stm32f10x_hd.o(.text)
    EXTI9_5_IRQHandler                       0x080034cb   Thumb Code     0  startup_stm32f10x_hd.o(.text)
    FLASH_IRQHandler                         0x080034cb   Thumb Code     0  startup_stm32f10x_hd.o(.text)
    FSMC_IRQHandler                          0x080034cb   Thumb Code     0  startup_stm32f10x_hd.o(.text)
    I2C1_ER_IRQHandler                       0x080034cb   Thumb Code     0  startup_stm32f10x_hd.o(.text)
    I2C1_EV_IRQHandler                       0x080034cb   Thumb Code     0  startup_stm32f10x_hd.o(.text)
    I2C2_ER_IRQHandler                       0x080034cb   Thumb Code     0  startup_stm32f10x_hd.o(.text)
    I2C2_EV_IRQHandler                       0x080034cb   Thumb Code     0  startup_stm32f10x_hd.o(.text)
    PVD_IRQHandler                           0x080034cb   Thumb Code     0  startup_stm32f10x_hd.o(.text)
    RCC_IRQHandler                           0x080034cb   Thumb Code     0  startup_stm32f10x_hd.o(.text)
    RTCAlarm_IRQHandler                      0x080034cb   Thumb Code     0  startup_stm32f10x_hd.o(.text)
    RTC_IRQHandler                           0x080034cb   Thumb Code     0  startup_stm32f10x_hd.o(.text)
    SDIO_IRQHandler                          0x080034cb   Thumb Code     0  startup_stm32f10x_hd.o(.text)
    SPI1_IRQHandler                          0x080034cb   Thumb Code     0  startup_stm32f10x_hd.o(.text)
    SPI2_IRQHandler                          0x080034cb   Thumb Code     0  startup_stm32f10x_hd.o(.text)
    SPI3_IRQHandler                          0x080034cb   Thumb Code     0  startup_stm32f10x_hd.o(.text)
    TAMPER_IRQHandler                        0x080034cb   Thumb Code     0  startup_stm32f10x_hd.o(.text)
    TIM1_BRK_IRQHandler                      0x080034cb   Thumb Code     0  startup_stm32f10x_hd.o(.text)
    TIM1_CC_IRQHandler                       0x080034cb   Thumb Code     0  startup_stm32f10x_hd.o(.text)
    TIM1_TRG_COM_IRQHandler                  0x080034cb   Thumb Code     0  startup_stm32f10x_hd.o(.text)
    TIM1_UP_IRQHandler                       0x080034cb   Thumb Code     0  startup_stm32f10x_hd.o(.text)
    TIM2_IRQHandler                          0x080034cb   Thumb Code     0  startup_stm32f10x_hd.o(.text)
    TIM3_IRQHandler                          0x080034cb   Thumb Code     0  startup_stm32f10x_hd.o(.text)
    TIM4_IRQHandler                          0x080034cb   Thumb Code     0  startup_stm32f10x_hd.o(.text)
    TIM5_IRQHandler                          0x080034cb   Thumb Code     0  startup_stm32f10x_hd.o(.text)
    TIM6_IRQHandler                          0x080034cb   Thumb Code     0  startup_stm32f10x_hd.o(.text)
    TIM7_IRQHandler                          0x080034cb   Thumb Code     0  startup_stm32f10x_hd.o(.text)
    TIM8_BRK_IRQHandler                      0x080034cb   Thumb Code     0  startup_stm32f10x_hd.o(.text)
    TIM8_CC_IRQHandler                       0x080034cb   Thumb Code     0  startup_stm32f10x_hd.o(.text)
    TIM8_TRG_COM_IRQHandler                  0x080034cb   Thumb Code     0  startup_stm32f10x_hd.o(.text)
    TIM8_UP_IRQHandler                       0x080034cb   Thumb Code     0  startup_stm32f10x_hd.o(.text)
    UART4_IRQHandler                         0x080034cb   Thumb Code     0  startup_stm32f10x_hd.o(.text)
    UART5_IRQHandler                         0x080034cb   Thumb Code     0  startup_stm32f10x_hd.o(.text)
    USART3_IRQHandler                        0x080034cb   Thumb Code     0  startup_stm32f10x_hd.o(.text)
    USBWakeUp_IRQHandler                     0x080034cb   Thumb Code     0  startup_stm32f10x_hd.o(.text)
    USB_HP_CAN1_TX_IRQHandler                0x080034cb   Thumb Code     0  startup_stm32f10x_hd.o(.text)
    USB_LP_CAN1_RX0_IRQHandler               0x080034cb   Thumb Code     0  startup_stm32f10x_hd.o(.text)
    WWDG_IRQHandler                          0x080034cb   Thumb Code     0  startup_stm32f10x_hd.o(.text)
    __user_initial_stackheap                 0x080034cd   Thumb Code     0  startup_stm32f10x_hd.o(.text)
    GPIO_DeInit                              0x080034f1   Thumb Code   172  stm32f10x_gpio.o(.text)
    GPIO_AFIODeInit                          0x0800359d   Thumb Code    20  stm32f10x_gpio.o(.text)
    GPIO_Init                                0x080035b1   Thumb Code   278  stm32f10x_gpio.o(.text)
    GPIO_StructInit                          0x080036c7   Thumb Code    16  stm32f10x_gpio.o(.text)
    GPIO_ReadInputDataBit                    0x080036d7   Thumb Code    18  stm32f10x_gpio.o(.text)
    GPIO_ReadInputData                       0x080036e9   Thumb Code     8  stm32f10x_gpio.o(.text)
    GPIO_ReadOutputDataBit                   0x080036f1   Thumb Code    18  stm32f10x_gpio.o(.text)
    GPIO_ReadOutputData                      0x08003703   Thumb Code     8  stm32f10x_gpio.o(.text)
    GPIO_SetBits                             0x0800370b   Thumb Code     4  stm32f10x_gpio.o(.text)
    GPIO_ResetBits                           0x0800370f   Thumb Code     4  stm32f10x_gpio.o(.text)
    GPIO_WriteBit                            0x08003713   Thumb Code    10  stm32f10x_gpio.o(.text)
    GPIO_Write                               0x0800371d   Thumb Code     4  stm32f10x_gpio.o(.text)
    GPIO_PinLockConfig                       0x08003721   Thumb Code    18  stm32f10x_gpio.o(.text)
    GPIO_EventOutputConfig                   0x08003733   Thumb Code    26  stm32f10x_gpio.o(.text)
    GPIO_EventOutputCmd                      0x0800374d   Thumb Code     6  stm32f10x_gpio.o(.text)
    GPIO_PinRemapConfig                      0x08003753   Thumb Code   138  stm32f10x_gpio.o(.text)
    GPIO_EXTILineConfig                      0x080037dd   Thumb Code    66  stm32f10x_gpio.o(.text)
    GPIO_ETH_MediaInterfaceConfig            0x0800381f   Thumb Code     8  stm32f10x_gpio.o(.text)
    RCC_DeInit                               0x0800384d   Thumb Code    64  stm32f10x_rcc.o(.text)
    RCC_HSEConfig                            0x0800388d   Thumb Code    70  stm32f10x_rcc.o(.text)
    RCC_GetFlagStatus                        0x080038d3   Thumb Code    56  stm32f10x_rcc.o(.text)
    RCC_WaitForHSEStartUp                    0x0800390b   Thumb Code    56  stm32f10x_rcc.o(.text)
    RCC_AdjustHSICalibrationValue            0x08003943   Thumb Code    20  stm32f10x_rcc.o(.text)
    RCC_HSICmd                               0x08003957   Thumb Code     6  stm32f10x_rcc.o(.text)
    RCC_PLLConfig                            0x0800395d   Thumb Code    24  stm32f10x_rcc.o(.text)
    RCC_PLLCmd                               0x08003975   Thumb Code     6  stm32f10x_rcc.o(.text)
    RCC_SYSCLKConfig                         0x0800397b   Thumb Code    18  stm32f10x_rcc.o(.text)
    RCC_GetSYSCLKSource                      0x0800398d   Thumb Code    10  stm32f10x_rcc.o(.text)
    RCC_HCLKConfig                           0x08003997   Thumb Code    18  stm32f10x_rcc.o(.text)
    RCC_PCLK1Config                          0x080039a9   Thumb Code    18  stm32f10x_rcc.o(.text)
    RCC_PCLK2Config                          0x080039bb   Thumb Code    20  stm32f10x_rcc.o(.text)
    RCC_ITConfig                             0x080039cf   Thumb Code    26  stm32f10x_rcc.o(.text)
    RCC_USBCLKConfig                         0x080039e9   Thumb Code     8  stm32f10x_rcc.o(.text)
    RCC_ADCCLKConfig                         0x080039f1   Thumb Code    18  stm32f10x_rcc.o(.text)
    RCC_LSEConfig                            0x08003a03   Thumb Code    50  stm32f10x_rcc.o(.text)
    RCC_LSICmd                               0x08003a35   Thumb Code     6  stm32f10x_rcc.o(.text)
    RCC_RTCCLKConfig                         0x08003a3b   Thumb Code    12  stm32f10x_rcc.o(.text)
    RCC_RTCCLKCmd                            0x08003a47   Thumb Code     8  stm32f10x_rcc.o(.text)
    RCC_GetClocksFreq                        0x08003a4f   Thumb Code   192  stm32f10x_rcc.o(.text)
    RCC_AHBPeriphClockCmd                    0x08003b0f   Thumb Code    26  stm32f10x_rcc.o(.text)
    RCC_APB2PeriphClockCmd                   0x08003b29   Thumb Code    26  stm32f10x_rcc.o(.text)
    RCC_APB1PeriphClockCmd                   0x08003b43   Thumb Code    26  stm32f10x_rcc.o(.text)
    RCC_APB2PeriphResetCmd                   0x08003b5d   Thumb Code    26  stm32f10x_rcc.o(.text)
    RCC_APB1PeriphResetCmd                   0x08003b77   Thumb Code    26  stm32f10x_rcc.o(.text)
    RCC_BackupResetCmd                       0x08003b91   Thumb Code     8  stm32f10x_rcc.o(.text)
    RCC_ClockSecuritySystemCmd               0x08003b99   Thumb Code     6  stm32f10x_rcc.o(.text)
    RCC_MCOConfig                            0x08003b9f   Thumb Code     6  stm32f10x_rcc.o(.text)
    RCC_ClearFlag                            0x08003ba5   Thumb Code    14  stm32f10x_rcc.o(.text)
    RCC_GetITStatus                          0x08003bb3   Thumb Code    20  stm32f10x_rcc.o(.text)
    RCC_ClearITPendingBit                    0x08003bc7   Thumb Code     6  stm32f10x_rcc.o(.text)
    USART_DeInit                             0x08003bf1   Thumb Code   134  stm32f10x_usart.o(.text)
    USART_Init                               0x08003c77   Thumb Code   210  stm32f10x_usart.o(.text)
    USART_StructInit                         0x08003d49   Thumb Code    24  stm32f10x_usart.o(.text)
    USART_ClockInit                          0x08003d61   Thumb Code    34  stm32f10x_usart.o(.text)
    USART_ClockStructInit                    0x08003d83   Thumb Code    12  stm32f10x_usart.o(.text)
    USART_Cmd                                0x08003d8f   Thumb Code    24  stm32f10x_usart.o(.text)
    USART_ITConfig                           0x08003da7   Thumb Code    74  stm32f10x_usart.o(.text)
    USART_DMACmd                             0x08003df1   Thumb Code    18  stm32f10x_usart.o(.text)
    USART_SetAddress                         0x08003e03   Thumb Code    18  stm32f10x_usart.o(.text)
    USART_WakeUpConfig                       0x08003e15   Thumb Code    18  stm32f10x_usart.o(.text)
    USART_ReceiverWakeUpCmd                  0x08003e27   Thumb Code    24  stm32f10x_usart.o(.text)
    USART_LINBreakDetectLengthConfig         0x08003e3f   Thumb Code    18  stm32f10x_usart.o(.text)
    USART_LINCmd                             0x08003e51   Thumb Code    24  stm32f10x_usart.o(.text)
    USART_SendData                           0x08003e69   Thumb Code     8  stm32f10x_usart.o(.text)
    USART_ReceiveData                        0x08003e71   Thumb Code    10  stm32f10x_usart.o(.text)
    USART_SendBreak                          0x08003e7b   Thumb Code    10  stm32f10x_usart.o(.text)
    USART_SetGuardTime                       0x08003e85   Thumb Code    16  stm32f10x_usart.o(.text)
    USART_SetPrescaler                       0x08003e95   Thumb Code    16  stm32f10x_usart.o(.text)
    USART_SmartCardCmd                       0x08003ea5   Thumb Code    24  stm32f10x_usart.o(.text)
    USART_SmartCardNACKCmd                   0x08003ebd   Thumb Code    24  stm32f10x_usart.o(.text)
    USART_HalfDuplexCmd                      0x08003ed5   Thumb Code    24  stm32f10x_usart.o(.text)
    USART_OverSampling8Cmd                   0x08003eed   Thumb Code    22  stm32f10x_usart.o(.text)
    USART_OneBitMethodCmd                    0x08003f03   Thumb Code    24  stm32f10x_usart.o(.text)
    USART_IrDAConfig                         0x08003f1b   Thumb Code    18  stm32f10x_usart.o(.text)
    USART_IrDACmd                            0x08003f2d   Thumb Code    24  stm32f10x_usart.o(.text)
    USART_GetFlagStatus                      0x08003f45   Thumb Code    26  stm32f10x_usart.o(.text)
    USART_ClearFlag                          0x08003f5f   Thumb Code    18  stm32f10x_usart.o(.text)
    USART_GetITStatus                        0x08003f71   Thumb Code    84  stm32f10x_usart.o(.text)
    USART_ClearITPendingBit                  0x08003fc5   Thumb Code    52  stm32f10x_usart.o(.text)
    NVIC_PriorityGroupConfig                 0x08003ff9   Thumb Code    10  misc.o(.text)
    NVIC_Init                                0x08004003   Thumb Code   100  misc.o(.text)
    NVIC_SetVectorTable                      0x08004067   Thumb Code    14  misc.o(.text)
    NVIC_SystemLPConfig                      0x08004075   Thumb Code    34  misc.o(.text)
    SysTick_CLKSourceConfig                  0x08004097   Thumb Code    40  misc.o(.text)
    __use_no_semihosting                     0x080040d5   Thumb Code     2  use_no_semi_2.o(.text)
    malloc                                   0x080040d7   Thumb Code    94  h1_alloc.o(.text)
    free                                     0x08004135   Thumb Code    78  h1_free.o(.text)
    realloc                                  0x08004183   Thumb Code   184  h1_realloc.o(.text)
    tolower                                  0x0800423b   Thumb Code    26  tolower.o(.text)
    __2sprintf                               0x08004255   Thumb Code    38  __2sprintf.o(.text)
    _printf_pre_padding                      0x08004281   Thumb Code    44  _printf_pad.o(.text)
    _printf_post_padding                     0x080042ad   Thumb Code    34  _printf_pad.o(.text)
    _printf_str                              0x080042cf   Thumb Code    82  _printf_str.o(.text)
    _printf_int_dec                          0x08004321   Thumb Code   104  _printf_dec.o(.text)
    _printf_int_hex                          0x08004399   Thumb Code    84  _printf_hex_int.o(.text)
    _printf_longlong_hex                     0x08004399   Thumb Code     0  _printf_hex_int.o(.text)
    __printf                                 0x080043f1   Thumb Code   308  __printf_flags_wp.o(.text)
    __0sscanf                                0x08004529   Thumb Code    52  __0sscanf.o(.text)
    atoi                                     0x08004565   Thumb Code    26  atoi.o(.text)
    srand                                    0x08004581   Thumb Code    42  rand.o(.text)
    _rand_init                               0x080045ab   Thumb Code     4  rand.o(.text)
    strtok                                   0x080045bd   Thumb Code     6  strtok.o(.text)
    strstr                                   0x080045c9   Thumb Code    36  strstr.o(.text)
    strcpy                                   0x080045ed   Thumb Code    72  strcpy.o(.text)
    strlen                                   0x08004635   Thumb Code    62  strlen.o(.text)
    strncmp                                  0x08004673   Thumb Code   150  strncmp.o(.text)
    __aeabi_memcpy                           0x08004709   Thumb Code     0  rt_memcpy_v6.o(.text)
    __rt_memcpy                              0x08004709   Thumb Code   138  rt_memcpy_v6.o(.text)
    _memcpy_lastbytes                        0x0800476f   Thumb Code     0  rt_memcpy_v6.o(.text)
    __aeabi_memcpy4                          0x08004793   Thumb Code     0  rt_memcpy_w.o(.text)
    __aeabi_memcpy8                          0x08004793   Thumb Code     0  rt_memcpy_w.o(.text)
    __rt_memcpy_w                            0x08004793   Thumb Code   100  rt_memcpy_w.o(.text)
    _memcpy_lastbytes_aligned                0x080047db   Thumb Code     0  rt_memcpy_w.o(.text)
    __aeabi_memclr4                          0x080047f7   Thumb Code     0  rt_memclr_w.o(.text)
    __aeabi_memclr8                          0x080047f7   Thumb Code     0  rt_memclr_w.o(.text)
    __rt_memclr_w                            0x080047f7   Thumb Code    78  rt_memclr_w.o(.text)
    _memset_w                                0x080047fb   Thumb Code     0  rt_memclr_w.o(.text)
    strncpy                                  0x08004845   Thumb Code    86  strncpy.o(.text)
    strcmp                                   0x0800489d   Thumb Code   128  strcmpv7m.o(.text)
    __use_two_region_memory                  0x0800491d   Thumb Code     2  heapauxi.o(.text)
    __rt_heap_escrow                         0x0800491f   Thumb Code     2  heapauxi.o(.text)
    __rt_heap_expand                         0x08004921   Thumb Code     2  heapauxi.o(.text)
    __I$use$semihosting                      0x08004923   Thumb Code     0  use_no_semi.o(.text)
    __use_no_semihosting_swi                 0x08004923   Thumb Code     2  use_no_semi.o(.text)
    __rt_ctype_table                         0x08004925   Thumb Code    16  rt_ctype_table.o(.text)
    __rt_heap_descriptor                     0x08004935   Thumb Code     8  rt_heap_descriptor_intlibspace.o(.text)
    __aeabi_errno_addr                       0x0800493d   Thumb Code     8  rt_errno_addr_intlibspace.o(.text)
    __errno$intlibspace                      0x0800493d   Thumb Code     0  rt_errno_addr_intlibspace.o(.text)
    __rt_errno_addr$intlibspace              0x0800493d   Thumb Code     0  rt_errno_addr_intlibspace.o(.text)
    __use_no_heap                            0x08004945   Thumb Code     2  hguard.o(.text)
    __heap$guard                             0x08004947   Thumb Code     2  hguard.o(.text)
    _terminate_user_alloc                    0x08004949   Thumb Code     2  init_alloc.o(.text)
    _init_user_alloc                         0x0800494b   Thumb Code     2  init_alloc.o(.text)
    __Heap_Full                              0x0800494d   Thumb Code    34  init_alloc.o(.text)
    __Heap_Broken                            0x0800496f   Thumb Code     6  init_alloc.o(.text)
    _init_alloc                              0x08004975   Thumb Code    94  init_alloc.o(.text)
    __Heap_Initialize                        0x080049d3   Thumb Code    10  h1_init.o(.text)
    __Heap_DescSize                          0x080049dd   Thumb Code     4  h1_init.o(.text)
    _printf_int_common                       0x080049e1   Thumb Code   178  _printf_intcommon.o(.text)
    __lib_sel_fp_printf                      0x08004a93   Thumb Code     2  _printf_fp_dec.o(.text)
    _printf_fp_dec_real                      0x08004c45   Thumb Code   620  _printf_fp_dec.o(.text)
    _printf_char_common                      0x08004ebb   Thumb Code    32  _printf_char_common.o(.text)
    _sputc                                   0x08004ee1   Thumb Code    10  _sputc.o(.text)
    _printf_cs_common                        0x08004eeb   Thumb Code    20  _printf_char.o(.text)
    _printf_char                             0x08004eff   Thumb Code    16  _printf_char.o(.text)
    _printf_string                           0x08004f0f   Thumb Code     8  _printf_char.o(.text)
    _scanf_really_real                       0x08005165   Thumb Code   684  scanf_fp.o(.text)
    __vfscanf_char                           0x0800541d   Thumb Code    24  scanf_char.o(.text)
    _sgetc                                   0x0800543d   Thumb Code    30  _sgetc.o(.text)
    _sbackspace                              0x0800545b   Thumb Code    34  _sgetc.o(.text)
    __strtod_int                             0x080054b9   Thumb Code    90  strtod.o(.text)
    strtol                                   0x08005521   Thumb Code   112  strtol.o(.text)
    __strtok_internal                        0x08005591   Thumb Code    64  strtok_int.o(.text)
    __aeabi_memclr                           0x080055d5   Thumb Code     0  rt_memclr.o(.text)
    __rt_memclr                              0x080055d5   Thumb Code    68  rt_memclr.o(.text)
    _memset                                  0x080055d9   Thumb Code     0  rt_memclr.o(.text)
    __user_libspace                          0x08005619   Thumb Code     8  libspace.o(.text)
    __user_perproc_libspace                  0x08005619   Thumb Code     0  libspace.o(.text)
    __user_perthread_libspace                0x08005619   Thumb Code     0  libspace.o(.text)
    __rt_locale                              0x08005621   Thumb Code     8  rt_locale_intlibspace.o(.text)
    __Heap_ProvideMemory                     0x08005629   Thumb Code    52  h1_extend.o(.text)
    _ll_udiv10                               0x0800565d   Thumb Code   138  lludiv10.o(.text)
    isspace                                  0x080056e7   Thumb Code    18  isspace.o(.text)
    _printf_fp_infnan                        0x080056f9   Thumb Code   112  _printf_fp_infnan.o(.text)
    __vfscanf                                0x08005779   Thumb Code   878  _scanf.o(.text)
    _strtoul                                 0x08005aed   Thumb Code   158  _strtoul.o(.text)
    _btod_etento                             0x08005b8d   Thumb Code   224  bigflt0.o(.text)
    __rt_SIGRTMEM                            0x08005c71   Thumb Code    14  defsig_rtmem_outer.o(.text)
    strcspn                                  0x08005c7f   Thumb Code    32  strcspn.o(.text)
    strspn                                   0x08005c9f   Thumb Code    28  strspn.o(.text)
    __user_setup_stackheap                   0x08005cbb   Thumb Code    74  sys_stackheap_outer.o(.text)
    __read_errno                             0x08005d05   Thumb Code    10  _rserrno.o(.text)
    __set_errno                              0x08005d0f   Thumb Code    12  _rserrno.o(.text)
    _chval                                   0x08005d1b   Thumb Code    28  _chval.o(.text)
    _scanf_really_hex_real                   0x08005d39   Thumb Code   786  scanf_hexfp.o(.text)
    _scanf_really_infnan                     0x08006059   Thumb Code   292  scanf_infnan.o(.text)
    exit                                     0x0800618d   Thumb Code    18  exit.o(.text)
    __sig_exit                               0x0800619f   Thumb Code    10  defsig_exit.o(.text)
    __rt_SIGRTMEM_inner                      0x080061a9   Thumb Code    22  defsig_rtmem_inner.o(.text)
    __aeabi_llsl                             0x080061f9   Thumb Code     0  llshl.o(.text)
    _ll_shift_l                              0x080061f9   Thumb Code    38  llshl.o(.text)
    __default_signal_display                 0x0800621f   Thumb Code    50  defsig_general.o(.text)
    _btod_d2e                                0x08006251   Thumb Code    62  btod.o(CL$$btod_d2e)
    _d2e_denorm_low                          0x0800628f   Thumb Code    70  btod.o(CL$$btod_d2e_denorm_low)
    _d2e_norm_op1                            0x080062d5   Thumb Code    96  btod.o(CL$$btod_d2e_norm_op1)
    __btod_div_common                        0x08006335   Thumb Code   696  btod.o(CL$$btod_div_common)
    _e2d                                     0x0800666d   Thumb Code   122  btod.o(CL$$btod_e2d)
    _e2e                                     0x080066f1   Thumb Code   220  btod.o(CL$$btod_e2e)
    _btod_ediv                               0x080067cd   Thumb Code    42  btod.o(CL$$btod_ediv)
    _btod_edivd                              0x080067f7   Thumb Code    42  btod.o(CL$$btod_edivd)
    _btod_emul                               0x08006821   Thumb Code    42  btod.o(CL$$btod_emul)
    _btod_emuld                              0x0800684b   Thumb Code    42  btod.o(CL$$btod_emuld)
    __btod_mult_common                       0x08006875   Thumb Code   580  btod.o(CL$$btod_mult_common)
    __ARM_fpclassify                         0x08006ab9   Thumb Code    40  fpclassify.o(i.__ARM_fpclassify)
    __mathlib_dbl_overflow                   0x08006ae1   Thumb Code    14  dunder.o(i.__mathlib_dbl_overflow)
    __mathlib_dbl_underflow                  0x08006af1   Thumb Code    10  dunder.o(i.__mathlib_dbl_underflow)
    __mathlib_narrow                         0x08006b01   Thumb Code    16  narrow.o(i.__mathlib_narrow)
    __mathlib_tofloat                        0x08006b11   Thumb Code   184  narrow.o(i.__mathlib_tofloat)
    __support_ldexp                          0x08006bcd   Thumb Code    22  ldexp.o(i.__support_ldexp)
    _is_digit                                0x08006be3   Thumb Code    14  __printf_wp.o(i._is_digit)
    frexp                                    0x08006bf1   Thumb Code    80  frexp.o(i.frexp)
    ldexp                                    0x08006c49   Thumb Code   116  ldexp.o(i.ldexp)
    strtod                                   0x08006cbd   Thumb Code    28  strtod.o(i.strtod)
    _get_lc_ctype                            0x08006cd9   Thumb Code    44  lc_ctype_c.o(locale$$code)
    _get_lc_numeric                          0x08006d05   Thumb Code    44  lc_numeric_c.o(locale$$code)
    __aeabi_d2f                              0x08006d31   Thumb Code     0  d2f.o(x$fpl$d2f)
    _d2f                                     0x08006d31   Thumb Code    98  d2f.o(x$fpl$d2f)
    __aeabi_dadd                             0x08006d95   Thumb Code     0  daddsub_clz.o(x$fpl$dadd)
    _dadd                                    0x08006d95   Thumb Code   332  daddsub_clz.o(x$fpl$dadd)
    __fpl_dcheck_NaN1                        0x08006ee5   Thumb Code    10  dcheck1.o(x$fpl$dcheck1)
    __fpl_dcmp_Inf                           0x08006ef5   Thumb Code    24  dcmpi.o(x$fpl$dcmpinf)
    __aeabi_cdcmpeq                          0x08006f0d   Thumb Code     0  deqf.o(x$fpl$deqf)
    _dcmpeq                                  0x08006f0d   Thumb Code   120  deqf.o(x$fpl$deqf)
    __aeabi_d2iz                             0x08006f85   Thumb Code     0  dfix.o(x$fpl$dfix)
    _dfix                                    0x08006f85   Thumb Code    94  dfix.o(x$fpl$dfix)
    __aeabi_i2d                              0x08006fe3   Thumb Code     0  dflt_clz.o(x$fpl$dflt)
    _dflt                                    0x08006fe3   Thumb Code    46  dflt_clz.o(x$fpl$dflt)
    __aeabi_ui2d                             0x08007011   Thumb Code     0  dflt_clz.o(x$fpl$dfltu)
    _dfltu                                   0x08007011   Thumb Code    38  dflt_clz.o(x$fpl$dfltu)
    __aeabi_cdcmple                          0x08007039   Thumb Code     0  dleqf.o(x$fpl$dleqf)
    _dcmple                                  0x08007039   Thumb Code   120  dleqf.o(x$fpl$dleqf)
    __fpl_dcmple_InfNaN                      0x0800709b   Thumb Code     0  dleqf.o(x$fpl$dleqf)
    __aeabi_dmul                             0x080070b1   Thumb Code     0  dmul.o(x$fpl$dmul)
    _dmul                                    0x080070b1   Thumb Code   332  dmul.o(x$fpl$dmul)
    __fpl_dnaninf                            0x08007205   Thumb Code   156  dnaninf.o(x$fpl$dnaninf)
    __fpl_dretinf                            0x080072a1   Thumb Code    12  dretinf.o(x$fpl$dretinf)
    __aeabi_cdrcmple                         0x080072ad   Thumb Code     0  drleqf.o(x$fpl$drleqf)
    _drcmple                                 0x080072ad   Thumb Code   108  drleqf.o(x$fpl$drleqf)
    __aeabi_dsub                             0x08007319   Thumb Code     0  daddsub_clz.o(x$fpl$dsub)
    _dsub                                    0x08007319   Thumb Code   464  daddsub_clz.o(x$fpl$dsub)
    __aeabi_f2d                              0x080074ed   Thumb Code     0  f2d.o(x$fpl$f2d)
    _f2d                                     0x080074ed   Thumb Code    86  f2d.o(x$fpl$f2d)
    __fpl_fnaninf                            0x08007543   Thumb Code   140  fnaninf.o(x$fpl$fnaninf)
    __fpl_fretinf                            0x080075cf   Thumb Code    10  fretinf.o(x$fpl$fretinf)
    __ieee_status                            0x080075d9   Thumb Code     6  istatus.o(x$fpl$ieeestatus)
    _printf_fp_dec                           0x080075df   Thumb Code     4  printf1.o(x$fpl$printf1)
    __fpl_return_NaN                         0x080075e3   Thumb Code   100  retnan.o(x$fpl$retnan)
    __ARM_scalbn                             0x08007647   Thumb Code    92  scalbn.o(x$fpl$scalbn)
    _scanf_real                              0x080076a3   Thumb Code     4  scanf1.o(x$fpl$scanf1)
    _scanf_hex_real                          0x080076a7   Thumb Code     4  scanf2.o(x$fpl$scanf2)
    _scanf_infnan                            0x080076ab   Thumb Code     4  scanf2.o(x$fpl$scanf2)
    __fpl_cmpreturn                          0x080076af   Thumb Code    48  trapv.o(x$fpl$trapveneer)
    __I$use$fp                               0x080076de   Number         0  usenofp.o(x$fpl$usenofp)
    Region$$Table$$Base                      0x080077ac   Number         0  anon$$obj.o(Region$$Table)
    Region$$Table$$Limit                     0x080077cc   Number         0  anon$$obj.o(Region$$Table)
    __aeabi_HUGE_VAL                         0x080077cc   Data           0  fpconst.o(c$$dinf)
    __aeabi_HUGE_VALL                        0x080077cc   Data           0  fpconst.o(c$$dinf)
    __aeabi_INFINITY                         0x080077cc   Data           0  fpconst.o(c$$dinf)
    __dInf                                   0x080077cc   Data           0  fpconst.o(c$$dinf)
    __huge_val                               0x080077cc   Data           0  fpconst.o(c$$dinf)
    __dbl_max                                0x080077d4   Data           0  fpconst.o(c$$dmax)
    __ctype                                  0x080077e9   Data           0  lc_ctype_c.o(locale$$data)
    no_conn_time_out                         0x20000000   Data           4  main.o(.data)
    SystemCoreClock                          0x20000004   Data           4  system_stm32f10x.o(.data)
    AHBPrescTable                            0x20000008   Data          16  system_stm32f10x.o(.data)
    ESP8266_STA                              0x2000002c   Data           2  esp8266.o(.data)
    at_len                                   0x2000002e   Data           2  esp8266.o(.data)
    temp                                     0x20000030   Data           2  esp8266.o(.data)
    __stdout                                 0x20000038   Data           4  usart.o(.data)
    USART_RX_STA                             0x2000003c   Data           2  usart.o(.data)
    byte                                     0x2000003e   Data           1  usart.o(.data)
    TCP_CMD_TO_SEND                          0x20000040   Data           2  usart.o(.data)
    rcv_buf                                  0x2000005c   Data         226  round_queue.o(.bss)
    packetRecv                               0x20000140   Data          24  packet.o(.bss)
    packetSend                               0x20000158   Data          24  packet.o(.bss)
    at_buffer                                0x2000017f   Data         220  esp8266.o(.bss)
    at_command                               0x2000025b   Data          40  esp8266.o(.bss)
    mac                                      0x20000283   Data          18  esp8266.o(.bss)
    _random_number_data                      0x20000298   Data         228  rand.o(.bss)
    __libspace_start                         0x2000037c   Data          96  libspace.o(.bss)
    __temporary_stack_top$libspace           0x200003dc   Data           0  libspace.o(.bss)



==============================================================================

Memory Map of the image

  Image Entry point : 0x08000131

  Load Region LR_IROM1 (Base: 0x08000000, Size: 0x00007964, Max: 0x00040000, ABSOLUTE)

    Execution Region ER_IROM1 (Exec base: 0x08000000, Load base: 0x08000000, Size: 0x00007908, Max: 0x00040000, ABSOLUTE)

    Exec Addr    Load Addr    Size         Type   Attr      Idx    E Section Name        Object

    0x08000000   0x08000000   0x00000130   Data   RO          413    RESET               startup_stm32f10x_hd.o
    0x08000130   0x08000130   0x00000008   Code   RO          633  * !!!main             c_w.l(__main.o)
    0x08000138   0x08000138   0x00000034   Code   RO         1034    !!!scatter          c_w.l(__scatter.o)
    0x0800016c   0x0800016c   0x0000001a   Code   RO         1036    !!handler_copy      c_w.l(__scatter_copy.o)
    0x08000186   0x08000186   0x00000002   PAD
    0x08000188   0x08000188   0x0000001c   Code   RO         1038    !!handler_zi        c_w.l(__scatter_zi.o)
    0x080001a4   0x080001a4   0x00000000   Code   RO          600    .ARM.Collect$$_printf_percent$$00000000  c_w.l(_printf_percent.o)
    0x080001a4   0x080001a4   0x00000006   Code   RO          599    .ARM.Collect$$_printf_percent$$00000005  c_w.l(_printf_g.o)
    0x080001aa   0x080001aa   0x00000006   Code   RO          597    .ARM.Collect$$_printf_percent$$00000008  c_w.l(_printf_i.o)
    0x080001b0   0x080001b0   0x00000006   Code   RO          598    .ARM.Collect$$_printf_percent$$00000009  c_w.l(_printf_d.o)
    0x080001b6   0x080001b6   0x00000006   Code   RO          596    .ARM.Collect$$_printf_percent$$0000000C  c_w.l(_printf_x.o)
    0x080001bc   0x080001bc   0x00000006   Code   RO          595    .ARM.Collect$$_printf_percent$$00000014  c_w.l(_printf_s.o)
    0x080001c2   0x080001c2   0x00000004   Code   RO          714    .ARM.Collect$$_printf_percent$$00000017  c_w.l(_printf_percent_end.o)
    0x080001c6   0x080001c6   0x00000002   Code   RO          926    .ARM.Collect$$libinit$$00000000  c_w.l(libinit.o)
    0x080001c8   0x080001c8   0x00000000   Code   RO          732    .ARM.Collect$$libinit$$00000002  c_w.l(libinit2.o)
    0x080001c8   0x080001c8   0x00000000   Code   RO          734    .ARM.Collect$$libinit$$00000004  c_w.l(libinit2.o)
    0x080001c8   0x080001c8   0x00000008   Code   RO          735    .ARM.Collect$$libinit$$00000005  c_w.l(libinit2.o)
    0x080001d0   0x080001d0   0x00000000   Code   RO          737    .ARM.Collect$$libinit$$0000000A  c_w.l(libinit2.o)
    0x080001d0   0x080001d0   0x00000000   Code   RO          739    .ARM.Collect$$libinit$$0000000C  c_w.l(libinit2.o)
    0x080001d0   0x080001d0   0x00000004   Code   RO          740    .ARM.Collect$$libinit$$0000000D  c_w.l(libinit2.o)
    0x080001d4   0x080001d4   0x00000000   Code   RO          741    .ARM.Collect$$libinit$$0000000E  c_w.l(libinit2.o)
    0x080001d4   0x080001d4   0x00000006   Code   RO          742    .ARM.Collect$$libinit$$0000000F  c_w.l(libinit2.o)
    0x080001da   0x080001da   0x00000000   Code   RO          744    .ARM.Collect$$libinit$$00000011  c_w.l(libinit2.o)
    0x080001da   0x080001da   0x0000000c   Code   RO          745    .ARM.Collect$$libinit$$00000012  c_w.l(libinit2.o)
    0x080001e6   0x080001e6   0x00000000   Code   RO          746    .ARM.Collect$$libinit$$00000013  c_w.l(libinit2.o)
    0x080001e6   0x080001e6   0x00000000   Code   RO          748    .ARM.Collect$$libinit$$00000015  c_w.l(libinit2.o)
    0x080001e6   0x080001e6   0x0000000a   Code   RO          749    .ARM.Collect$$libinit$$00000016  c_w.l(libinit2.o)
    0x080001f0   0x080001f0   0x00000000   Code   RO          750    .ARM.Collect$$libinit$$00000017  c_w.l(libinit2.o)
    0x080001f0   0x080001f0   0x00000000   Code   RO          752    .ARM.Collect$$libinit$$00000019  c_w.l(libinit2.o)
    0x080001f0   0x080001f0   0x00000000   Code   RO          754    .ARM.Collect$$libinit$$0000001B  c_w.l(libinit2.o)
    0x080001f0   0x080001f0   0x00000000   Code   RO          756    .ARM.Collect$$libinit$$0000001D  c_w.l(libinit2.o)
    0x080001f0   0x080001f0   0x00000000   Code   RO          758    .ARM.Collect$$libinit$$0000001F  c_w.l(libinit2.o)
    0x080001f0   0x080001f0   0x00000000   Code   RO          760    .ARM.Collect$$libinit$$00000021  c_w.l(libinit2.o)
    0x080001f0   0x080001f0   0x00000000   Code   RO          762    .ARM.Collect$$libinit$$00000023  c_w.l(libinit2.o)
    0x080001f0   0x080001f0   0x00000000   Code   RO          764    .ARM.Collect$$libinit$$00000025  c_w.l(libinit2.o)
    0x080001f0   0x080001f0   0x00000000   Code   RO          768    .ARM.Collect$$libinit$$0000002C  c_w.l(libinit2.o)
    0x080001f0   0x080001f0   0x00000000   Code   RO          770    .ARM.Collect$$libinit$$0000002E  c_w.l(libinit2.o)
    0x080001f0   0x080001f0   0x00000000   Code   RO          772    .ARM.Collect$$libinit$$00000030  c_w.l(libinit2.o)
    0x080001f0   0x080001f0   0x00000000   Code   RO          774    .ARM.Collect$$libinit$$00000032  c_w.l(libinit2.o)
    0x080001f0   0x080001f0   0x00000002   Code   RO          775    .ARM.Collect$$libinit$$00000033  c_w.l(libinit2.o)
    0x080001f2   0x080001f2   0x00000002   Code   RO         1023    .ARM.Collect$$libshutdown$$00000000  c_w.l(libshutdown.o)
    0x080001f4   0x080001f4   0x00000000   Code   RO          948    .ARM.Collect$$libshutdown$$00000002  c_w.l(libshutdown2.o)
    0x080001f4   0x080001f4   0x00000000   Code   RO          950    .ARM.Collect$$libshutdown$$00000004  c_w.l(libshutdown2.o)
    0x080001f4   0x080001f4   0x00000000   Code   RO          953    .ARM.Collect$$libshutdown$$00000007  c_w.l(libshutdown2.o)
    0x080001f4   0x080001f4   0x00000000   Code   RO          956    .ARM.Collect$$libshutdown$$0000000A  c_w.l(libshutdown2.o)
    0x080001f4   0x080001f4   0x00000000   Code   RO          958    .ARM.Collect$$libshutdown$$0000000C  c_w.l(libshutdown2.o)
    0x080001f4   0x080001f4   0x00000000   Code   RO          961    .ARM.Collect$$libshutdown$$0000000F  c_w.l(libshutdown2.o)
    0x080001f4   0x080001f4   0x00000002   Code   RO          962    .ARM.Collect$$libshutdown$$00000010  c_w.l(libshutdown2.o)
    0x080001f6   0x080001f6   0x00000000   Code   RO          671    .ARM.Collect$$rtentry$$00000000  c_w.l(__rtentry.o)
    0x080001f6   0x080001f6   0x00000000   Code   RO          791    .ARM.Collect$$rtentry$$00000002  c_w.l(__rtentry2.o)
    0x080001f6   0x080001f6   0x00000006   Code   RO          803    .ARM.Collect$$rtentry$$00000004  c_w.l(__rtentry4.o)
    0x080001fc   0x080001fc   0x00000000   Code   RO          793    .ARM.Collect$$rtentry$$00000009  c_w.l(__rtentry2.o)
    0x080001fc   0x080001fc   0x00000004   Code   RO          794    .ARM.Collect$$rtentry$$0000000A  c_w.l(__rtentry2.o)
    0x08000200   0x08000200   0x00000000   Code   RO          796    .ARM.Collect$$rtentry$$0000000C  c_w.l(__rtentry2.o)
    0x08000200   0x08000200   0x00000008   Code   RO          797    .ARM.Collect$$rtentry$$0000000D  c_w.l(__rtentry2.o)
    0x08000208   0x08000208   0x00000002   Code   RO          935    .ARM.Collect$$rtexit$$00000000  c_w.l(rtexit.o)
    0x0800020a   0x0800020a   0x00000000   Code   RO          980    .ARM.Collect$$rtexit$$00000002  c_w.l(rtexit2.o)
    0x0800020a   0x0800020a   0x00000004   Code   RO          981    .ARM.Collect$$rtexit$$00000003  c_w.l(rtexit2.o)
    0x0800020e   0x0800020e   0x00000006   Code   RO          982    .ARM.Collect$$rtexit$$00000004  c_w.l(rtexit2.o)
    0x08000214   0x08000214   0x00000034   Code   RO          605    .emb_text           c_w.l(rand.o)
    0x08000248   0x08000248   0x00000000   Code   RO          812    .emb_text           c_w.l(maybetermalloc1.o)
    0x08000248   0x08000248   0x0000024c   Code   RO            1    .text               main.o
    0x08000494   0x08000494   0x0000001a   Code   RO          152    .text               stm32f10x_it.o
    0x080004ae   0x080004ae   0x00000002   PAD
    0x080004b0   0x080004b0   0x000001e0   Code   RO          193    .text               system_stm32f10x.o
    0x08000690   0x08000690   0x00000334   Code   RO          211    .text               round_queue.o
    0x080009c4   0x080009c4   0x00000270   Code   RO          226    .text               packet.o
    0x08000c34   0x08000c34   0x00002258   Code   RO          242    .text               cjson.o
    0x08002e8c   0x08002e8c   0x00000048   Code   RO          293    .text               func.o
    0x08002ed4   0x08002ed4   0x00000238   Code   RO          309    .text               esp8266.o
    0x0800310c   0x0800310c   0x00000050   Code   RO          332    .text               led.o
    0x0800315c   0x0800315c   0x000000d4   Code   RO          344    .text               delay.o
    0x08003230   0x08003230   0x00000280   Code   RO          375    .text               usart.o
    0x080034b0   0x080034b0   0x00000040   Code   RO          414    .text               startup_stm32f10x_hd.o
    0x080034f0   0x080034f0   0x0000035c   Code   RO          418    .text               stm32f10x_gpio.o
    0x0800384c   0x0800384c   0x000003a4   Code   RO          430    .text               stm32f10x_rcc.o
    0x08003bf0   0x08003bf0   0x00000408   Code   RO          444    .text               stm32f10x_usart.o
    0x08003ff8   0x08003ff8   0x000000dc   Code   RO          456    .text               misc.o
    0x080040d4   0x080040d4   0x00000002   Code   RO          470    .text               c_w.l(use_no_semi_2.o)
    0x080040d6   0x080040d6   0x0000005e   Code   RO          478    .text               c_w.l(h1_alloc.o)
    0x08004134   0x08004134   0x0000004e   Code   RO          480    .text               c_w.l(h1_free.o)
    0x08004182   0x08004182   0x000000b8   Code   RO          482    .text               c_w.l(h1_realloc.o)
    0x0800423a   0x0800423a   0x0000001a   Code   RO          540    .text               c_w.l(tolower.o)
    0x08004254   0x08004254   0x0000002c   Code   RO          542    .text               c_w.l(__2sprintf.o)
    0x08004280   0x08004280   0x0000004e   Code   RO          548    .text               c_w.l(_printf_pad.o)
    0x080042ce   0x080042ce   0x00000052   Code   RO          550    .text               c_w.l(_printf_str.o)
    0x08004320   0x08004320   0x00000078   Code   RO          552    .text               c_w.l(_printf_dec.o)
    0x08004398   0x08004398   0x00000058   Code   RO          557    .text               c_w.l(_printf_hex_int.o)
    0x080043f0   0x080043f0   0x00000138   Code   RO          587    .text               c_w.l(__printf_flags_wp.o)
    0x08004528   0x08004528   0x0000003c   Code   RO          601    .text               c_w.l(__0sscanf.o)
    0x08004564   0x08004564   0x0000001a   Code   RO          603    .text               c_w.l(atoi.o)
    0x0800457e   0x0800457e   0x00000002   PAD
    0x08004580   0x08004580   0x0000003c   Code   RO          606    .text               c_w.l(rand.o)
    0x080045bc   0x080045bc   0x0000000c   Code   RO          610    .text               c_w.l(strtok.o)
    0x080045c8   0x080045c8   0x00000024   Code   RO          613    .text               c_w.l(strstr.o)
    0x080045ec   0x080045ec   0x00000048   Code   RO          615    .text               c_w.l(strcpy.o)
    0x08004634   0x08004634   0x0000003e   Code   RO          617    .text               c_w.l(strlen.o)
    0x08004672   0x08004672   0x00000096   Code   RO          619    .text               c_w.l(strncmp.o)
    0x08004708   0x08004708   0x0000008a   Code   RO          621    .text               c_w.l(rt_memcpy_v6.o)
    0x08004792   0x08004792   0x00000064   Code   RO          623    .text               c_w.l(rt_memcpy_w.o)
    0x080047f6   0x080047f6   0x0000004e   Code   RO          625    .text               c_w.l(rt_memclr_w.o)
    0x08004844   0x08004844   0x00000056   Code   RO          627    .text               c_w.l(strncpy.o)
    0x0800489a   0x0800489a   0x00000002   PAD
    0x0800489c   0x0800489c   0x00000080   Code   RO          629    .text               c_w.l(strcmpv7m.o)
    0x0800491c   0x0800491c   0x00000006   Code   RO          631    .text               c_w.l(heapauxi.o)
    0x08004922   0x08004922   0x00000002   Code   RO          667    .text               c_w.l(use_no_semi.o)
    0x08004924   0x08004924   0x00000010   Code   RO          672    .text               c_w.l(rt_ctype_table.o)
    0x08004934   0x08004934   0x00000008   Code   RO          677    .text               c_w.l(rt_heap_descriptor_intlibspace.o)
    0x0800493c   0x0800493c   0x00000008   Code   RO          682    .text               c_w.l(rt_errno_addr_intlibspace.o)
    0x08004944   0x08004944   0x00000004   Code   RO          684    .text               c_w.l(hguard.o)
    0x08004948   0x08004948   0x0000008a   Code   RO          686    .text               c_w.l(init_alloc.o)
    0x080049d2   0x080049d2   0x0000000e   Code   RO          690    .text               c_w.l(h1_init.o)
    0x080049e0   0x080049e0   0x000000b2   Code   RO          704    .text               c_w.l(_printf_intcommon.o)
    0x08004a92   0x08004a92   0x0000041e   Code   RO          706    .text               c_w.l(_printf_fp_dec.o)
    0x08004eb0   0x08004eb0   0x00000030   Code   RO          708    .text               c_w.l(_printf_char_common.o)
    0x08004ee0   0x08004ee0   0x0000000a   Code   RO          710    .text               c_w.l(_sputc.o)
    0x08004eea   0x08004eea   0x0000002c   Code   RO          712    .text               c_w.l(_printf_char.o)
    0x08004f16   0x08004f16   0x00000002   PAD
    0x08004f18   0x08004f18   0x000004f8   Code   RO          715    .text               c_w.l(scanf_fp.o)
    0x08005410   0x08005410   0x0000002c   Code   RO          717    .text               c_w.l(scanf_char.o)
    0x0800543c   0x0800543c   0x00000040   Code   RO          719    .text               c_w.l(_sgetc.o)
    0x0800547c   0x0800547c   0x000000a4   Code   RO          721    .text               c_w.l(strtod.o)
    0x08005520   0x08005520   0x00000070   Code   RO          723    .text               c_w.l(strtol.o)
    0x08005590   0x08005590   0x00000044   Code   RO          725    .text               c_w.l(strtok_int.o)
    0x080055d4   0x080055d4   0x00000044   Code   RO          727    .text               c_w.l(rt_memclr.o)
    0x08005618   0x08005618   0x00000008   Code   RO          787    .text               c_w.l(libspace.o)
    0x08005620   0x08005620   0x00000008   Code   RO          808    .text               c_w.l(rt_locale_intlibspace.o)
    0x08005628   0x08005628   0x00000034   Code   RO          814    .text               c_w.l(h1_extend.o)
    0x0800565c   0x0800565c   0x0000008a   Code   RO          818    .text               c_w.l(lludiv10.o)
    0x080056e6   0x080056e6   0x00000012   Code   RO          820    .text               c_w.l(isspace.o)
    0x080056f8   0x080056f8   0x00000080   Code   RO          822    .text               c_w.l(_printf_fp_infnan.o)
    0x08005778   0x08005778   0x00000374   Code   RO          826    .text               c_w.l(_scanf.o)
    0x08005aec   0x08005aec   0x0000009e   Code   RO          828    .text               c_w.l(_strtoul.o)
    0x08005b8a   0x08005b8a   0x00000002   PAD
    0x08005b8c   0x08005b8c   0x000000e4   Code   RO          830    .text               c_w.l(bigflt0.o)
    0x08005c70   0x08005c70   0x0000000e   Code   RO          861    .text               c_w.l(defsig_rtmem_outer.o)
    0x08005c7e   0x08005c7e   0x00000020   Code   RO          865    .text               c_w.l(strcspn.o)
    0x08005c9e   0x08005c9e   0x0000001c   Code   RO          867    .text               c_w.l(strspn.o)
    0x08005cba   0x08005cba   0x0000004a   Code   RO          897    .text               c_w.l(sys_stackheap_outer.o)
    0x08005d04   0x08005d04   0x00000016   Code   RO          903    .text               c_w.l(_rserrno.o)
    0x08005d1a   0x08005d1a   0x0000001c   Code   RO          905    .text               c_w.l(_chval.o)
    0x08005d36   0x08005d36   0x00000002   PAD
    0x08005d38   0x08005d38   0x00000320   Code   RO          907    .text               c_w.l(scanf_hexfp.o)
    0x08006058   0x08006058   0x00000134   Code   RO          909    .text               c_w.l(scanf_infnan.o)
    0x0800618c   0x0800618c   0x00000012   Code   RO          911    .text               c_w.l(exit.o)
    0x0800619e   0x0800619e   0x0000000a   Code   RO          913    .text               c_w.l(defsig_exit.o)
    0x080061a8   0x080061a8   0x00000050   Code   RO          915    .text               c_w.l(defsig_rtmem_inner.o)
    0x080061f8   0x080061f8   0x00000026   Code   RO          941    .text               c_w.l(llshl.o)
    0x0800621e   0x0800621e   0x00000032   Code   RO          945    .text               c_w.l(defsig_general.o)
    0x08006250   0x08006250   0x0000003e   Code   RO          833    CL$$btod_d2e        c_w.l(btod.o)
    0x0800628e   0x0800628e   0x00000046   Code   RO          835    CL$$btod_d2e_denorm_low  c_w.l(btod.o)
    0x080062d4   0x080062d4   0x00000060   Code   RO          834    CL$$btod_d2e_norm_op1  c_w.l(btod.o)
    0x08006334   0x08006334   0x00000338   Code   RO          843    CL$$btod_div_common  c_w.l(btod.o)
    0x0800666c   0x0800666c   0x00000084   Code   RO          841    CL$$btod_e2d        c_w.l(btod.o)
    0x080066f0   0x080066f0   0x000000dc   Code   RO          840    CL$$btod_e2e        c_w.l(btod.o)
    0x080067cc   0x080067cc   0x0000002a   Code   RO          837    CL$$btod_ediv       c_w.l(btod.o)
    0x080067f6   0x080067f6   0x0000002a   Code   RO          839    CL$$btod_edivd      c_w.l(btod.o)
    0x08006820   0x08006820   0x0000002a   Code   RO          836    CL$$btod_emul       c_w.l(btod.o)
    0x0800684a   0x0800684a   0x0000002a   Code   RO          838    CL$$btod_emuld      c_w.l(btod.o)
    0x08006874   0x08006874   0x00000244   Code   RO          842    CL$$btod_mult_common  c_w.l(btod.o)
    0x08006ab8   0x08006ab8   0x00000028   Code   RO          888    i.__ARM_fpclassify  m_ws.l(fpclassify.o)
    0x08006ae0   0x08006ae0   0x0000000e   Code   RO          994    i.__mathlib_dbl_overflow  m_ws.l(dunder.o)
    0x08006aee   0x08006aee   0x00000002   PAD
    0x08006af0   0x08006af0   0x00000010   Code   RO          996    i.__mathlib_dbl_underflow  m_ws.l(dunder.o)
    0x08006b00   0x08006b00   0x00000010   Code   RO          890    i.__mathlib_narrow  m_ws.l(narrow.o)
    0x08006b10   0x08006b10   0x000000bc   Code   RO          891    i.__mathlib_tofloat  m_ws.l(narrow.o)
    0x08006bcc   0x08006bcc   0x00000016   Code   RO          968    i.__support_ldexp   m_ws.l(ldexp.o)
    0x08006be2   0x08006be2   0x0000000e   Code   RO          585    i._is_digit         c_w.l(__printf_wp.o)
    0x08006bf0   0x08006bf0   0x00000058   Code   RO          932    i.frexp             m_ws.l(frexp.o)
    0x08006c48   0x08006c48   0x00000074   Code   RO          969    i.ldexp             m_ws.l(ldexp.o)
    0x08006cbc   0x08006cbc   0x0000001c   Code   RO          664    i.strtod            m_ws.l(strtod.o)
    0x08006cd8   0x08006cd8   0x0000002c   Code   RO          856    locale$$code        c_w.l(lc_ctype_c.o)
    0x08006d04   0x08006d04   0x0000002c   Code   RO          859    locale$$code        c_w.l(lc_numeric_c.o)
    0x08006d30   0x08006d30   0x00000062   Code   RO          927    x$fpl$d2f           fz_ws.l(d2f.o)
    0x08006d92   0x08006d92   0x00000002   PAD
    0x08006d94   0x08006d94   0x00000150   Code   RO          635    x$fpl$dadd          fz_ws.l(daddsub_clz.o)
    0x08006ee4   0x08006ee4   0x00000010   Code   RO          988    x$fpl$dcheck1       fz_ws.l(dcheck1.o)
    0x08006ef4   0x08006ef4   0x00000018   Code   RO          776    x$fpl$dcmpinf       fz_ws.l(dcmpi.o)
    0x08006f0c   0x08006f0c   0x00000078   Code   RO          929    x$fpl$deqf          fz_ws.l(deqf.o)
    0x08006f84   0x08006f84   0x0000005e   Code   RO          641    x$fpl$dfix          fz_ws.l(dfix.o)
    0x08006fe2   0x08006fe2   0x0000002e   Code   RO          646    x$fpl$dflt          fz_ws.l(dflt_clz.o)
    0x08007010   0x08007010   0x00000026   Code   RO          645    x$fpl$dfltu         fz_ws.l(dflt_clz.o)
    0x08007036   0x08007036   0x00000002   PAD
    0x08007038   0x08007038   0x00000078   Code   RO          651    x$fpl$dleqf         fz_ws.l(dleqf.o)
    0x080070b0   0x080070b0   0x00000154   Code   RO          653    x$fpl$dmul          fz_ws.l(dmul.o)
    0x08007204   0x08007204   0x0000009c   Code   RO          778    x$fpl$dnaninf       fz_ws.l(dnaninf.o)
    0x080072a0   0x080072a0   0x0000000c   Code   RO          780    x$fpl$dretinf       fz_ws.l(dretinf.o)
    0x080072ac   0x080072ac   0x0000006c   Code   RO          655    x$fpl$drleqf        fz_ws.l(drleqf.o)
    0x08007318   0x08007318   0x000001d4   Code   RO          637    x$fpl$dsub          fz_ws.l(daddsub_clz.o)
    0x080074ec   0x080074ec   0x00000056   Code   RO          657    x$fpl$f2d           fz_ws.l(f2d.o)
    0x08007542   0x08007542   0x0000008c   Code   RO          782    x$fpl$fnaninf       fz_ws.l(fnaninf.o)
    0x080075ce   0x080075ce   0x0000000a   Code   RO          963    x$fpl$fretinf       fz_ws.l(fretinf.o)
    0x080075d8   0x080075d8   0x00000006   Code   RO          880    x$fpl$ieeestatus    fz_ws.l(istatus.o)
    0x080075de   0x080075de   0x00000004   Code   RO          659    x$fpl$printf1       fz_ws.l(printf1.o)
    0x080075e2   0x080075e2   0x00000064   Code   RO         1028    x$fpl$retnan        fz_ws.l(retnan.o)
    0x08007646   0x08007646   0x0000005c   Code   RO          965    x$fpl$scalbn        fz_ws.l(scalbn.o)
    0x080076a2   0x080076a2   0x00000004   Code   RO          661    x$fpl$scanf1        fz_ws.l(scanf1.o)
    0x080076a6   0x080076a6   0x00000008   Code   RO          882    x$fpl$scanf2        fz_ws.l(scanf2.o)
    0x080076ae   0x080076ae   0x00000030   Code   RO         1030    x$fpl$trapveneer    fz_ws.l(trapv.o)
    0x080076de   0x080076de   0x00000000   Code   RO          784    x$fpl$usenofp       fz_ws.l(usenofp.o)
    0x080076de   0x080076de   0x00000028   Data   RO          558    .constdata          c_w.l(_printf_hex_int.o)
    0x08007706   0x08007706   0x00000011   Data   RO          588    .constdata          c_w.l(__printf_flags_wp.o)
    0x08007717   0x08007717   0x00000001   PAD
    0x08007718   0x08007718   0x00000094   Data   RO          831    .constdata          c_w.l(bigflt0.o)
    0x080077ac   0x080077ac   0x00000020   Data   RO         1032    Region$$Table       anon$$obj.o
    0x080077cc   0x080077cc   0x00000008   Data   RO          874    c$$dinf             fz_ws.l(fpconst.o)
    0x080077d4   0x080077d4   0x00000008   Data   RO          877    c$$dmax             fz_ws.l(fpconst.o)
    0x080077dc   0x080077dc   0x00000110   Data   RO          855    locale$$data        c_w.l(lc_ctype_c.o)
    0x080078ec   0x080078ec   0x0000001c   Data   RO          858    locale$$data        c_w.l(lc_numeric_c.o)


    Execution Region RW_IRAM1 (Exec base: 0x20000000, Load base: 0x08007908, Size: 0x000013e0, Max: 0x0000c000, ABSOLUTE)

    Exec Addr    Load Addr    Size         Type   Attr      Idx    E Section Name        Object

    0x20000000   0x08007908   0x00000004   Data   RW            2    .data               main.o
    0x20000004   0x0800790c   0x00000014   Data   RW          194    .data               system_stm32f10x.o
    0x20000018   0x08007920   0x00000014   Data   RW          244    .data               cjson.o
    0x2000002c   0x08007934   0x00000006   Data   RW          311    .data               esp8266.o
    0x20000032   0x0800793a   0x00000004   Data   RW          345    .data               delay.o
    0x20000036   0x0800793e   0x00000002   PAD
    0x20000038   0x08007940   0x0000000a   Data   RW          376    .data               usart.o
    0x20000042   0x0800794a   0x00000014   Data   RW          431    .data               stm32f10x_rcc.o
    0x20000056   0x0800795e   0x00000002   PAD
    0x20000058   0x08007960   0x00000004   Data   RW          611    .data               c_w.l(strtok.o)
    0x2000005c        -       0x000000e2   Zero   RW          212    .bss                round_queue.o
    0x2000013e   0x08007964   0x00000002   PAD
    0x20000140        -       0x00000030   Zero   RW          227    .bss                packet.o
    0x20000170        -       0x0000000f   Zero   RW          243    .bss                cjson.o
    0x2000017f        -       0x00000116   Zero   RW          310    .bss                esp8266.o
    0x20000295   0x08007964   0x00000003   PAD
    0x20000298        -       0x000000e4   Zero   RW          607    .bss                c_w.l(rand.o)
    0x2000037c        -       0x00000060   Zero   RW          788    .bss                c_w.l(libspace.o)
    0x200003dc   0x08007964   0x00000004   PAD
    0x200003e0        -       0x00000c00   Zero   RW          412    HEAP                startup_stm32f10x_hd.o
    0x20000fe0        -       0x00000400   Zero   RW          411    STACK               startup_stm32f10x_hd.o


==============================================================================

Image component sizes


      Code (inc. data)   RO Data    RW Data    ZI Data      Debug   Object Name

      8792        178          0         20         15      42856   cjson.o
       212         18          0          4          0       1027   delay.o
       568        206          0          6        278       2412   esp8266.o
        72          0          0          0          0       1091   func.o
        80          8          0          0          0        491   led.o
       588         66          0          4          0     238483   main.o
       220         22          0          0          0       1785   misc.o
       624         18          0          0         48       3258   packet.o
       820          6          0          0        226       5319   round_queue.o
        64         26        304          0       4096        796   startup_stm32f10x_hd.o
       860         38          0          0          0       5717   stm32f10x_gpio.o
        26          0          0          0          0       1174   stm32f10x_it.o
       932         36          0         20          0       8888   stm32f10x_rcc.o
      1032         22          0          0          0       8444   stm32f10x_usart.o
         0          0          0          0          0         32   sys.o
       480         38          0         20          0       1719   system_stm32f10x.o
       640         28          0         10          0       5292   usart.o

    ----------------------------------------------------------------------
     16012        710        336         88       4668     328784   Object Totals
         0          0         32          0          0          0   (incl. Generated)
         2          0          0          4          5          0   (incl. Padding)

    ----------------------------------------------------------------------

      Code (inc. data)   RO Data    RW Data    ZI Data      Debug   Library Member Name

        60          8          0          0          0         84   __0sscanf.o
        44          6          0          0          0         84   __2sprintf.o
         8          0          0          0          0         68   __main.o
       312          4         17          0          0         92   __printf_flags_wp.o
        14          0          0          0          0         68   __printf_wp.o
         0          0          0          0          0          0   __rtentry.o
        12          0          0          0          0          0   __rtentry2.o
         6          0          0          0          0          0   __rtentry4.o
        52          8          0          0          0          0   __scatter.o
        26          0          0          0          0          0   __scatter_copy.o
        28          0          0          0          0          0   __scatter_zi.o
        28          0          0          0          0         68   _chval.o
        44          0          0          0          0        108   _printf_char.o
        48          6          0          0          0         96   _printf_char_common.o
         6          0          0          0          0          0   _printf_d.o
       120         16          0          0          0         92   _printf_dec.o
      1054          0          0          0          0        216   _printf_fp_dec.o
       128         16          0          0          0         84   _printf_fp_infnan.o
         6          0          0          0          0          0   _printf_g.o
        88          4         40          0          0         88   _printf_hex_int.o
         6          0          0          0          0          0   _printf_i.o
       178          0          0          0          0         88   _printf_intcommon.o
        78          0          0          0          0        108   _printf_pad.o
         0          0          0          0          0          0   _printf_percent.o
         4          0          0          0          0          0   _printf_percent_end.o
         6          0          0          0          0          0   _printf_s.o
        82          0          0          0          0         80   _printf_str.o
         6          0          0          0          0          0   _printf_x.o
        22          0          0          0          0        100   _rserrno.o
       884          6          0          0          0        100   _scanf.o
        64          0          0          0          0         84   _sgetc.o
        10          0          0          0          0         68   _sputc.o
       158          0          0          0          0         92   _strtoul.o
        26          0          0          0          0         80   atoi.o
       228          4        148          0          0         96   bigflt0.o
      2152        136          0          0          0        960   btod.o
        10          0          0          0          0         68   defsig_exit.o
        50          0          0          0          0         88   defsig_general.o
        80         58          0          0          0         76   defsig_rtmem_inner.o
        14          0          0          0          0         80   defsig_rtmem_outer.o
        18          0          0          0          0         80   exit.o
        94          0          0          0          0         80   h1_alloc.o
        52          0          0          0          0         68   h1_extend.o
        78          0          0          0          0         80   h1_free.o
        14          0          0          0          0         84   h1_init.o
       184          0          0          0          0         92   h1_realloc.o
         6          0          0          0          0        152   heapauxi.o
         4          0          0          0          0        136   hguard.o
       138          0          0          0          0        168   init_alloc.o
        18          0          0          0          0         76   isspace.o
        44         10        272          0          0         76   lc_ctype_c.o
        44         10         28          0          0         76   lc_numeric_c.o
         2          0          0          0          0          0   libinit.o
        42          0          0          0          0          0   libinit2.o
         2          0          0          0          0          0   libshutdown.o
         2          0          0          0          0          0   libshutdown2.o
         8          4          0          0         96         68   libspace.o
        38          0          0          0          0         68   llshl.o
       138          0          0          0          0         80   lludiv10.o
         0          0          0          0          0          0   maybetermalloc1.o
       112         18          0          0        228        160   rand.o
        16          4          0          0          0         76   rt_ctype_table.o
         8          4          0          0          0         68   rt_errno_addr_intlibspace.o
         8          4          0          0          0         68   rt_heap_descriptor_intlibspace.o
         8          4          0          0          0         68   rt_locale_intlibspace.o
        68          0          0          0          0         68   rt_memclr.o
        78          0          0          0          0         80   rt_memclr_w.o
       138          0          0          0          0         68   rt_memcpy_v6.o
       100          0          0          0          0         80   rt_memcpy_w.o
         2          0          0          0          0          0   rtexit.o
        10          0          0          0          0          0   rtexit2.o
        44          8          0          0          0         84   scanf_char.o
      1272         16          0          0          0        168   scanf_fp.o
       800         14          0          0          0        100   scanf_hexfp.o
       308         16          0          0          0        100   scanf_infnan.o
       128          0          0          0          0         68   strcmpv7m.o
        72          0          0          0          0         80   strcpy.o
        32          0          0          0          0         80   strcspn.o
        62          0          0          0          0         76   strlen.o
       150          0          0          0          0         80   strncmp.o
        86          0          0          0          0         76   strncpy.o
        28          0          0          0          0         80   strspn.o
        36          0          0          0          0         80   strstr.o
       164         14          0          0          0        120   strtod.o
        12          6          0          4          0         68   strtok.o
        68          4          0          0          0         84   strtok_int.o
       112          0          0          0          0         88   strtol.o
        74          0          0          0          0         80   sys_stackheap_outer.o
        26          0          0          0          0         76   tolower.o
         2          0          0          0          0         68   use_no_semi.o
         2          0          0          0          0         68   use_no_semi_2.o
        98          4          0          0          0         92   d2f.o
       804         16          0          0          0        272   daddsub_clz.o
        16          4          0          0          0         68   dcheck1.o
        24          0          0          0          0         68   dcmpi.o
       120          4          0          0          0         92   deqf.o
        94          4          0          0          0         92   dfix.o
        84          0          0          0          0        136   dflt_clz.o
       120          4          0          0          0         92   dleqf.o
       340         12          0          0          0        104   dmul.o
       156          4          0          0          0         92   dnaninf.o
        12          0          0          0          0         68   dretinf.o
       108          0          0          0          0         80   drleqf.o
        86          4          0          0          0         84   f2d.o
       140          4          0          0          0         84   fnaninf.o
         0          0         16          0          0          0   fpconst.o
        10          0          0          0          0         68   fretinf.o
         6          0          0          0          0         68   istatus.o
         4          0          0          0          0         68   printf1.o
       100          0          0          0          0         68   retnan.o
        92          0          0          0          0         68   scalbn.o
         4          0          0          0          0         68   scanf1.o
         8          0          0          0          0         84   scanf2.o
        48          0          0          0          0         68   trapv.o
         0          0          0          0          0          0   usenofp.o
        30          6          0          0          0        136   dunder.o
        40          0          0          0          0         68   fpclassify.o
        88          8          0          0          0         76   frexp.o
       138          0          0          0          0        160   ldexp.o
       204          4          0          0          0        168   narrow.o
        28          0          0          0          0         80   strtod.o

    ----------------------------------------------------------------------
     14114        486        522          4        328       9832   Library Totals
        18          0          1          0          4          0   (incl. Padding)

    ----------------------------------------------------------------------

      Code (inc. data)   RO Data    RW Data    ZI Data      Debug   Library Name

     11094        408        505          4        324       7160   c_w.l
      2474         60         16          0          0       1984   fz_ws.l
       528         18          0          0          0        688   m_ws.l

    ----------------------------------------------------------------------
     14114        486        522          4        328       9832   Library Totals

    ----------------------------------------------------------------------

==============================================================================


      Code (inc. data)   RO Data    RW Data    ZI Data      Debug   

     30126       1196        858         92       4996     331384   Grand Totals
     30126       1196        858         92       4996     331384   ELF Image Totals
     30126       1196        858         92          0          0   ROM Totals

==============================================================================

    Total RO  Size (Code + RO Data)                30984 (  30.26kB)
    Total RW  Size (RW Data + ZI Data)              5088 (   4.97kB)
    Total ROM Size (Code + RO Data + RW Data)      31076 (  30.35kB)

==============================================================================

